ASxxxx Linker V03.00 + NoICE + sdld,  page 1.
Hexadecimal  [32-Bits]

Area                                    Addr        Size        Decimal Bytes (Attributes)
--------------------------------        ----        ----        ------- ----- ------------
CABS                                00000000    00000000 =           0. bytes (ABS,CON,CODE)

      Value  Global                              Global Defined In Module
      -----  --------------------------------   ------------------------
C:   00000000  l_BIT_BANK                      
C:   00000000  l_CABS                          
C:   00000000  l_GSINIT1                       
C:   00000000  l_GSINIT5                       
C:   00000000  l_IABS                          
C:   00000000  l_PSEG                          
C:   00000000  l_REG_BANK_1                    
C:   00000000  l_REG_BANK_2                    
C:   00000000  l_REG_BANK_3                    
C:   00000000  l_RSEG                          
C:   00000000  l_RSEG0                         
C:   00000000  l_RSEG1                         
C:   00000000  l_XABS                          
C:   00000000  l_XINIT                         
C:   00000000  l_XISEG                         
C:   00000000  l_XSEG                          
C:   00000000  l__CODE                         
C:   00000000  s_BSEG                          
C:   00000000  s_CABS                          
C:   00000000  s_DSEG                          
C:   00000000  s_HOME                          
C:   00000000  s_IABS                          
C:   00000000  s_REG_BANK_0                    
C:   00000000  s_RSEG                          
C:   00000000  s_RSEG0                         
C:   00000000  s_RSEG1                         
C:   00000000  s_XABS                          
C:   00000001  s_PSEG                          
C:   00000001  s_XISEG                         
C:   00000001  s_XSEG                          
C:   00000002  l_BSEG_BYTES                    
C:   00000003  l_GSFINAL                       
C:   00000003  l_GSINIT0                       
C:   00000006  l_ISEG                          
C:   00000006  l_OSEG                          
C:   00000008  l_REG_BANK_0                    
C:   00000008  s_REG_BANK_1                    
C:   0000000A  l_BSEG                          
C:   0000000A  l_GSINIT2                       
C:   0000000E  s_OSEG                          
C:   00000010  s_REG_BANK_2                    
C:   00000011  l_HOME                          
C:   00000011  s_GSINIT0                       
C:   00000014  s_GSINIT1                       
C:   00000014  s_GSINIT2                       
C:   00000014  s_ISEG                          
C:   00000018  s_BIT_BANK                      
C:   00000018  s_REG_BANK_3                    
C:   0000001E  s_GSINIT3                       
C:   00000020  s_BSEG_BYTES                    
ASxxxx Linker V03.00 + NoICE + sdld,  page 2.
Hexadecimal  [32-Bits]

Area                                    Addr        Size        Decimal Bytes (Attributes)
--------------------------------        ----        ----        ------- ----- ------------
CABS                                00000000    00000000 =           0. bytes (ABS,CON,CODE)

      Value  Global                              Global Defined In Module
      -----  --------------------------------   ------------------------
C:   00000020  s__CODE                         
C:   00000022  l_GSINIT3                       
C:   0000002A  l_GSINIT4                       
C:   0000002C  l_GSINIT                        
C:   00000040  s_GSINIT4                       
C:   00000065  s_SSEG                          
C:   0000006A  s_GSINIT                        
C:   0000006A  s_GSINIT5                       
C:   0000007A  l_DSEG                          
C:   00000096  s_GSFINAL                       
C:   00000099  s_CSEG                          
C:   0000009B  l_SSEG                          
C:   00000100  l_IRAM                          
C:   000001B8  l_CONST                         
C:   00000D74  l_CSEG                          
C:   00000E0D  s_CONST                         
C:   00000FC5  s_XINIT                         

ASxxxx Linker V03.00 + NoICE + sdld,  page 3.
Hexadecimal  [32-Bits]

Area                                    Addr        Size        Decimal Bytes (Attributes)
--------------------------------        ----        ----        ------- ----- ------------
.  .ABS.                            00000000    00000000 =           0. bytes (ABS,CON)

      Value  Global                              Global Defined In Module
      -----  --------------------------------   ------------------------
     00000000  .__.ABS.                           _bp
     00000080  G$P0$0$0                           LAB2End23
     00000080  G$P0_0$0$0                         LAB2End23
     00000080  _P0                                LAB2End23
     00000080  _P0_0                              LAB2End23
     00000081  G$P0_1$0$0                         LAB2End23
     00000081  G$SP$0$0                           LAB2End23
     00000081  _P0_1                              LAB2End23
     00000081  _SP                                LAB2End23
     00000082  G$DPL$0$0                          LAB2End23
     00000082  G$P0_2$0$0                         LAB2End23
     00000082  _DPL                               LAB2End23
     00000082  _P0_2                              LAB2End23
     00000083  G$DPH$0$0                          LAB2End23
     00000083  G$P0_3$0$0                         LAB2End23
     00000083  _DPH                               LAB2End23
     00000083  _P0_3                              LAB2End23
     00000084  G$P0_4$0$0                         LAB2End23
     00000084  G$P4$0$0                           LAB2End23
     00000084  _P0_4                              LAB2End23
     00000084  _P4                                LAB2End23
     00000085  G$P0_5$0$0                         LAB2End23
     00000085  G$P5$0$0                           LAB2End23
     00000085  _P0_5                              LAB2End23
     00000085  _P5                                LAB2End23
     00000086  G$P0_6$0$0                         LAB2End23
     00000086  G$P6$0$0                           LAB2End23
     00000086  G$SS$0$0                           LAB2End23
     00000086  _P0_6                              LAB2End23
     00000086  _P6                                LAB2End23
     00000086  _SS                                LAB2End23
     00000087  G$P0_7$0$0                         LAB2End23
     00000087  G$PCON$0$0                         LAB2End23
     00000087  _P0_7                              LAB2End23
     00000087  _PCON                              LAB2End23
     00000088  G$IT0$0$0                          LAB2End23
     00000088  G$TCON$0$0                         LAB2End23
     00000088  _IT0                               LAB2End23
     00000088  _TCON                              LAB2End23
     00000089  G$IE0$0$0                          LAB2End23
     00000089  G$TMOD$0$0                         LAB2End23
     00000089  _IE0                               LAB2End23
     00000089  _TMOD                              LAB2End23
     0000008A  G$IT1$0$0                          LAB2End23
     0000008A  G$TL0$0$0                          LAB2End23
     0000008A  _IT1                               LAB2End23
     0000008A  _TL0                               LAB2End23
     0000008B  G$IE1$0$0                          LAB2End23
     0000008B  G$TL1$0$0                          LAB2End23
     0000008B  _IE1                               LAB2End23
ASxxxx Linker V03.00 + NoICE + sdld,  page 4.
Hexadecimal  [32-Bits]

Area                                    Addr        Size        Decimal Bytes (Attributes)
--------------------------------        ----        ----        ------- ----- ------------
.  .ABS.                            00000000    00000000 =           0. bytes (ABS,CON)

      Value  Global                              Global Defined In Module
      -----  --------------------------------   ------------------------
     0000008B  _TL1                               LAB2End23
     0000008C  G$TH0$0$0                          LAB2End23
     0000008C  G$TR0$0$0                          LAB2End23
     0000008C  _TH0                               LAB2End23
     0000008C  _TR0                               LAB2End23
     0000008D  G$TF0$0$0                          LAB2End23
     0000008D  G$TH1$0$0                          LAB2End23
     0000008D  _TF0                               LAB2End23
     0000008D  _TH1                               LAB2End23
     0000008E  G$CKCON$0$0                        LAB2End23
     0000008E  G$TR1$0$0                          LAB2End23
     0000008E  _CKCON                             LAB2End23
     0000008E  _TR1                               LAB2End23
     0000008F  G$PSCTL$0$0                        LAB2End23
     0000008F  G$TF1$0$0                          LAB2End23
     0000008F  _PSCTL                             LAB2End23
     0000008F  _TF1                               LAB2End23
     00000090  G$P1$0$0                           LAB2End23
     00000090  G$P1_0$0$0                         LAB2End23
     00000090  G$PB0$0$0                          LAB2End23
     00000090  _P1                                LAB2End23
     00000090  _P1_0                              LAB2End23
     00000090  _PB0                               LAB2End23
     00000091  G$P1_1$0$0                         LAB2End23
     00000091  G$TMR3CN$0$0                       LAB2End23
     00000091  _P1_1                              LAB2End23
     00000091  _TMR3CN                            LAB2End23
     00000092  G$P1_2$0$0                         LAB2End23
     00000092  G$PB1$0$0                          LAB2End23
     00000092  G$TMR3RLL$0$0                      LAB2End23
     00000092  _P1_2                              LAB2End23
     00000092  _PB1                               LAB2End23
     00000092  _TMR3RLL                           LAB2End23
     00000093  G$P1_3$0$0                         LAB2End23
     00000093  G$TMR3RLH$0$0                      LAB2End23
     00000093  _P1_3                              LAB2End23
     00000093  _TMR3RLH                           LAB2End23
     00000094  G$P1_4$0$0                         LAB2End23
     00000094  G$PB2$0$0                          LAB2End23
     00000094  G$TMR3L$0$0                        LAB2End23
     00000094  _P1_4                              LAB2End23
     00000094  _PB2                               LAB2End23
     00000094  _TMR3L                             LAB2End23
     00000095  G$P1_5$0$0                         LAB2End23
     00000095  G$TMR3H$0$0                        LAB2End23
     00000095  _P1_5                              LAB2End23
     00000095  _TMR3H                             LAB2End23
     00000096  G$P1_6$0$0                         LAB2End23
     00000096  G$P7$0$0                           LAB2End23
     00000096  G$PB3$0$0                          LAB2End23
     00000096  _P1_6                              LAB2End23
ASxxxx Linker V03.00 + NoICE + sdld,  page 5.
Hexadecimal  [32-Bits]

Area                                    Addr        Size        Decimal Bytes (Attributes)
--------------------------------        ----        ----        ------- ----- ------------
.  .ABS.                            00000000    00000000 =           0. bytes (ABS,CON)

      Value  Global                              Global Defined In Module
      -----  --------------------------------   ------------------------
     00000096  _P7                                LAB2End23
     00000096  _PB3                               LAB2End23
     00000097  G$P1_7$0$0                         LAB2End23
     00000097  _P1_7                              LAB2End23
     00000098  G$RI$0$0                           LAB2End23
     00000098  G$RI0$0$0                          LAB2End23
     00000098  G$SCON$0$0                         LAB2End23
     00000098  G$SCON0$0$0                        LAB2End23
     00000098  _RI                                LAB2End23
     00000098  _RI0                               LAB2End23
     00000098  _SCON                              LAB2End23
     00000098  _SCON0                             LAB2End23
     00000099  G$SBUF$0$0                         LAB2End23
     00000099  G$SBUF0$0$0                        LAB2End23
     00000099  G$TI$0$0                           LAB2End23
     00000099  G$TI0$0$0                          LAB2End23
     00000099  _SBUF                              LAB2End23
     00000099  _SBUF0                             LAB2End23
     00000099  _TI                                LAB2End23
     00000099  _TI0                               LAB2End23
     0000009A  G$RB8$0$0                          LAB2End23
     0000009A  G$RB80$0$0                         LAB2End23
     0000009A  G$SPI0CFG$0$0                      LAB2End23
     0000009A  _RB8                               LAB2End23
     0000009A  _RB80                              LAB2End23
     0000009A  _SPI0CFG                           LAB2End23
     0000009B  G$SPI0DAT$0$0                      LAB2End23
     0000009B  G$TB8$0$0                          LAB2End23
     0000009B  G$TB80$0$0                         LAB2End23
     0000009B  _SPI0DAT                           LAB2End23
     0000009B  _TB8                               LAB2End23
     0000009B  _TB80                              LAB2End23
     0000009C  G$ADC1$0$0                         LAB2End23
     0000009C  G$REN$0$0                          LAB2End23
     0000009C  G$REN0$0$0                         LAB2End23
     0000009C  _ADC1                              LAB2End23
     0000009C  _REN                               LAB2End23
     0000009C  _REN0                              LAB2End23
     0000009D  G$MCE0$0$0                         LAB2End23
     0000009D  G$SM2$0$0                          LAB2End23
     0000009D  G$SM20$0$0                         LAB2End23
     0000009D  G$SPI0CKR$0$0                      LAB2End23
     0000009D  _MCE0                              LAB2End23
     0000009D  _SM2                               LAB2End23
     0000009D  _SM20                              LAB2End23
     0000009D  _SPI0CKR                           LAB2End23
     0000009E  G$CPT0CN$0$0                       LAB2End23
     0000009E  G$SM1$0$0                          LAB2End23
     0000009E  G$SM10$0$0                         LAB2End23
     0000009E  _CPT0CN                            LAB2End23
     0000009E  _SM1                               LAB2End23
ASxxxx Linker V03.00 + NoICE + sdld,  page 6.
Hexadecimal  [32-Bits]

Area                                    Addr        Size        Decimal Bytes (Attributes)
--------------------------------        ----        ----        ------- ----- ------------
.  .ABS.                            00000000    00000000 =           0. bytes (ABS,CON)

      Value  Global                              Global Defined In Module
      -----  --------------------------------   ------------------------
     0000009E  _SM10                              LAB2End23
     0000009F  G$CPT1CN$0$0                       LAB2End23
     0000009F  G$S0MODE$0$0                       LAB2End23
     0000009F  G$SM0$0$0                          LAB2End23
     0000009F  G$SM00$0$0                         LAB2End23
     0000009F  _CPT1CN                            LAB2End23
     0000009F  _S0MODE                            LAB2End23
     0000009F  _SM0                               LAB2End23
     0000009F  _SM00                              LAB2End23
     000000A0  G$P2$0$0                           LAB2End23
     000000A0  G$P2_0$0$0                         LAB2End23
     000000A0  _P2                                LAB2End23
     000000A0  _P2_0                              LAB2End23
     000000A1  G$BILED0$0$0                       LAB2End23
     000000A1  G$EMI0TC$0$0                       LAB2End23
     000000A1  G$P2_1$0$0                         LAB2End23
     000000A1  _BILED0                            LAB2End23
     000000A1  _EMI0TC                            LAB2End23
     000000A1  _P2_1                              LAB2End23
     000000A2  G$P2_2$0$0                         LAB2End23
     000000A2  _P2_2                              LAB2End23
     000000A3  G$BILED1$0$0                       LAB2End23
     000000A3  G$EMI0CF$0$0                       LAB2End23
     000000A3  G$P2_3$0$0                         LAB2End23
     000000A3  _BILED1                            LAB2End23
     000000A3  _EMI0CF                            LAB2End23
     000000A3  _P2_3                              LAB2End23
     000000A4  G$P0MDOUT$0$0                      LAB2End23
     000000A4  G$P2_4$0$0                         LAB2End23
     000000A4  G$PRT0CF$0$0                       LAB2End23
     000000A4  _P0MDOUT                           LAB2End23
     000000A4  _P2_4                              LAB2End23
     000000A4  _PRT0CF                            LAB2End23
     000000A5  G$Buzzer$0$0                       LAB2End23
     000000A5  G$P1MDOUT$0$0                      LAB2End23
     000000A5  G$P2_5$0$0                         LAB2End23
     000000A5  G$PRT1CF$0$0                       LAB2End23
     000000A5  _Buzzer                            LAB2End23
     000000A5  _P1MDOUT                           LAB2End23
     000000A5  _P2_5                              LAB2End23
     000000A5  _PRT1CF                            LAB2End23
     000000A6  G$P2MDOUT$0$0                      LAB2End23
     000000A6  G$P2_6$0$0                         LAB2End23
     000000A6  G$PRT2CF$0$0                       LAB2End23
     000000A6  _P2MDOUT                           LAB2End23
     000000A6  _P2_6                              LAB2End23
     000000A6  _PRT2CF                            LAB2End23
     000000A7  G$P2_7$0$0                         LAB2End23
     000000A7  G$P3MDOUT$0$0                      LAB2End23
     000000A7  G$PRT3CF$0$0                       LAB2End23
     000000A7  _P2_7                              LAB2End23
ASxxxx Linker V03.00 + NoICE + sdld,  page 7.
Hexadecimal  [32-Bits]

Area                                    Addr        Size        Decimal Bytes (Attributes)
--------------------------------        ----        ----        ------- ----- ------------
.  .ABS.                            00000000    00000000 =           0. bytes (ABS,CON)

      Value  Global                              Global Defined In Module
      -----  --------------------------------   ------------------------
     000000A7  _P3MDOUT                           LAB2End23
     000000A7  _PRT3CF                            LAB2End23
     000000A8  G$EX0$0$0                          LAB2End23
     000000A8  G$IE$0$0                           LAB2End23
     000000A8  _EX0                               LAB2End23
     000000A8  _IE                                LAB2End23
     000000A9  G$ET0$0$0                          LAB2End23
     000000A9  G$SADDR0$0$0                       LAB2End23
     000000A9  _ET0                               LAB2End23
     000000A9  _SADDR0                            LAB2End23
     000000AA  G$ADC1CN$0$0                       LAB2End23
     000000AA  G$EX1$0$0                          LAB2End23
     000000AA  _ADC1CN                            LAB2End23
     000000AA  _EX1                               LAB2End23
     000000AB  G$ADC1CF$0$0                       LAB2End23
     000000AB  G$ET1$0$0                          LAB2End23
     000000AB  _ADC1CF                            LAB2End23
     000000AB  _ET1                               LAB2End23
     000000AC  G$AMX1SL$0$0                       LAB2End23
     000000AC  G$ES$0$0                           LAB2End23
     000000AC  G$ES0$0$0                          LAB2End23
     000000AC  _AMX1SL                            LAB2End23
     000000AC  _ES                                LAB2End23
     000000AC  _ES0                               LAB2End23
     000000AD  G$ET2$0$0                          LAB2End23
     000000AD  G$P3IF$0$0                         LAB2End23
     000000AD  _ET2                               LAB2End23
     000000AD  _P3IF                              LAB2End23
     000000AE  G$SADEN1$0$0                       LAB2End23
     000000AE  _SADEN1                            LAB2End23
     000000AF  G$EA$0$0                           LAB2End23
     000000AF  G$EMI0CN$0$0                       LAB2End23
     000000AF  G$_XPAGE$0$0                       LAB2End23
     000000AF  _EA                                LAB2End23
     000000AF  _EMI0CN                            LAB2End23
     000000AF  __XPAGE                            LAB2End23
     000000B0  G$LED2$0$0                         LAB2End23
     000000B0  G$P3$0$0                           LAB2End23
     000000B0  G$P3_0$0$0                         LAB2End23
     000000B0  _LED2                              LAB2End23
     000000B0  _P3                                LAB2End23
     000000B0  _P3_0                              LAB2End23
     000000B1  G$LED3$0$0                         LAB2End23
     000000B1  G$OSCXCN$0$0                       LAB2End23
     000000B1  G$P3_1$0$0                         LAB2End23
     000000B1  _LED3                              LAB2End23
     000000B1  _OSCXCN                            LAB2End23
     000000B1  _P3_1                              LAB2End23
     000000B2  G$OSCICN$0$0                       LAB2End23
     000000B2  G$P3_2$0$0                         LAB2End23
     000000B2  _OSCICN                            LAB2End23
ASxxxx Linker V03.00 + NoICE + sdld,  page 8.
Hexadecimal  [32-Bits]

Area                                    Addr        Size        Decimal Bytes (Attributes)
--------------------------------        ----        ----        ------- ----- ------------
.  .ABS.                            00000000    00000000 =           0. bytes (ABS,CON)

      Value  Global                              Global Defined In Module
      -----  --------------------------------   ------------------------
     000000B2  _P3_2                              LAB2End23
     000000B3  G$LED1$0$0                         LAB2End23
     000000B3  G$P3_3$0$0                         LAB2End23
     000000B3  _LED1                              LAB2End23
     000000B3  _P3_3                              LAB2End23
     000000B4  G$LED0$0$0                         LAB2End23
     000000B4  G$P3_4$0$0                         LAB2End23
     000000B4  _LED0                              LAB2End23
     000000B4  _P3_4                              LAB2End23
     000000B5  G$P3_5$0$0                         LAB2End23
     000000B5  G$P74OUT$0$0                       LAB2End23
     000000B5  _P3_5                              LAB2End23
     000000B5  _P74OUT                            LAB2End23
     000000B6  G$FLSCL$0$0                        LAB2End23
     000000B6  G$P3_6$0$0                         LAB2End23
     000000B6  _FLSCL                             LAB2End23
     000000B6  _P3_6                              LAB2End23
     000000B7  G$FLACL$0$0                        LAB2End23
     000000B7  G$P3_7$0$0                         LAB2End23
     000000B7  _FLACL                             LAB2End23
     000000B7  _P3_7                              LAB2End23
     000000B8  G$IP$0$0                           LAB2End23
     000000B8  G$PX0$0$0                          LAB2End23
     000000B8  _IP                                LAB2End23
     000000B8  _PX0                               LAB2End23
     000000B9  G$PT0$0$0                          LAB2End23
     000000B9  G$SADEN0$0$0                       LAB2End23
     000000B9  _PT0                               LAB2End23
     000000B9  _SADEN0                            LAB2End23
     000000BA  G$AMX0CF$0$0                       LAB2End23
     000000BA  G$PX1$0$0                          LAB2End23
     000000BA  _AMX0CF                            LAB2End23
     000000BA  _PX1                               LAB2End23
     000000BB  G$AMX0SL$0$0                       LAB2End23
     000000BB  G$PT1$0$0                          LAB2End23
     000000BB  _AMX0SL                            LAB2End23
     000000BB  _PT1                               LAB2End23
     000000BC  G$ADC0CF$0$0                       LAB2End23
     000000BC  G$PS$0$0                           LAB2End23
     000000BC  G$PS0$0$0                          LAB2End23
     000000BC  _ADC0CF                            LAB2End23
     000000BC  _PS                                LAB2End23
     000000BC  _PS0                               LAB2End23
     000000BD  G$P1MDIN$0$0                       LAB2End23
     000000BD  G$PT2$0$0                          LAB2End23
     000000BD  _P1MDIN                            LAB2End23
     000000BD  _PT2                               LAB2End23
     000000BE  G$ADC0L$0$0                        LAB2End23
     000000BE  _ADC0L                             LAB2End23
     000000BF  G$ADC0H$0$0                        LAB2End23
     000000BF  _ADC0H                             LAB2End23
ASxxxx Linker V03.00 + NoICE + sdld,  page 9.
Hexadecimal  [32-Bits]

Area                                    Addr        Size        Decimal Bytes (Attributes)
--------------------------------        ----        ----        ------- ----- ------------
.  .ABS.                            00000000    00000000 =           0. bytes (ABS,CON)

      Value  Global                              Global Defined In Module
      -----  --------------------------------   ------------------------
     000000C0  G$SMB0CN$0$0                       LAB2End23
     000000C0  G$SMBTOE$0$0                       LAB2End23
     000000C0  _SMB0CN                            LAB2End23
     000000C0  _SMBTOE                            LAB2End23
     000000C1  G$SMB0STA$0$0                      LAB2End23
     000000C1  G$SMBFTE$0$0                       LAB2End23
     000000C1  _SMB0STA                           LAB2End23
     000000C1  _SMBFTE                            LAB2End23
     000000C2  G$AA$0$0                           LAB2End23
     000000C2  G$SMB0DAT$0$0                      LAB2End23
     000000C2  _AA                                LAB2End23
     000000C2  _SMB0DAT                           LAB2End23
     000000C3  G$SI$0$0                           LAB2End23
     000000C3  G$SMB0ADR$0$0                      LAB2End23
     000000C3  _SI                                LAB2End23
     000000C3  _SMB0ADR                           LAB2End23
     000000C4  G$ADC0GTL$0$0                      LAB2End23
     000000C4  G$STO$0$0                          LAB2End23
     000000C4  _ADC0GTL                           LAB2End23
     000000C4  _STO                               LAB2End23
     000000C5  G$ADC0GTH$0$0                      LAB2End23
     000000C5  G$STA$0$0                          LAB2End23
     000000C5  _ADC0GTH                           LAB2End23
     000000C5  _STA                               LAB2End23
     000000C6  G$ADC0LTL$0$0                      LAB2End23
     000000C6  G$ENSMB$0$0                        LAB2End23
     000000C6  _ADC0LTL                           LAB2End23
     000000C6  _ENSMB                             LAB2End23
     000000C7  G$ADC0LTH$0$0                      LAB2End23
     000000C7  G$BUSY$0$0                         LAB2End23
     000000C7  _ADC0LTH                           LAB2End23
     000000C7  _BUSY                              LAB2End23
     000000C8  G$CPRL2$0$0                        LAB2End23
     000000C8  G$T2CON$0$0                        LAB2End23
     000000C8  _CPRL2                             LAB2End23
     000000C8  _T2CON                             LAB2End23
     000000C9  G$CT2$0$0                          LAB2End23
     000000C9  G$T4CON$0$0                        LAB2End23
     000000C9  _CT2                               LAB2End23
     000000C9  _T4CON                             LAB2End23
     000000CA  G$RCAP2L$0$0                       LAB2End23
     000000CA  G$TR2$0$0                          LAB2End23
     000000CA  _RCAP2L                            LAB2End23
     000000CA  _TR2                               LAB2End23
     000000CB  G$EXEN2$0$0                        LAB2End23
     000000CB  G$RCAP2H$0$0                       LAB2End23
     000000CB  _EXEN2                             LAB2End23
     000000CB  _RCAP2H                            LAB2End23
     000000CC  G$TCLK$0$0                         LAB2End23
     000000CC  G$TL2$0$0                          LAB2End23
     000000CC  _TCLK                              LAB2End23
ASxxxx Linker V03.00 + NoICE + sdld,  page 10.
Hexadecimal  [32-Bits]

Area                                    Addr        Size        Decimal Bytes (Attributes)
--------------------------------        ----        ----        ------- ----- ------------
.  .ABS.                            00000000    00000000 =           0. bytes (ABS,CON)

      Value  Global                              Global Defined In Module
      -----  --------------------------------   ------------------------
     000000CC  _TL2                               LAB2End23
     000000CD  G$RCLK$0$0                         LAB2End23
     000000CD  G$TH2$0$0                          LAB2End23
     000000CD  _RCLK                              LAB2End23
     000000CD  _TH2                               LAB2End23
     000000CE  G$EXF2$0$0                         LAB2End23
     000000CE  _EXF2                              LAB2End23
     000000CF  G$SMB0CR$0$0                       LAB2End23
     000000CF  G$TF2$0$0                          LAB2End23
     000000CF  _SMB0CR                            LAB2End23
     000000CF  _TF2                               LAB2End23
     000000D0  G$P$0$0                            LAB2End23
     000000D0  G$PSW$0$0                          LAB2End23
     000000D0  _P                                 LAB2End23
     000000D0  _PSW                               LAB2End23
     000000D1  G$F1$0$0                           LAB2End23
     000000D1  G$REF0CN$0$0                       LAB2End23
     000000D1  _F1                                LAB2End23
     000000D1  _REF0CN                            LAB2End23
     000000D2  G$DAC0L$0$0                        LAB2End23
     000000D2  G$OV$0$0                           LAB2End23
     000000D2  _DAC0L                             LAB2End23
     000000D2  _OV                                LAB2End23
     000000D3  G$DAC0H$0$0                        LAB2End23
     000000D3  G$RS0$0$0                          LAB2End23
     000000D3  _DAC0H                             LAB2End23
     000000D3  _RS0                               LAB2End23
     000000D4  G$DAC0CN$0$0                       LAB2End23
     000000D4  G$RS1$0$0                          LAB2End23
     000000D4  _DAC0CN                            LAB2End23
     000000D4  _RS1                               LAB2End23
     000000D5  G$DAC1L$0$0                        LAB2End23
     000000D5  G$F0$0$0                           LAB2End23
     000000D5  _DAC1L                             LAB2End23
     000000D5  _F0                                LAB2End23
     000000D6  G$AC$0$0                           LAB2End23
     000000D6  G$DAC1H$0$0                        LAB2End23
     000000D6  _AC                                LAB2End23
     000000D6  _DAC1H                             LAB2End23
     000000D7  G$CY$0$0                           LAB2End23
     000000D7  G$DAC1CN$0$0                       LAB2End23
     000000D7  _CY                                LAB2End23
     000000D7  _DAC1CN                            LAB2End23
     000000D8  G$CCF0$0$0                         LAB2End23
     000000D8  G$PCA0CN$0$0                       LAB2End23
     000000D8  _CCF0                              LAB2End23
     000000D8  _PCA0CN                            LAB2End23
     000000D9  G$CCF1$0$0                         LAB2End23
     000000D9  G$PCA0MD$0$0                       LAB2End23
     000000D9  _CCF1                              LAB2End23
     000000D9  _PCA0MD                            LAB2End23
ASxxxx Linker V03.00 + NoICE + sdld,  page 11.
Hexadecimal  [32-Bits]

Area                                    Addr        Size        Decimal Bytes (Attributes)
--------------------------------        ----        ----        ------- ----- ------------
.  .ABS.                            00000000    00000000 =           0. bytes (ABS,CON)

      Value  Global                              Global Defined In Module
      -----  --------------------------------   ------------------------
     000000DA  G$CCF2$0$0                         LAB2End23
     000000DA  G$PCA0CPM0$0$0                     LAB2End23
     000000DA  _CCF2                              LAB2End23
     000000DA  _PCA0CPM0                          LAB2End23
     000000DB  G$CCF3$0$0                         LAB2End23
     000000DB  G$PCA0CPM1$0$0                     LAB2End23
     000000DB  _CCF3                              LAB2End23
     000000DB  _PCA0CPM1                          LAB2End23
     000000DC  G$CCF4$0$0                         LAB2End23
     000000DC  G$PCA0CPM2$0$0                     LAB2End23
     000000DC  _CCF4                              LAB2End23
     000000DC  _PCA0CPM2                          LAB2End23
     000000DD  G$PCA0CPM3$0$0                     LAB2End23
     000000DD  _PCA0CPM3                          LAB2End23
     000000DE  G$CR$0$0                           LAB2End23
     000000DE  G$PCA0CPM4$0$0                     LAB2End23
     000000DE  _CR                                LAB2End23
     000000DE  _PCA0CPM4                          LAB2End23
     000000DF  G$CF$0$0                           LAB2End23
     000000DF  _CF                                LAB2End23
     000000E0  G$ACC$0$0                          LAB2End23
     000000E0  _ACC                               LAB2End23
     000000E1  G$XBR0$0$0                         LAB2End23
     000000E1  _XBR0                              LAB2End23
     000000E2  G$XBR1$0$0                         LAB2End23
     000000E2  _XBR1                              LAB2End23
     000000E3  G$XBR2$0$0                         LAB2End23
     000000E3  _XBR2                              LAB2End23
     000000E4  G$RCAP4L$0$0                       LAB2End23
     000000E4  _RCAP4L                            LAB2End23
     000000E5  G$RCAP4H$0$0                       LAB2End23
     000000E5  _RCAP4H                            LAB2End23
     000000E6  G$EIE1$0$0                         LAB2End23
     000000E6  _EIE1                              LAB2End23
     000000E7  G$EIE2$0$0                         LAB2End23
     000000E7  _EIE2                              LAB2End23
     000000E8  G$AD0LJST$0$0                      LAB2End23
     000000E8  G$ADC0CN$0$0                       LAB2End23
     000000E8  G$ADLJST$0$0                       LAB2End23
     000000E8  _AD0LJST                           LAB2End23
     000000E8  _ADC0CN                            LAB2End23
     000000E8  _ADLJST                            LAB2End23
     000000E9  G$AD0WINT$0$0                      LAB2End23
     000000E9  G$ADWINT$0$0                       LAB2End23
     000000E9  G$PCA0L$0$0                        LAB2End23
     000000E9  _AD0WINT                           LAB2End23
     000000E9  _ADWINT                            LAB2End23
     000000E9  _PCA0L                             LAB2End23
     000000EA  G$AD0CM0$0$0                       LAB2End23
     000000EA  G$ADSTM0$0$0                       LAB2End23
     000000EA  G$PCA0CPL0$0$0                     LAB2End23
ASxxxx Linker V03.00 + NoICE + sdld,  page 12.
Hexadecimal  [32-Bits]

Area                                    Addr        Size        Decimal Bytes (Attributes)
--------------------------------        ----        ----        ------- ----- ------------
.  .ABS.                            00000000    00000000 =           0. bytes (ABS,CON)

      Value  Global                              Global Defined In Module
      -----  --------------------------------   ------------------------
     000000EA  _AD0CM0                            LAB2End23
     000000EA  _ADSTM0                            LAB2End23
     000000EA  _PCA0CPL0                          LAB2End23
     000000EB  G$AD0CM1$0$0                       LAB2End23
     000000EB  G$ADSTM1$0$0                       LAB2End23
     000000EB  G$PCA0CPL1$0$0                     LAB2End23
     000000EB  _AD0CM1                            LAB2End23
     000000EB  _ADSTM1                            LAB2End23
     000000EB  _PCA0CPL1                          LAB2End23
     000000EC  G$AD0BUSY$0$0                      LAB2End23
     000000EC  G$ADBUSY$0$0                       LAB2End23
     000000EC  G$PCA0CPL2$0$0                     LAB2End23
     000000EC  _AD0BUSY                           LAB2End23
     000000EC  _ADBUSY                            LAB2End23
     000000EC  _PCA0CPL2                          LAB2End23
     000000ED  G$AD0INT$0$0                       LAB2End23
     000000ED  G$ADCINT$0$0                       LAB2End23
     000000ED  G$PCA0CPL3$0$0                     LAB2End23
     000000ED  _AD0INT                            LAB2End23
     000000ED  _ADCINT                            LAB2End23
     000000ED  _PCA0CPL3                          LAB2End23
     000000EE  G$AD0TM$0$0                        LAB2End23
     000000EE  G$ADCTM$0$0                        LAB2End23
     000000EE  G$PCA0CPL4$0$0                     LAB2End23
     000000EE  _AD0TM                             LAB2End23
     000000EE  _ADCTM                             LAB2End23
     000000EE  _PCA0CPL4                          LAB2End23
     000000EF  G$AD0EN$0$0                        LAB2End23
     000000EF  G$ADCEN$0$0                        LAB2End23
     000000EF  G$RSTSRC$0$0                       LAB2End23
     000000EF  _AD0EN                             LAB2End23
     000000EF  _ADCEN                             LAB2End23
     000000EF  _RSTSRC                            LAB2End23
     000000F0  G$B$0$0                            LAB2End23
     000000F0  _B                                 LAB2End23
     000000F1  G$SCON1$0$0                        LAB2End23
     000000F1  _SCON1                             LAB2End23
     000000F2  G$SBUF1$0$0                        LAB2End23
     000000F2  _SBUF1                             LAB2End23
     000000F3  G$SADDR1$0$0                       LAB2End23
     000000F3  _SADDR1                            LAB2End23
     000000F4  G$TL4$0$0                          LAB2End23
     000000F4  _TL4                               LAB2End23
     000000F5  G$TH4$0$0                          LAB2End23
     000000F5  _B_5                               _gptrget
     000000F5  _TH4                               LAB2End23
     000000F6  G$EIP1$0$0                         LAB2End23
     000000F6  _B_6                               _gptrget
     000000F6  _EIP1                              LAB2End23
     000000F7  G$EIP2$0$0                         LAB2End23
     000000F7  _B_7                               _gptrget
ASxxxx Linker V03.00 + NoICE + sdld,  page 13.
Hexadecimal  [32-Bits]

Area                                    Addr        Size        Decimal Bytes (Attributes)
--------------------------------        ----        ----        ------- ----- ------------
.  .ABS.                            00000000    00000000 =           0. bytes (ABS,CON)

      Value  Global                              Global Defined In Module
      -----  --------------------------------   ------------------------
     000000F7  _EIP2                              LAB2End23
     000000F8  G$SPI0CN$0$0                       LAB2End23
     000000F8  G$SPIEN$0$0                        LAB2End23
     000000F8  _SPI0CN                            LAB2End23
     000000F8  _SPIEN                             LAB2End23
     000000F9  G$MSTEN$0$0                        LAB2End23
     000000F9  G$PCA0H$0$0                        LAB2End23
     000000F9  _MSTEN                             LAB2End23
     000000F9  _PCA0H                             LAB2End23
     000000FA  G$PCA0CPH0$0$0                     LAB2End23
     000000FA  G$SLVSEL$0$0                       LAB2End23
     000000FA  _PCA0CPH0                          LAB2End23
     000000FA  _SLVSEL                            LAB2End23
     000000FB  G$PCA0CPH1$0$0                     LAB2End23
     000000FB  G$TXBSY$0$0                        LAB2End23
     000000FB  _PCA0CPH1                          LAB2End23
     000000FB  _TXBSY                             LAB2End23
     000000FC  G$PCA0CPH2$0$0                     LAB2End23
     000000FC  G$RXOVRN$0$0                       LAB2End23
     000000FC  _PCA0CPH2                          LAB2End23
     000000FC  _RXOVRN                            LAB2End23
     000000FD  G$MODF$0$0                         LAB2End23
     000000FD  G$PCA0CPH3$0$0                     LAB2End23
     000000FD  _MODF                              LAB2End23
     000000FD  _PCA0CPH3                          LAB2End23
     000000FE  G$PCA0CPH4$0$0                     LAB2End23
     000000FE  G$WCOL$0$0                         LAB2End23
     000000FE  _PCA0CPH4                          LAB2End23
     000000FE  _WCOL                              LAB2End23
     000000FF  G$SPIF$0$0                         LAB2End23
     000000FF  G$WDTCN$0$0                        LAB2End23
     000000FF  _SPIF                              LAB2End23
     000000FF  _WDTCN                             LAB2End23
     00008C8A  G$TMR0$0$0                         LAB2End23
     00008C8A  _TMR0                              LAB2End23
     00008D8B  G$TMR1$0$0                         LAB2End23
     00008D8B  _TMR1                              LAB2End23
     00009392  G$TMR3RL$0$0                       LAB2End23
     00009392  _TMR3RL                            LAB2End23
     00009594  G$TMR3$0$0                         LAB2End23
     00009594  _TMR3                              LAB2End23
     0000BFBE  G$ADC0$0$0                         LAB2End23
     0000BFBE  _ADC0                              LAB2End23
     0000C5C4  G$ADC0GT$0$0                       LAB2End23
     0000C5C4  _ADC0GT                            LAB2End23
     0000C7C6  G$ADC0LT$0$0                       LAB2End23
     0000C7C6  _ADC0LT                            LAB2End23
     0000CBCA  G$RCAP2$0$0                        LAB2End23
     0000CBCA  _RCAP2                             LAB2End23
     0000CDCC  G$TMR2$0$0                         LAB2End23
     0000CDCC  _TMR2                              LAB2End23
ASxxxx Linker V03.00 + NoICE + sdld,  page 14.
Hexadecimal  [32-Bits]

Area                                    Addr        Size        Decimal Bytes (Attributes)
--------------------------------        ----        ----        ------- ----- ------------
.  .ABS.                            00000000    00000000 =           0. bytes (ABS,CON)

      Value  Global                              Global Defined In Module
      -----  --------------------------------   ------------------------
     0000D3D2  G$DAC0$0$0                         LAB2End23
     0000D3D2  _DAC0                              LAB2End23
     0000D6D5  G$DAC1$0$0                         LAB2End23
     0000D6D5  _DAC1                              LAB2End23
     0000E5E4  G$RCAP4$0$0                        LAB2End23
     0000E5E4  _RCAP4                             LAB2End23
     0000F5F4  G$TMR4$0$0                         LAB2End23
     0000F5F4  _TMR4                              LAB2End23
     0000F9E9  G$PCA0$0$0                         LAB2End23
     0000F9E9  _PCA0                              LAB2End23
     0000FAEA  G$PCA0CP0$0$0                      LAB2End23
     0000FAEA  _PCA0CP0                           LAB2End23
     0000FBEB  G$PCA0CP1$0$0                      LAB2End23
     0000FBEB  _PCA0CP1                           LAB2End23
     0000FCEC  G$PCA0CP2$0$0                      LAB2End23
     0000FCEC  _PCA0CP2                           LAB2End23
     0000FDED  G$PCA0CP3$0$0                      LAB2End23
     0000FDED  _PCA0CP3                           LAB2End23
     0000FEEE  G$PCA0CP4$0$0                      LAB2End23
     0000FEEE  _PCA0CP4                           LAB2End23

ASxxxx Linker V03.00 + NoICE + sdld,  page 15.
Hexadecimal  [32-Bits]

Area                                    Addr        Size        Decimal Bytes (Attributes)
--------------------------------        ----        ----        ------- ----- ------------
BSEG_BYTES                          00000020    00000002 =           2. bytes (REL,CON)

      Value  Global                              Global Defined In Module
      -----  --------------------------------   ------------------------
ASxxxx Linker V03.00 + NoICE + sdld,  page 16.
Hexadecimal  [32-Bits]

Area                                    Addr        Size        Decimal Bytes (Attributes)
--------------------------------        ----        ----        ------- ----- ------------
REG_BANK_0                          00000000    00000008 =           8. bytes (REL,OVR)

      Value  Global                              Global Defined In Module
      -----  --------------------------------   ------------------------
ASxxxx Linker V03.00 + NoICE + sdld,  page 17.
Hexadecimal  [32-Bits]

Area                                    Addr        Size        Decimal Bytes (Attributes)
--------------------------------        ----        ----        ------- ----- ------------
DSEG                                00000000    0000007A =         122. bytes (REL,CON)

      Value  Global                              Global Defined In Module
      -----  --------------------------------   ------------------------
     0000000C  _vprintf_PARM_2                    vprintf
     0000000D  _bp                                _bp
     00000022  G$keyinput$0$0                     LAB2End23
     00000022  _keyinput                          LAB2End23
     00000024  G$Counts$0$0                       LAB2End23
     00000024  _Counts                            LAB2End23
     00000026  G$countHolder$0$0                  LAB2End23
     00000026  _countHolder                       LAB2End23
     00000028  G$i$0$0                            LAB2End23
     00000028  _i                                 LAB2End23
     00000029  G$x$0$0                            LAB2End23
     00000029  _x                                 LAB2End23
     0000002A  G$y$0$0                            LAB2End23
     0000002A  _y                                 LAB2End23
     0000002B  G$randomnum$0$0                    LAB2End23
     0000002B  _randomnum                         LAB2End23
     0000002C  G$previousnum$0$0                  LAB2End23
     0000002C  _previousnum                       LAB2End23
     0000002D  G$numC$0$0                         LAB2End23
     0000002D  _numC                              LAB2End23
     0000002E  G$on$0$0                           LAB2End23
     0000002E  _on                                LAB2End23
     0000002F  G$off$0$0                          LAB2End23
     0000002F  _off                               LAB2End23
     00000030  G$randList$0$0                     LAB2End23
     00000030  _randList                          LAB2End23
     0000003A  G$Points$0$0                       LAB2End23
     0000003A  _Points                            LAB2End23
     00000043  G$sum$0$0                          LAB2End23
     00000043  _sum                               LAB2End23
     00000044  G$k$0$0                            LAB2End23
     00000044  _k                                 LAB2End23
     00000045  G$turn$0$0                         LAB2End23
     00000045  _turn                              LAB2End23
     00000046  G$player$0$0                       LAB2End23
     00000046  _player                            LAB2End23
     00000047  G$inputFunc$0$0                    LAB2End23
     00000047  _inputFunc                         LAB2End23
     00000048  G$scores$0$0                       LAB2End23
     00000048  _scores                            LAB2End23
     00000057  __print_format_PARM_2              printf_large
     0000005A  __print_format_PARM_3              printf_large
     0000005D  __print_format_PARM_4              printf_large

ASxxxx Linker V03.00 + NoICE + sdld,  page 18.
Hexadecimal  [32-Bits]

Area                                    Addr        Size        Decimal Bytes (Attributes)
--------------------------------        ----        ----        ------- ----- ------------
OSEG                                0000000E    00000006 =           6. bytes (REL,OVR)

      Value  Global                              Global Defined In Module
      -----  --------------------------------   ------------------------
     0000000E  __modsint_PARM_2                   _moduint
     0000000E  __moduint_PARM_2                   _moduint
     0000000E  __mullong_PARM_2                   _mullong
ASxxxx Linker V03.00 + NoICE + sdld,  page 19.
Hexadecimal  [32-Bits]

Area                                    Addr        Size        Decimal Bytes (Attributes)
--------------------------------        ----        ----        ------- ----- ------------
ISEG                                00000014    00000006 =           6. bytes (REL,CON)

      Value  Global                              Global Defined In Module
      -----  --------------------------------   ------------------------
ASxxxx Linker V03.00 + NoICE + sdld,  page 20.
Hexadecimal  [32-Bits]

Area                                    Addr        Size        Decimal Bytes (Attributes)
--------------------------------        ----        ----        ------- ----- ------------
SSEG                                00000065    0000009B =         155. bytes (REL,OVR)

      Value  Global                              Global Defined In Module
      -----  --------------------------------   ------------------------
     00000065  __start__stack                     LAB2End23

ASxxxx Linker V03.00 + NoICE + sdld,  page 21.
Hexadecimal  [32-Bits]

Area                                    Addr        Size        Decimal Bytes (Attributes)
--------------------------------        ----        ----        ------- ----- ------------
HOME                                00000000    00000011 =          17. bytes (REL,CON,CODE)

      Value  Global                              Global Defined In Module
      -----  --------------------------------   ------------------------
C:   00000000  A$LAB2End23$1062                   LAB2End23
C:   00000003  A$LAB2End23$1063                   LAB2End23
C:   0000000B  A$LAB2End23$1065                   LAB2End23
C:   0000000E  A$LAB2End23$1139                   LAB2End23
C:   0000000E  __sdcc_program_startup             LAB2End23

ASxxxx Linker V03.00 + NoICE + sdld,  page 22.
Hexadecimal  [32-Bits]

Area                                    Addr        Size        Decimal Bytes (Attributes)
--------------------------------        ----        ----        ------- ----- ------------
GSINIT0                             00000011    00000003 =           3. bytes (REL,CON,CODE)

      Value  Global                              Global Defined In Module
      -----  --------------------------------   ------------------------
C:   00000011  __sdcc_gsinit_startup              

ASxxxx Linker V03.00 + NoICE + sdld,  page 23.
Hexadecimal  [32-Bits]

Area                                    Addr        Size        Decimal Bytes (Attributes)
--------------------------------        ----        ----        ------- ----- ------------
GSINIT2                             00000014    0000000A =          10. bytes (REL,CON,CODE)

      Value  Global                              Global Defined In Module
      -----  --------------------------------   ------------------------
ASxxxx Linker V03.00 + NoICE + sdld,  page 24.
Hexadecimal  [32-Bits]

Area                                    Addr        Size        Decimal Bytes (Attributes)
--------------------------------        ----        ----        ------- ----- ------------
GSINIT3                             0000001E    00000022 =          34. bytes (REL,CON,CODE)

      Value  Global                              Global Defined In Module
      -----  --------------------------------   ------------------------
C:   0000001E  __mcs51_genXINIT                   

ASxxxx Linker V03.00 + NoICE + sdld,  page 25.
Hexadecimal  [32-Bits]

Area                                    Addr        Size        Decimal Bytes (Attributes)
--------------------------------        ----        ----        ------- ----- ------------
GSINIT4                             00000040    0000002A =          42. bytes (REL,CON,CODE)

      Value  Global                              Global Defined In Module
      -----  --------------------------------   ------------------------
C:   00000040  __mcs51_genRAMCLEAR                
C:   00000046  __mcs51_genXRAMCLEAR               

ASxxxx Linker V03.00 + NoICE + sdld,  page 26.
Hexadecimal  [32-Bits]

Area                                    Addr        Size        Decimal Bytes (Attributes)
--------------------------------        ----        ----        ------- ----- ------------
GSINIT                              0000006A    0000002C =          44. bytes (REL,CON,CODE)

      Value  Global                              Global Defined In Module
      -----  --------------------------------   ------------------------
C:   0000006A  A$LAB2End23$1081                   LAB2End23
C:   0000006A  C$LAB2End23.c$68$1$129             LAB2End23
C:   0000006B  A$LAB2End23$1082                   LAB2End23
C:   0000006D  A$LAB2End23$1083                   LAB2End23
C:   0000006F  A$LAB2End23$1086                   LAB2End23
C:   0000006F  C$LAB2End23.c$69$1$129             LAB2End23
C:   00000071  A$LAB2End23$1087                   LAB2End23
C:   00000073  A$LAB2End23$1091                   LAB2End23
C:   00000075  A$LAB2End23$1095                   LAB2End23
C:   00000077  A$LAB2End23$1099                   LAB2End23
C:   00000077  C$LAB2End23.c$70$1$129             LAB2End23
C:   00000079  A$LAB2End23$1103                   LAB2End23
C:   00000079  C$LAB2End23.c$73$1$129             LAB2End23
C:   0000007B  A$LAB2End23$1107                   LAB2End23
C:   0000007B  C$LAB2End23.c$74$1$129             LAB2End23
C:   0000007D  A$LAB2End23$1110                   LAB2End23
C:   0000007D  C$LAB2End23.c$75$1$129             LAB2End23
C:   00000080  A$LAB2End23$1114                   LAB2End23
C:   00000080  C$LAB2End23.c$78$1$129             LAB2End23
C:   00000082  A$LAB2End23$1118                   LAB2End23
C:   00000082  C$LAB2End23.c$80$1$129             LAB2End23
C:   00000084  A$LAB2End23$1122                   LAB2End23
C:   00000084  C$LAB2End23.c$81$1$129             LAB2End23
C:   00000086  A$LAB2End23$1126                   LAB2End23
C:   00000086  C$LAB2End23.c$83$1$129             LAB2End23
C:   00000088  A$LAB2End23$1128                   LAB2End23
C:   0000008A  A$LAB2End23$1130                   LAB2End23
ASxxxx Linker V03.00 + NoICE + sdld,  page 27.
Hexadecimal  [32-Bits]

Area                                    Addr        Size        Decimal Bytes (Attributes)
--------------------------------        ----        ----        ------- ----- ------------
GSFINAL                             00000096    00000003 =           3. bytes (REL,CON,CODE)

      Value  Global                              Global Defined In Module
      -----  --------------------------------   ------------------------
C:   00000096  A$LAB2End23$1132                   LAB2End23

ASxxxx Linker V03.00 + NoICE + sdld,  page 28.
Hexadecimal  [32-Bits]

Area                                    Addr        Size        Decimal Bytes (Attributes)
--------------------------------        ----        ----        ------- ----- ------------
CSEG                                00000099    00000D74 =        3444. bytes (REL,CON,CODE)

      Value  Global                              Global Defined In Module
      -----  --------------------------------   ------------------------
C:   00000099  A$LAB2End23$1167                   LAB2End23
C:   00000099  C$c8051_SDCC.h$42$0$0              LAB2End23
C:   00000099  C$c8051_SDCC.h$46$1$2              LAB2End23
C:   00000099  G$SYSCLK_Init$0$0                  LAB2End23
C:   00000099  _SYSCLK_Init                       LAB2End23
C:   0000009C  A$LAB2End23$1170                   LAB2End23
C:   0000009C  C$c8051_SDCC.h$49$1$2              LAB2End23
C:   0000009E  A$LAB2End23$1171                   LAB2End23
C:   000000A0  A$LAB2End23$1173                   LAB2End23
C:   000000A1  A$LAB2End23$1174                   LAB2End23
C:   000000A3  A$LAB2End23$1175                   LAB2End23
C:   000000A4  A$LAB2End23$1176                   LAB2End23
C:   000000A5  A$LAB2End23$1177                   LAB2End23
C:   000000A7  A$LAB2End23$1178                   LAB2End23
C:   000000A8  A$LAB2End23$1179                   LAB2End23
C:   000000AA  A$LAB2End23$1180                   LAB2End23
C:   000000AC  A$LAB2End23$1181                   LAB2End23
C:   000000AD  A$LAB2End23$1182                   LAB2End23
C:   000000AE  A$LAB2End23$1183                   LAB2End23
C:   000000B0  A$LAB2End23$1187                   LAB2End23
C:   000000B0  C$c8051_SDCC.h$51$1$2              LAB2End23
C:   000000B2  A$LAB2End23$1188                   LAB2End23
C:   000000B5  A$LAB2End23$1191                   LAB2End23
C:   000000B5  C$c8051_SDCC.h$53$1$2              LAB2End23
C:   000000B8  A$LAB2End23$1194                   LAB2End23
C:   000000B8  C$c8051_SDCC.h$56$1$2              LAB2End23
C:   000000B8  XG$SYSCLK_Init$0$0                 LAB2End23
C:   000000B9  A$LAB2End23$1207                   LAB2End23
C:   000000B9  C$c8051_SDCC.h$64$1$2              LAB2End23
C:   000000B9  C$c8051_SDCC.h$66$1$4              LAB2End23
C:   000000B9  G$UART0_Init$0$0                   LAB2End23
C:   000000B9  _UART0_Init                        LAB2End23
C:   000000BC  A$LAB2End23$1210                   LAB2End23
C:   000000BC  C$c8051_SDCC.h$67$1$4              LAB2End23
C:   000000BF  A$LAB2End23$1213                   LAB2End23
C:   000000BF  C$c8051_SDCC.h$68$1$4              LAB2End23
C:   000000C2  A$LAB2End23$1216                   LAB2End23
C:   000000C2  C$c8051_SDCC.h$69$1$4              LAB2End23
C:   000000C4  A$LAB2End23$1219                   LAB2End23
C:   000000C4  C$c8051_SDCC.h$70$1$4              LAB2End23
C:   000000C7  A$LAB2End23$1222                   LAB2End23
C:   000000C7  C$c8051_SDCC.h$71$1$4              LAB2End23
C:   000000CA  A$LAB2End23$1225                   LAB2End23
C:   000000CA  C$c8051_SDCC.h$73$1$4              LAB2End23
C:   000000CC  A$LAB2End23$1228                   LAB2End23
C:   000000CC  C$c8051_SDCC.h$74$1$4              LAB2End23
C:   000000CF  A$LAB2End23$1231                   LAB2End23
C:   000000CF  C$c8051_SDCC.h$75$1$4              LAB2End23
C:   000000CF  XG$UART0_Init$0$0                  LAB2End23
C:   000000D0  A$LAB2End23$1244                   LAB2End23
ASxxxx Linker V03.00 + NoICE + sdld,  page 29.
Hexadecimal  [32-Bits]

Area                                    Addr        Size        Decimal Bytes (Attributes)
--------------------------------        ----        ----        ------- ----- ------------
CSEG                                00000099    00000D74 =        3444. bytes (REL,CON,CODE)

      Value  Global                              Global Defined In Module
      -----  --------------------------------   ------------------------
C:   000000D0  C$c8051_SDCC.h$83$1$4              LAB2End23
C:   000000D0  C$c8051_SDCC.h$85$1$6              LAB2End23
C:   000000D0  G$Sys_Init$0$0                     LAB2End23
C:   000000D0  _Sys_Init                          LAB2End23
C:   000000D3  A$LAB2End23$1247                   LAB2End23
C:   000000D3  C$c8051_SDCC.h$86$1$6              LAB2End23
C:   000000D6  A$LAB2End23$1250                   LAB2End23
C:   000000D6  C$c8051_SDCC.h$88$1$6              LAB2End23
C:   000000D9  A$LAB2End23$1253                   LAB2End23
C:   000000D9  C$c8051_SDCC.h$89$1$6              LAB2End23
C:   000000DC  A$LAB2End23$1256                   LAB2End23
C:   000000DC  C$c8051_SDCC.h$91$1$6              LAB2End23
C:   000000DF  A$LAB2End23$1259                   LAB2End23
C:   000000DF  C$c8051_SDCC.h$92$1$6              LAB2End23
C:   000000E2  A$LAB2End23$1262                   LAB2End23
C:   000000E2  C$c8051_SDCC.h$93$1$6              LAB2End23
C:   000000E2  XG$Sys_Init$0$0                    LAB2End23
C:   000000E3  A$LAB2End23$1275                   LAB2End23
C:   000000E3  C$c8051_SDCC.h$98$1$6              LAB2End23
C:   000000E3  G$putchar$0$0                      LAB2End23
C:   000000E3  _putchar                           LAB2End23
C:   000000E5  A$LAB2End23$1281                   LAB2End23
C:   000000E5  C$c8051_SDCC.h$100$1$8             LAB2End23
C:   000000E5  C$c8051_SDCC.h$101$1$8             LAB2End23
C:   000000E8  A$LAB2End23$1282                   LAB2End23
C:   000000EA  A$LAB2End23$1286                   LAB2End23
C:   000000EA  C$c8051_SDCC.h$102$1$8             LAB2End23
C:   000000EC  A$LAB2End23$1289                   LAB2End23
C:   000000EC  C$c8051_SDCC.h$103$1$8             LAB2End23
C:   000000EC  XG$putchar$0$0                     LAB2End23
C:   000000ED  A$LAB2End23$1307                   LAB2End23
C:   000000ED  C$c8051_SDCC.h$108$1$8             LAB2End23
C:   000000ED  C$c8051_SDCC.h$111$1$10            LAB2End23
C:   000000ED  C$c8051_SDCC.h$112$1$10            LAB2End23
C:   000000ED  G$getchar$0$0                      LAB2End23
C:   000000ED  _getchar                           LAB2End23
C:   000000F0  A$LAB2End23$1308                   LAB2End23
C:   000000F2  A$LAB2End23$1312                   LAB2End23
C:   000000F2  C$c8051_SDCC.h$113$1$10            LAB2End23
C:   000000F5  A$LAB2End23$1315                   LAB2End23
C:   000000F5  C$c8051_SDCC.h$114$1$10            LAB2End23
C:   000000F8  A$LAB2End23$1318                   LAB2End23
C:   000000F8  C$c8051_SDCC.h$115$1$10            LAB2End23
C:   000000FB  A$LAB2End23$1321                   LAB2End23
C:   000000FB  C$c8051_SDCC.h$116$1$10            LAB2End23
C:   000000FB  XG$getchar$0$0                     LAB2End23
C:   000000FC  A$LAB2End23$1336                   LAB2End23
C:   000000FC  C$c8051_SDCC.h$121$1$10            LAB2End23
C:   000000FC  C$c8051_SDCC.h$124$1$12            LAB2End23
C:   000000FC  G$getchar_nw$0$0                   LAB2End23
C:   000000FC  _getchar_nw                        LAB2End23
ASxxxx Linker V03.00 + NoICE + sdld,  page 30.
Hexadecimal  [32-Bits]

Area                                    Addr        Size        Decimal Bytes (Attributes)
--------------------------------        ----        ----        ------- ----- ------------
CSEG                                00000099    00000D74 =        3444. bytes (REL,CON,CODE)

      Value  Global                              Global Defined In Module
      -----  --------------------------------   ------------------------
C:   000000FF  A$LAB2End23$1337                   LAB2End23
C:   00000102  A$LAB2End23$1338                   LAB2End23
C:   00000104  A$LAB2End23$1342                   LAB2End23
C:   00000104  C$c8051_SDCC.h$127$2$13            LAB2End23
C:   00000106  A$LAB2End23$1345                   LAB2End23
C:   00000106  C$c8051_SDCC.h$128$2$13            LAB2End23
C:   00000109  A$LAB2End23$1348                   LAB2End23
C:   00000109  C$c8051_SDCC.h$129$2$13            LAB2End23
C:   0000010C  A$LAB2End23$1351                   LAB2End23
C:   0000010C  C$c8051_SDCC.h$130$2$13            LAB2End23
C:   0000010F  A$LAB2End23$1355                   LAB2End23
C:   0000010F  C$c8051_SDCC.h$132$1$12            LAB2End23
C:   0000010F  XG$getchar_nw$0$0                  LAB2End23
C:   00000110  A$LAB2End23$1368                   LAB2End23
C:   00000110  C$LAB2End23.c$87$1$12              LAB2End23
C:   00000110  C$LAB2End23.c$89$1$65              LAB2End23
C:   00000110  G$main$0$0                         LAB2End23
C:   00000110  _main                              LAB2End23
C:   00000113  A$LAB2End23$1371                   LAB2End23
C:   00000113  C$LAB2End23.c$90$1$65              LAB2End23
C:   00000116  A$LAB2End23$1374                   LAB2End23
C:   00000116  C$LAB2End23.c$91$1$65              LAB2End23
C:   00000119  A$LAB2End23$1377                   LAB2End23
C:   00000119  C$LAB2End23.c$92$1$65              LAB2End23
C:   0000011C  A$LAB2End23$1380                   LAB2End23
C:   0000011C  C$LAB2End23.c$93$1$65              LAB2End23
C:   0000011F  A$LAB2End23$1381                   LAB2End23
C:   00000122  A$LAB2End23$1384                   LAB2End23
C:   00000122  C$LAB2End23.c$94$1$65              LAB2End23
C:   00000124  A$LAB2End23$1385                   LAB2End23
C:   00000126  A$LAB2End23$1386                   LAB2End23
C:   00000128  A$LAB2End23$1387                   LAB2End23
C:   0000012A  A$LAB2End23$1388                   LAB2End23
C:   0000012C  A$LAB2End23$1389                   LAB2End23
C:   0000012E  A$LAB2End23$1390                   LAB2End23
C:   00000131  A$LAB2End23$1391                   LAB2End23
C:   00000133  A$LAB2End23$1392                   LAB2End23
C:   00000135  A$LAB2End23$1393                   LAB2End23
C:   00000137  A$LAB2End23$1399                   LAB2End23
C:   00000137  C$LAB2End23.c$97$1$65              LAB2End23
C:   00000137  C$LAB2End23.c$98$2$66              LAB2End23
C:   0000013A  A$LAB2End23$1402                   LAB2End23
C:   0000013A  C$LAB2End23.c$99$2$66              LAB2End23
C:   0000013D  A$LAB2End23$1405                   LAB2End23
C:   0000013D  C$LAB2End23.c$100$2$66             LAB2End23
C:   00000140  A$LAB2End23$1408                   LAB2End23
C:   00000140  C$LAB2End23.c$101$2$66             LAB2End23
C:   00000143  A$LAB2End23$1409                   LAB2End23
C:   00000145  A$LAB2End23$1410                   LAB2End23
C:   00000147  A$LAB2End23$1411                   LAB2End23
C:   00000148  A$LAB2End23$1412                   LAB2End23
ASxxxx Linker V03.00 + NoICE + sdld,  page 31.
Hexadecimal  [32-Bits]

Area                                    Addr        Size        Decimal Bytes (Attributes)
--------------------------------        ----        ----        ------- ----- ------------
CSEG                                00000099    00000D74 =        3444. bytes (REL,CON,CODE)

      Value  Global                              Global Defined In Module
      -----  --------------------------------   ------------------------
C:   0000014A  A$LAB2End23$1413                   LAB2End23
C:   0000014C  A$LAB2End23$1416                   LAB2End23
C:   0000014C  C$LAB2End23.c$102$2$66             LAB2End23
C:   0000014E  A$LAB2End23$1417                   LAB2End23
C:   00000150  A$LAB2End23$1418                   LAB2End23
C:   00000152  A$LAB2End23$1419                   LAB2End23
C:   00000154  A$LAB2End23$1420                   LAB2End23
C:   00000156  A$LAB2End23$1421                   LAB2End23
C:   00000158  A$LAB2End23$1422                   LAB2End23
C:   0000015B  A$LAB2End23$1423                   LAB2End23
C:   0000015D  A$LAB2End23$1424                   LAB2End23
C:   0000015F  A$LAB2End23$1425                   LAB2End23
C:   00000161  A$LAB2End23$1428                   LAB2End23
C:   00000161  C$LAB2End23.c$103$2$66             LAB2End23
C:   00000164  A$LAB2End23$1431                   LAB2End23
C:   00000164  C$LAB2End23.c$104$2$66             LAB2End23
C:   00000167  A$LAB2End23$1434                   LAB2End23
C:   00000167  C$LAB2End23.c$105$2$66             LAB2End23
C:   0000016A  A$LAB2End23$1437                   LAB2End23
C:   0000016A  C$LAB2End23.c$106$2$66             LAB2End23
C:   0000016D  A$LAB2End23$1440                   LAB2End23
C:   0000016D  C$LAB2End23.c$109$2$66             LAB2End23
C:   00000170  A$LAB2End23$1443                   LAB2End23
C:   00000170  C$LAB2End23.c$110$2$66             LAB2End23
C:   00000172  A$LAB2End23$1444                   LAB2End23
C:   00000174  A$LAB2End23$1445                   LAB2End23
C:   00000176  A$LAB2End23$1446                   LAB2End23
C:   00000178  A$LAB2End23$1447                   LAB2End23
C:   0000017A  A$LAB2End23$1448                   LAB2End23
C:   0000017C  A$LAB2End23$1449                   LAB2End23
C:   0000017F  A$LAB2End23$1450                   LAB2End23
C:   00000181  A$LAB2End23$1451                   LAB2End23
C:   00000183  A$LAB2End23$1452                   LAB2End23
C:   00000185  A$LAB2End23$1456                   LAB2End23
C:   00000185  C$LAB2End23.c$111$3$67             LAB2End23
C:   00000187  A$LAB2End23$1457                   LAB2End23
C:   00000189  A$LAB2End23$1458                   LAB2End23
C:   0000018B  A$LAB2End23$1459                   LAB2End23
C:   0000018E  A$LAB2End23$1463                   LAB2End23
C:   0000018E  C$LAB2End23.c$112$3$67             LAB2End23
C:   00000190  A$LAB2End23$1464                   LAB2End23
C:   00000192  A$LAB2End23$1465                   LAB2End23
C:   00000194  A$LAB2End23$1466                   LAB2End23
C:   00000196  A$LAB2End23$1467                   LAB2End23
C:   00000198  A$LAB2End23$1468                   LAB2End23
C:   0000019A  A$LAB2End23$1469                   LAB2End23
C:   0000019C  A$LAB2End23$1470                   LAB2End23
C:   0000019E  A$LAB2End23$1471                   LAB2End23
C:   000001A0  A$LAB2End23$1472                   LAB2End23
C:   000001A2  A$LAB2End23$1473                   LAB2End23
C:   000001A5  A$LAB2End23$1474                   LAB2End23
ASxxxx Linker V03.00 + NoICE + sdld,  page 32.
Hexadecimal  [32-Bits]

Area                                    Addr        Size        Decimal Bytes (Attributes)
--------------------------------        ----        ----        ------- ----- ------------
CSEG                                00000099    00000D74 =        3444. bytes (REL,CON,CODE)

      Value  Global                              Global Defined In Module
      -----  --------------------------------   ------------------------
C:   000001A7  A$LAB2End23$1475                   LAB2End23
C:   000001A9  A$LAB2End23$1476                   LAB2End23
C:   000001AB  A$LAB2End23$1479                   LAB2End23
C:   000001AB  C$LAB2End23.c$114$3$67             LAB2End23
C:   000001AE  A$LAB2End23$1483                   LAB2End23
C:   000001AE  C$LAB2End23.c$115$3$67             LAB2End23
C:   000001B0  A$LAB2End23$1484                   LAB2End23
C:   000001B2  A$LAB2End23$1485                   LAB2End23
C:   000001B4  A$LAB2End23$1486                   LAB2End23
C:   000001B7  A$LAB2End23$1490                   LAB2End23
C:   000001B7  C$LAB2End23.c$116$4$68             LAB2End23
C:   000001B9  A$LAB2End23$1491                   LAB2End23
C:   000001BB  A$LAB2End23$1492                   LAB2End23
C:   000001BD  A$LAB2End23$1493                   LAB2End23
C:   000001BF  A$LAB2End23$1494                   LAB2End23
C:   000001C1  A$LAB2End23$1495                   LAB2End23
C:   000001C3  A$LAB2End23$1496                   LAB2End23
C:   000001C5  A$LAB2End23$1497                   LAB2End23
C:   000001C7  A$LAB2End23$1498                   LAB2End23
C:   000001C9  A$LAB2End23$1499                   LAB2End23
C:   000001CB  A$LAB2End23$1500                   LAB2End23
C:   000001CE  A$LAB2End23$1501                   LAB2End23
C:   000001D0  A$LAB2End23$1502                   LAB2End23
C:   000001D2  A$LAB2End23$1503                   LAB2End23
C:   000001D4  A$LAB2End23$1506                   LAB2End23
C:   000001D7  A$LAB2End23$1510                   LAB2End23
C:   000001DA  A$LAB2End23$1512                   LAB2End23
C:   000001DB  A$LAB2End23$1513                   LAB2End23
C:   000001DD  A$LAB2End23$1514                   LAB2End23
C:   000001DF  A$LAB2End23$1515                   LAB2End23
C:   000001E2  A$LAB2End23$1516                   LAB2End23
C:   000001E5  A$LAB2End23$1517                   LAB2End23
C:   000001E7  A$LAB2End23$1518                   LAB2End23
C:   000001E9  A$LAB2End23$1521                   LAB2End23
C:   000001E9  C$LAB2End23.c$121$6$70             LAB2End23
C:   000001EC  A$LAB2End23$1524                   LAB2End23
C:   000001EC  C$LAB2End23.c$122$7$71             LAB2End23
C:   000001EE  A$LAB2End23$1525                   LAB2End23
C:   000001F0  A$LAB2End23$1526                   LAB2End23
C:   000001F2  A$LAB2End23$1527                   LAB2End23
C:   000001F4  A$LAB2End23$1528                   LAB2End23
C:   000001F6  A$LAB2End23$1529                   LAB2End23
C:   000001F8  A$LAB2End23$1530                   LAB2End23
C:   000001FB  A$LAB2End23$1531                   LAB2End23
C:   000001FD  A$LAB2End23$1532                   LAB2End23
C:   000001FF  A$LAB2End23$1533                   LAB2End23
C:   00000201  A$LAB2End23$1536                   LAB2End23
C:   00000201  C$LAB2End23.c$123$7$71             LAB2End23
C:   00000203  A$LAB2End23$1537                   LAB2End23
C:   00000205  A$LAB2End23$1538                   LAB2End23
C:   00000206  A$LAB2End23$1539                   LAB2End23
ASxxxx Linker V03.00 + NoICE + sdld,  page 33.
Hexadecimal  [32-Bits]

Area                                    Addr        Size        Decimal Bytes (Attributes)
--------------------------------        ----        ----        ------- ----- ------------
CSEG                                00000099    00000D74 =        3444. bytes (REL,CON,CODE)

      Value  Global                              Global Defined In Module
      -----  --------------------------------   ------------------------
C:   00000208  A$LAB2End23$1540                   LAB2End23
C:   0000020B  A$LAB2End23$1541                   LAB2End23
C:   0000020E  A$LAB2End23$1544                   LAB2End23
C:   0000020E  C$LAB2End23.c$124$7$71             LAB2End23
C:   00000210  A$LAB2End23$1545                   LAB2End23
C:   00000212  A$LAB2End23$1546                   LAB2End23
C:   00000213  A$LAB2End23$1547                   LAB2End23
C:   00000215  A$LAB2End23$1548                   LAB2End23
C:   00000217  A$LAB2End23$1549                   LAB2End23
C:   00000219  A$LAB2End23$1550                   LAB2End23
C:   0000021B  A$LAB2End23$1551                   LAB2End23
C:   0000021D  A$LAB2End23$1552                   LAB2End23
C:   0000021F  A$LAB2End23$1553                   LAB2End23
C:   00000221  A$LAB2End23$1554                   LAB2End23
C:   00000223  A$LAB2End23$1555                   LAB2End23
C:   00000225  A$LAB2End23$1556                   LAB2End23
C:   00000227  A$LAB2End23$1557                   LAB2End23
C:   0000022A  A$LAB2End23$1558                   LAB2End23
C:   0000022C  A$LAB2End23$1559                   LAB2End23
C:   0000022E  A$LAB2End23$1560                   LAB2End23
C:   00000230  A$LAB2End23$1563                   LAB2End23
C:   00000230  C$LAB2End23.c$125$7$71             LAB2End23
C:   00000232  A$LAB2End23$1564                   LAB2End23
C:   00000234  A$LAB2End23$1567                   LAB2End23
C:   00000234  C$LAB2End23.c$126$8$72             LAB2End23
C:   00000236  A$LAB2End23$1568                   LAB2End23
C:   00000238  A$LAB2End23$1572                   LAB2End23
C:   00000238  C$LAB2End23.c$128$8$73             LAB2End23
C:   0000023B  A$LAB2End23$1575                   LAB2End23
C:   0000023B  C$LAB2End23.c$129$8$73             LAB2End23
C:   0000023E  A$LAB2End23$1578                   LAB2End23
C:   0000023E  C$LAB2End23.c$130$8$73             LAB2End23
C:   00000240  A$LAB2End23$1582                   LAB2End23
C:   00000240  C$LAB2End23.c$133$7$74             LAB2End23
C:   00000243  A$LAB2End23$1586                   LAB2End23
C:   00000243  C$LAB2End23.c$119$5$69             LAB2End23
C:   00000245  A$LAB2End23$1587                   LAB2End23
C:   00000247  A$LAB2End23$1591                   LAB2End23
C:   00000247  C$LAB2End23.c$117$4$68             LAB2End23
C:   00000249  A$LAB2End23$1592                   LAB2End23
C:   0000024A  A$LAB2End23$1593                   LAB2End23
C:   0000024C  A$LAB2End23$1594                   LAB2End23
C:   0000024E  A$LAB2End23$1595                   LAB2End23
C:   00000250  A$LAB2End23$1596                   LAB2End23
C:   00000252  A$LAB2End23$1597                   LAB2End23
C:   00000255  A$LAB2End23$1601                   LAB2End23
C:   00000255  C$LAB2End23.c$137$4$68             LAB2End23
C:   00000257  A$LAB2End23$1602                   LAB2End23
C:   00000259  A$LAB2End23$1603                   LAB2End23
C:   0000025A  A$LAB2End23$1604                   LAB2End23
C:   0000025C  A$LAB2End23$1605                   LAB2End23
ASxxxx Linker V03.00 + NoICE + sdld,  page 34.
Hexadecimal  [32-Bits]

Area                                    Addr        Size        Decimal Bytes (Attributes)
--------------------------------        ----        ----        ------- ----- ------------
CSEG                                00000099    00000D74 =        3444. bytes (REL,CON,CODE)

      Value  Global                              Global Defined In Module
      -----  --------------------------------   ------------------------
C:   0000025E  A$LAB2End23$1606                   LAB2End23
C:   0000025F  A$LAB2End23$1607                   LAB2End23
C:   00000260  A$LAB2End23$1610                   LAB2End23
C:   00000260  C$LAB2End23.c$138$4$68             LAB2End23
C:   00000262  A$LAB2End23$1613                   LAB2End23
C:   00000262  C$LAB2End23.c$141$4$68             LAB2End23
C:   00000264  A$LAB2End23$1614                   LAB2End23
C:   00000266  A$LAB2End23$1615                   LAB2End23
C:   00000267  A$LAB2End23$1616                   LAB2End23
C:   00000269  A$LAB2End23$1617                   LAB2End23
C:   0000026B  A$LAB2End23$1618                   LAB2End23
C:   0000026D  A$LAB2End23$1619                   LAB2End23
C:   0000026F  A$LAB2End23$1620                   LAB2End23
C:   00000271  A$LAB2End23$1621                   LAB2End23
C:   00000273  A$LAB2End23$1622                   LAB2End23
C:   00000275  A$LAB2End23$1623                   LAB2End23
C:   00000277  A$LAB2End23$1624                   LAB2End23
C:   00000279  A$LAB2End23$1625                   LAB2End23
C:   0000027B  A$LAB2End23$1626                   LAB2End23
C:   0000027D  A$LAB2End23$1627                   LAB2End23
C:   0000027F  A$LAB2End23$1628                   LAB2End23
C:   00000281  A$LAB2End23$1629                   LAB2End23
C:   00000283  A$LAB2End23$1630                   LAB2End23
C:   00000285  A$LAB2End23$1631                   LAB2End23
C:   00000287  A$LAB2End23$1632                   LAB2End23
C:   00000289  A$LAB2End23$1633                   LAB2End23
C:   0000028B  A$LAB2End23$1634                   LAB2End23
C:   0000028E  A$LAB2End23$1635                   LAB2End23
C:   00000290  A$LAB2End23$1636                   LAB2End23
C:   00000292  A$LAB2End23$1637                   LAB2End23
C:   00000294  A$LAB2End23$1640                   LAB2End23
C:   00000294  C$LAB2End23.c$142$4$68             LAB2End23
[...]
C:   00000580  XG$Timer0_ISR$0$0                  LAB2End23
C:   00000581  A$LAB2End23$2454                   LAB2End23
C:   00000581  C$LAB2End23.c$362$1$106            LAB2End23
C:   00000581  C$LAB2End23.c$363$1$108            LAB2End23
C:   00000581  G$random$0$0                       LAB2End23
C:   00000581  _random                            LAB2End23
C:   00000584  A$LAB2End23$2455                   LAB2End23
C:   00000587  A$LAB2End23$2456                   LAB2End23
C:   0000058A  A$LAB2End23$2457                   LAB2End23
C:   0000058D  A$LAB2End23$2460                   LAB2End23
C:   0000058D  C$LAB2End23.c$364$1$108            LAB2End23
C:   0000058D  XG$random$0$0                      LAB2End23
C:   0000058E  A$LAB2End23$2473                   LAB2End23
C:   0000058E  C$LAB2End23.c$384$1$108            LAB2End23
C:   0000058E  C$LAB2End23.c$385$1$110            LAB2End23
C:   0000058E  G$randGen$0$0                      LAB2End23
C:   0000058E  _randGen                           LAB2End23
C:   00000591  A$LAB2End23$2474                   LAB2End23
C:   00000594  A$LAB2End23$2475                   LAB2End23
C:   00000597  A$LAB2End23$2476                   LAB2End23
C:   0000059A  A$LAB2End23$2477                   LAB2End23
C:   0000059D  A$LAB2End23$2478                   LAB2End23
C:   0000059F  A$LAB2End23$2479                   LAB2End23
C:   000005A1  A$LAB2End23$2480                   LAB2End23
C:   000005A3  A$LAB2End23$2483                   LAB2End23
C:   000005A3  C$LAB2End23.c$402$1$110            LAB2End23
C:   000005A6  A$LAB2End23$2486                   LAB2End23
C:   000005A6  C$LAB2End23.c$403$1$110            LAB2End23
C:   000005A9  A$LAB2End23$2489                   LAB2End23
C:   000005A9  C$LAB2End23.c$404$1$110            LAB2End23
C:   000005AC  A$LAB2End23$2492                   LAB2End23
C:   000005AC  C$LAB2End23.c$405$1$110            LAB2End23
C:   000005AF  A$LAB2End23$2495                   LAB2End23
C:   000005AF  C$LAB2End23.c$406$1$110            LAB2End23
C:   000005B2  A$LAB2End23$2498                   LAB2End23
C:   000005B2  C$LAB2End23.c$407$1$110            LAB2End23
C:   000005B5  A$LAB2End23$2501                   LAB2End23
ASxxxx Linker V03.00 + NoICE + sdld,  page 46.
Hexadecimal  [32-Bits]

Area                                    Addr        Size        Decimal Bytes (Attributes)
--------------------------------        ----        ----        ------- ----- ------------
CSEG                                00000099    00000D74 =        3444. bytes (REL,CON,CODE)

      Value  Global                              Global Defined In Module
      -----  --------------------------------   ------------------------
C:   000005B5  C$LAB2End23.c$408$1$110            LAB2End23
C:   000005B8  A$LAB2End23$2504                   LAB2End23
C:   000005B8  C$LAB2End23.c$409$1$110            LAB2End23
C:   000005BB  A$LAB2End23$2507                   LAB2End23
C:   000005BB  C$LAB2End23.c$410$1$110            LAB2End23
C:   000005BE  A$LAB2End23$2510                   LAB2End23
C:   000005BE  C$LAB2End23.c$411$1$110            LAB2End23
C:   000005C1  A$LAB2End23$2513                   LAB2End23
C:   000005C4  A$LAB2End23$2517                   LAB2End23
C:   000005C4  C$LAB2End23.c$413$2$111            LAB2End23
C:   000005C6  A$LAB2End23$2518                   LAB2End23
C:   000005C8  A$LAB2End23$2519                   LAB2End23
C:   000005C9  A$LAB2End23$2520                   LAB2End23
C:   000005CB  A$LAB2End23$2521                   LAB2End23
C:   000005CD  A$LAB2End23$2522                   LAB2End23
C:   000005CF  A$LAB2End23$2523                   LAB2End23
C:   000005D0  A$LAB2End23$2524                   LAB2End23
C:   000005D1  A$LAB2End23$2525                   LAB2End23
C:   000005D3  A$LAB2End23$2526                   LAB2End23
C:   000005D4  A$LAB2End23$2527                   LAB2End23
C:   000005D6  A$LAB2End23$2528                   LAB2End23
C:   000005D8  A$LAB2End23$2529                   LAB2End23
C:   000005DA  A$LAB2End23$2530                   LAB2End23
C:   000005DC  A$LAB2End23$2531                   LAB2End23
C:   000005DE  A$LAB2End23$2532                   LAB2End23
C:   000005E0  A$LAB2End23$2533                   LAB2End23
C:   000005E2  A$LAB2End23$2534                   LAB2End23
C:   000005E4  A$LAB2End23$2535                   LAB2End23
C:   000005E6  A$LAB2End23$2536                   LAB2End23
C:   000005E8  A$LAB2End23$2537                   LAB2End23
C:   000005EB  A$LAB2End23$2538                   LAB2End23
C:   000005ED  A$LAB2End23$2539                   LAB2End23
C:   000005EF  A$LAB2End23$2540                   LAB2End23
C:   000005F1  A$LAB2End23$2543                   LAB2End23
C:   000005F1  C$LAB2End23.c$412$1$110            LAB2End23
C:   000005F3  A$LAB2End23$2544                   LAB2End23
C:   000005F4  A$LAB2End23$2545                   LAB2End23
C:   000005F6  A$LAB2End23$2546                   LAB2End23
C:   000005F8  A$LAB2End23$2547                   LAB2End23
C:   000005FA  A$LAB2End23$2548                   LAB2End23
C:   000005FC  A$LAB2End23$2551                   LAB2End23
C:   000005FC  C$LAB2End23.c$416$1$110            LAB2End23
C:   000005FC  XG$randGen$0$0                     LAB2End23
C:   000005FD  A$LAB2End23$2564                   LAB2End23
C:   000005FD  C$LAB2End23.c$418$1$110            LAB2End23
C:   000005FD  G$resetArrays$0$0                  LAB2End23
C:   000005FD  _resetArrays                       LAB2End23
C:   00000600  A$LAB2End23$2568                   LAB2End23
C:   00000603  A$LAB2End23$2572                   LAB2End23
C:   00000603  C$LAB2End23.c$422$3$115            LAB2End23
C:   00000605  A$LAB2End23$2573                   LAB2End23
ASxxxx Linker V03.00 + NoICE + sdld,  page 47.
Hexadecimal  [32-Bits]

Area                                    Addr        Size        Decimal Bytes (Attributes)
--------------------------------        ----        ----        ------- ----- ------------
CSEG                                00000099    00000D74 =        3444. bytes (REL,CON,CODE)

      Value  Global                              Global Defined In Module
      -----  --------------------------------   ------------------------
C:   00000608  A$LAB2End23$2574                   LAB2End23
C:   00000609  A$LAB2End23$2575                   LAB2End23
C:   0000060B  A$LAB2End23$2576                   LAB2End23
C:   0000060C  A$LAB2End23$2577                   LAB2End23
C:   0000060E  A$LAB2End23$2578                   LAB2End23
C:   0000060F  A$LAB2End23$2579                   LAB2End23
C:   00000611  A$LAB2End23$2582                   LAB2End23
C:   00000611  C$LAB2End23.c$421$2$114            LAB2End23
C:   00000613  A$LAB2End23$2583                   LAB2End23
C:   00000614  A$LAB2End23$2584                   LAB2End23
C:   00000616  A$LAB2End23$2585                   LAB2End23
C:   00000619  A$LAB2End23$2586                   LAB2End23
C:   0000061C  A$LAB2End23$2587                   LAB2End23
C:   0000061E  A$LAB2End23$2588                   LAB2End23
C:   00000620  A$LAB2End23$2591                   LAB2End23
C:   00000620  C$LAB2End23.c$420$1$113            LAB2End23
C:   00000622  A$LAB2End23$2592                   LAB2End23
C:   00000623  A$LAB2End23$2593                   LAB2End23
C:   00000625  A$LAB2End23$2594                   LAB2End23
C:   00000628  A$LAB2End23$2595                   LAB2End23
C:   0000062B  A$LAB2End23$2596                   LAB2End23
C:   0000062D  A$LAB2End23$2597                   LAB2End23
C:   0000062F  A$LAB2End23$2600                   LAB2End23
C:   0000062F  C$LAB2End23.c$425$1$113            LAB2End23
C:   00000632  A$LAB2End23$2604                   LAB2End23
C:   00000632  C$LAB2End23.c$426$2$116            LAB2End23
C:   00000633  A$LAB2End23$2605                   LAB2End23
C:   00000635  A$LAB2End23$2606                   LAB2End23
C:   00000638  A$LAB2End23$2607                   LAB2End23
C:   0000063B  A$LAB2End23$2608                   LAB2End23
C:   0000063D  A$LAB2End23$2609                   LAB2End23
C:   0000063F  A$LAB2End23$2612                   LAB2End23
C:   0000063F  C$LAB2End23.c$427$2$116            LAB2End23
C:   00000641  A$LAB2End23$2613                   LAB2End23
C:   00000643  A$LAB2End23$2614                   LAB2End23
C:   00000644  A$LAB2End23$2615                   LAB2End23
C:   00000646  A$LAB2End23$2618                   LAB2End23
C:   00000646  C$LAB2End23.c$428$2$116            LAB2End23
C:   00000648  A$LAB2End23$2619                   LAB2End23
C:   0000064A  A$LAB2End23$2623                   LAB2End23
C:   0000064A  C$LAB2End23.c$430$1$113            LAB2End23
C:   0000064A  XG$resetArrays$0$0                 LAB2End23
C:   0000064B  A$LAB2End23$2636                   LAB2End23
C:   0000064B  C$LAB2End23.c$432$1$113            LAB2End23
C:   0000064B  C$LAB2End23.c$433$1$118            LAB2End23
C:   0000064B  G$LEDPAT$0$0                       LAB2End23
C:   0000064B  _LEDPAT                            LAB2End23
C:   0000064E  A$LAB2End23$2639                   LAB2End23
C:   0000064E  C$LAB2End23.c$434$1$118            LAB2End23
C:   00000651  A$LAB2End23$2642                   LAB2End23
C:   00000651  C$LAB2End23.c$435$1$118            LAB2End23
ASxxxx Linker V03.00 + NoICE + sdld,  page 48.
Hexadecimal  [32-Bits]

Area                                    Addr        Size        Decimal Bytes (Attributes)
--------------------------------        ----        ----        ------- ----- ------------
CSEG                                00000099    00000D74 =        3444. bytes (REL,CON,CODE)

      Value  Global                              Global Defined In Module
      -----  --------------------------------   ------------------------
C:   00000654  A$LAB2End23$2645                   LAB2End23
C:   00000654  C$LAB2End23.c$436$1$118            LAB2End23
C:   00000654  XG$LEDPAT$0$0                      LAB2End23
C:   00000655  A$LAB2End23$2658                   LAB2End23
C:   00000655  C$LAB2End23.c$437$1$118            LAB2End23
C:   00000655  C$LAB2End23.c$438$1$120            LAB2End23
C:   00000655  G$debounce$0$0                     LAB2End23
C:   00000655  _debounce                          LAB2End23
C:   00000658  A$LAB2End23$2659                   LAB2End23
C:   0000065B  A$LAB2End23$2663                   LAB2End23
C:   0000065B  C$LAB2End23.c$439$1$120            LAB2End23
C:   0000065D  A$LAB2End23$2664                   LAB2End23
C:   0000065E  A$LAB2End23$2665                   LAB2End23
C:   00000660  A$LAB2End23$2666                   LAB2End23
C:   00000661  A$LAB2End23$2667                   LAB2End23
C:   00000663  A$LAB2End23$2668                   LAB2End23
C:   00000665  A$LAB2End23$2669                   LAB2End23
C:   00000666  A$LAB2End23$2670                   LAB2End23
C:   00000667  A$LAB2End23$2671                   LAB2End23
C:   00000668  A$LAB2End23$2672                   LAB2End23
C:   0000066A  A$LAB2End23$2673                   LAB2End23
C:   0000066B  A$LAB2End23$2674                   LAB2End23
C:   0000066D  A$LAB2End23$2675                   LAB2End23
C:   0000066F  A$LAB2End23$2678                   LAB2End23
C:   0000066F  C$LAB2End23.c$441$1$120            LAB2End23
C:   0000066F  XG$debounce$0$0                    LAB2End23
C:   00000670  A$LAB2End23$2691                   LAB2End23
C:   00000670  C$LAB2End23.c$449$1$120            LAB2End23
C:   00000670  C$LAB2End23.c$450$1$122            LAB2End23
C:   00000670  G$StartTimer$0$0                   LAB2End23
C:   00000670  _StartTimer                        LAB2End23
C:   00000672  A$LAB2End23$2694                   LAB2End23
C:   00000672  C$LAB2End23.c$451$1$122            LAB2End23
C:   00000672  XG$StartTimer$0$0                  LAB2End23
C:   00000673  A$LAB2End23$2707                   LAB2End23
C:   00000673  C$LAB2End23.c$453$1$122            LAB2End23
C:   00000673  C$LAB2End23.c$454$1$124            LAB2End23
C:   00000673  G$PauseTimer$0$0                   LAB2End23
C:   00000673  _PauseTimer                        LAB2End23
C:   00000675  A$LAB2End23$2711                   LAB2End23
C:   00000675  C$LAB2End23.c$455$1$124            LAB2End23
C:   00000678  A$LAB2End23$2714                   LAB2End23
C:   00000678  C$LAB2End23.c$456$2$125            LAB2End23
C:   0000067A  A$LAB2End23$2715                   LAB2End23
C:   0000067C  A$LAB2End23$2719                   LAB2End23
C:   0000067C  C$LAB2End23.c$460$1$124            LAB2End23
C:   0000067C  XG$PauseTimer$0$0                  LAB2End23
C:   0000067D  A$LAB2End23$2732                   LAB2End23
C:   0000067D  C$LAB2End23.c$462$1$124            LAB2End23
C:   0000067D  C$LAB2End23.c$463$1$127            LAB2End23
C:   0000067D  G$correct$0$0                      LAB2End23
ASxxxx Linker V03.00 + NoICE + sdld,  page 49.
Hexadecimal  [32-Bits]

Area                                    Addr        Size        Decimal Bytes (Attributes)
--------------------------------        ----        ----        ------- ----- ------------
CSEG                                00000099    00000D74 =        3444. bytes (REL,CON,CODE)

      Value  Global                              Global Defined In Module
      -----  --------------------------------   ------------------------
C:   0000067D  _correct                           LAB2End23
C:   0000067F  A$LAB2End23$2735                   LAB2End23
C:   0000067F  C$LAB2End23.c$464$1$127            LAB2End23
C:   00000681  A$LAB2End23$2738                   LAB2End23
C:   00000681  C$LAB2End23.c$465$1$127            LAB2End23
C:   00000683  A$LAB2End23$2741                   LAB2End23
C:   00000683  C$LAB2End23.c$466$1$127            LAB2End23
C:   00000686  A$LAB2End23$2744                   LAB2End23
C:   00000686  C$LAB2End23.c$467$1$127            LAB2End23
C:   00000686  XG$correct$0$0                     LAB2End23
C:   00000687  A$LAB2End23$2757                   LAB2End23
C:   00000687  C$LAB2End23.c$469$1$127            LAB2End23
C:   00000687  C$LAB2End23.c$470$1$129            LAB2End23
C:   00000687  G$incorrect$0$0                    LAB2End23
C:   00000687  _incorrect                         LAB2End23
C:   00000689  A$LAB2End23$2760                   LAB2End23
C:   00000689  C$LAB2End23.c$471$1$129            LAB2End23
C:   0000068B  A$LAB2End23$2763                   LAB2End23
C:   0000068B  C$LAB2End23.c$472$1$129            LAB2End23
C:   0000068D  A$LAB2End23$2766                   LAB2End23
C:   0000068D  C$LAB2End23.c$473$1$129            LAB2End23
C:   00000690  A$LAB2End23$2769                   LAB2End23
C:   00000690  C$LAB2End23.c$474$1$129            LAB2End23
C:   00000692  A$LAB2End23$2772                   LAB2End23
C:   00000692  C$LAB2End23.c$475$1$129            LAB2End23
C:   00000692  XG$incorrect$0$0                   LAB2End23
C:   00000693  A$LAB2End23$2787                   LAB2End23
C:   00000693  C$LAB2End23.c$477$1$129            LAB2End23
C:   00000693  C$LAB2End23.c$498$1$129            LAB2End23
C:   00000693  G$ending$0$0                       LAB2End23
C:   00000693  XG$ending$0$0                      LAB2End23
C:   00000693  _ending                            LAB2End23
C:   00000694  _rand                              rand
C:   000006D0  _srand                             rand
C:   000006DF  __mullong                          _mullong
C:   000006DF  __mullong_dummy                    _mullong
C:   0000074D  __moduint                          _moduint
C:   000007A5  _vprintf                           vprintf
C:   000007BE  _printf                            vprintf
C:   00000895  __print_format                     printf_large
C:   00000D9F  _strlen                            _strlen
C:   00000DB7  __gptrget                          _gptrget
C:   00000DD3  __modsint                          _modsint
C:   00000E09  __sdcc_external_startup            _startup

ASxxxx Linker V03.00 + NoICE + sdld,  page 50.
Hexadecimal  [32-Bits]

Area                                    Addr        Size        Decimal Bytes (Attributes)
--------------------------------        ----        ----        ------- ----- ------------
CONST                               00000E0D    000001B8 =         440. bytes (REL,CON,CODE)

      Value  Global                              Global Defined In Module
      -----  --------------------------------   ------------------------
C:   00000E0D  FLAB2End23$__str_0$0$0             LAB2End23
C:   00000E2A  FLAB2End23$__str_1$0$0             LAB2End23
C:   00000E3E  FLAB2End23$__str_2$0$0             LAB2End23
C:   00000E4E  FLAB2End23$__str_3$0$0             LAB2End23
C:   00000E59  FLAB2End23$__str_4$0$0             LAB2End23
C:   00000E66  FLAB2End23$__str_5$0$0             LAB2End23
C:   00000E6D  FLAB2End23$__str_6$0$0             LAB2End23
C:   00000E7A  FLAB2End23$__str_7$0$0             LAB2End23
C:   00000EAC  FLAB2End23$__str_8$0$0             LAB2End23
C:   00000EE6  FLAB2End23$__str_9$0$0             LAB2End23
C:   00000F09  FLAB2End23$__str_10$0$0            LAB2End23
C:   00000F17  FLAB2End23$__str_11$0$0            LAB2End23
C:   00000F28  FLAB2End23$__str_12$0$0            LAB2End23
C:   00000F31  FLAB2End23$__str_13$0$0            LAB2End23
C:   00000F3E  FLAB2End23$__str_14$0$0            LAB2End23
C:   00000F49  FLAB2End23$__str_15$0$0            LAB2End23
C:   00000F50  FLAB2End23$__str_16$0$0            LAB2End23
C:   00000F5F  FLAB2End23$__str_17$0$0            LAB2End23
C:   00000F68  FLAB2End23$__str_18$0$0            LAB2End23
C:   00000F83  FLAB2End23$__str_19$0$0            LAB2End23
C:   00000F8D  FLAB2End23$__str_20$0$0            LAB2End23
C:   00000F97  FLAB2End23$__str_21$0$0            LAB2End23
C:   00000F9D  FLAB2End23$__str_22$0$0            LAB2End23
C:   00000FA3  FLAB2End23$__str_23$0$0            LAB2End23
C:   00000FAA  FLAB2End23$__str_24$0$0            LAB2End23

ASxxxx Linker V03.00 + NoICE + sdld,  page 51.

Files Linked                              [ module(s) ]

C:\Users\hoddip\Documents\GitHub\LightTechs\Labs\Lab2\Cfiles\LAB2End23.rel
                                          [  ]


Libraries Linked                          [ object file ]

C:\Program Files\SDCC\bin\..\lib\small/libsdcc.lib
                                          [ rand.rel ]
C:\Program Files\SDCC\bin\..\lib\small/mcs51.lib
                                          [ crtclear.rel ]
C:\Program Files\SDCC\bin\..\lib\small/mcs51.lib
                                          [ crtxinit.rel ]
C:\Program Files\SDCC\bin\..\lib\small/liblong.lib
                                          [ _mullong.rel ]
C:\Program Files\SDCC\bin\..\lib\small/libint.lib
                                          [ _moduint.rel ]
C:\Program Files\SDCC\bin\..\lib\small/mcs51.lib
                                          [ crtxclear.rel ]
C:\Program Files\SDCC\bin\..\lib\small/libsdcc.lib
                                          [ vprintf.rel ]
C:\Program Files\SDCC\bin\..\lib\small/libsdcc.lib
                                          [ printf_large.rel ]
C:\Program Files\SDCC\bin\..\lib\small/libsdcc.lib
                                          [ _strlen.rel ]
C:\Program Files\SDCC\bin\..\lib\small/mcs51.lib
                                          [ crtstart.rel ]
C:\Program Files\SDCC\bin\..\lib\small/libsdcc.lib
                                          [ _gptrget.rel ]
C:\Program Files\SDCC\bin\..\lib\small/libint.lib
                                          [ _modsint.rel ]
C:\Program Files\SDCC\bin\..\lib\small/libsdcc.lib
                                          [ _startup.rel ]
C:\Program Files\SDCC\bin\..\lib\small/libsdcc.lib
                                          [ _bp.rel ]

ASxxxx Linker V03.00 + NoICE + sdld,  page 52.

User Base Address Definitions

HOME = 0x0000
XSEG = 0x0001
PSEG = 0x0001
ISEG = 0x0000
BSEG = 0x0000

