ASxxxx Linker V03.00 + NoICE + sdld,  page 1.
Hexadecimal  [32-Bits]

Area                                    Addr        Size        Decimal Bytes (Attributes)
--------------------------------        ----        ----        ------- ----- ------------
CABS                                00000000    00000000 =           0. bytes (ABS,CON,CODE)

      Value  Global                              Global Defined In Module
      -----  --------------------------------   ------------------------
C:   00000000  l_BIT_BANK                      
C:   00000000  l_CABS                          
C:   00000000  l_GSINIT1                       
C:   00000000  l_GSINIT5                       
C:   00000000  l_IABS                          
C:   00000000  l_PSEG                          
C:   00000000  l_REG_BANK_1                    
C:   00000000  l_REG_BANK_2                    
C:   00000000  l_REG_BANK_3                    
C:   00000000  l_RSEG                          
C:   00000000  l_RSEG0                         
C:   00000000  l_RSEG1                         
C:   00000000  l_XABS                          
C:   00000000  l_XINIT                         
C:   00000000  l_XISEG                         
C:   00000000  l_XSEG                          
C:   00000000  l__CODE                         
C:   00000000  s_BSEG                          
C:   00000000  s_CABS                          
C:   00000000  s_DSEG                          
C:   00000000  s_HOME                          
C:   00000000  s_IABS                          
C:   00000000  s_REG_BANK_0                    
C:   00000000  s_RSEG                          
C:   00000000  s_RSEG0                         
C:   00000000  s_RSEG1                         
C:   00000000  s_XABS                          
C:   00000001  s_PSEG                          
C:   00000001  s_XISEG                         
C:   00000001  s_XSEG                          
C:   00000002  l_BSEG_BYTES                    
C:   00000003  l_GSFINAL                       
C:   00000003  l_GSINIT0                       
C:   00000006  l_ISEG                          
C:   00000006  l_OSEG                          
C:   00000008  l_REG_BANK_0                    
C:   00000008  s_REG_BANK_1                    
C:   0000000A  l_BSEG                          
C:   0000000A  l_GSINIT2                       
C:   0000000C  l_GSINIT                        
C:   0000000E  s_OSEG                          
C:   00000010  s_REG_BANK_2                    
C:   00000014  s_ISEG                          
C:   00000018  s_BIT_BANK                      
C:   00000018  s_REG_BANK_3                    
C:   00000020  s_BSEG_BYTES                    
C:   00000020  s__CODE                         
C:   00000022  l_GSINIT3                       
C:   0000002A  l_GSINIT4                       
C:   0000003C  s_SSEG                          
ASxxxx Linker V03.00 + NoICE + sdld,  page 2.
Hexadecimal  [32-Bits]

Area                                    Addr        Size        Decimal Bytes (Attributes)
--------------------------------        ----        ----        ------- ----- ------------
CABS                                00000000    00000000 =           0. bytes (ABS,CON,CODE)

      Value  Global                              Global Defined In Module
      -----  --------------------------------   ------------------------
C:   00000051  l_HOME                          
C:   00000051  s_GSINIT0                       
C:   00000054  s_GSINIT1                       
C:   00000054  s_GSINIT2                       
C:   0000005E  s_GSINIT3                       
C:   0000007A  l_DSEG                          
C:   00000080  s_GSINIT4                       
C:   000000AA  s_GSINIT                        
C:   000000AA  s_GSINIT5                       
C:   000000B6  s_GSFINAL                       
C:   000000B9  s_CSEG                          
C:   000000C4  l_SSEG                          
C:   000000D5  l_CONST                         
C:   00000100  l_IRAM                          
C:   0000084A  l_CSEG                          
C:   00000903  s_CONST                         
C:   000009D8  s_XINIT                         

ASxxxx Linker V03.00 + NoICE + sdld,  page 3.
Hexadecimal  [32-Bits]

Area                                    Addr        Size        Decimal Bytes (Attributes)
--------------------------------        ----        ----        ------- ----- ------------
.  .ABS.                            00000000    00000000 =           0. bytes (ABS,CON)

      Value  Global                              Global Defined In Module
      -----  --------------------------------   ------------------------
     00000000  .__.ABS.                           _bp
     00000080  G$P0$0$0                           worksheet_07
     00000080  G$P0_0$0$0                         worksheet_07
     00000080  _P0                                worksheet_07
     00000080  _P0_0                              worksheet_07
     00000081  G$P0_1$0$0                         worksheet_07
     00000081  G$SP$0$0                           worksheet_07
     00000081  _P0_1                              worksheet_07
     00000081  _SP                                worksheet_07
     00000082  G$DPL$0$0                          worksheet_07
     00000082  G$P0_2$0$0                         worksheet_07
     00000082  _DPL                               worksheet_07
     00000082  _P0_2                              worksheet_07
     00000083  G$DPH$0$0                          worksheet_07
     00000083  G$P0_3$0$0                         worksheet_07
     00000083  _DPH                               worksheet_07
     00000083  _P0_3                              worksheet_07
     00000084  G$P0_4$0$0                         worksheet_07
     00000084  G$P4$0$0                           worksheet_07
     00000084  _P0_4                              worksheet_07
     00000084  _P4                                worksheet_07
     00000085  G$P0_5$0$0                         worksheet_07
     00000085  G$P5$0$0                           worksheet_07
     00000085  _P0_5                              worksheet_07
     00000085  _P5                                worksheet_07
     00000086  G$P0_6$0$0                         worksheet_07
     00000086  G$P6$0$0                           worksheet_07
     00000086  _P0_6                              worksheet_07
     00000086  _P6                                worksheet_07
     00000087  G$P0_7$0$0                         worksheet_07
     00000087  G$PCON$0$0                         worksheet_07
     00000087  _P0_7                              worksheet_07
     00000087  _PCON                              worksheet_07
     00000088  G$IT0$0$0                          worksheet_07
     00000088  G$TCON$0$0                         worksheet_07
     00000088  _IT0                               worksheet_07
     00000088  _TCON                              worksheet_07
     00000089  G$IE0$0$0                          worksheet_07
     00000089  G$TMOD$0$0                         worksheet_07
     00000089  _IE0                               worksheet_07
     00000089  _TMOD                              worksheet_07
     0000008A  G$IT1$0$0                          worksheet_07
     0000008A  G$TL0$0$0                          worksheet_07
     0000008A  _IT1                               worksheet_07
     0000008A  _TL0                               worksheet_07
     0000008B  G$IE1$0$0                          worksheet_07
     0000008B  G$TL1$0$0                          worksheet_07
     0000008B  _IE1                               worksheet_07
     0000008B  _TL1                               worksheet_07
     0000008C  G$TH0$0$0                          worksheet_07
ASxxxx Linker V03.00 + NoICE + sdld,  page 4.
Hexadecimal  [32-Bits]

Area                                    Addr        Size        Decimal Bytes (Attributes)
--------------------------------        ----        ----        ------- ----- ------------
.  .ABS.                            00000000    00000000 =           0. bytes (ABS,CON)

      Value  Global                              Global Defined In Module
      -----  --------------------------------   ------------------------
     0000008C  G$TR0$0$0                          worksheet_07
     0000008C  _TH0                               worksheet_07
     0000008C  _TR0                               worksheet_07
     0000008D  G$TF0$0$0                          worksheet_07
     0000008D  G$TH1$0$0                          worksheet_07
     0000008D  _TF0                               worksheet_07
     0000008D  _TH1                               worksheet_07
     0000008E  G$CKCON$0$0                        worksheet_07
     0000008E  G$TR1$0$0                          worksheet_07
     0000008E  _CKCON                             worksheet_07
     0000008E  _TR1                               worksheet_07
     0000008F  G$PSCTL$0$0                        worksheet_07
     0000008F  G$TF1$0$0                          worksheet_07
     0000008F  _PSCTL                             worksheet_07
     0000008F  _TF1                               worksheet_07
     00000090  G$P1$0$0                           worksheet_07
     00000090  G$P1_0$0$0                         worksheet_07
     00000090  _P1                                worksheet_07
     00000090  _P1_0                              worksheet_07
     00000091  G$P1_1$0$0                         worksheet_07
     00000091  G$TMR3CN$0$0                       worksheet_07
     00000091  _P1_1                              worksheet_07
     00000091  _TMR3CN                            worksheet_07
     00000092  G$P1_2$0$0                         worksheet_07
     00000092  G$TMR3RLL$0$0                      worksheet_07
     00000092  _P1_2                              worksheet_07
     00000092  _TMR3RLL                           worksheet_07
     00000093  G$P1_3$0$0                         worksheet_07
     00000093  G$TMR3RLH$0$0                      worksheet_07
     00000093  _P1_3                              worksheet_07
     00000093  _TMR3RLH                           worksheet_07
     00000094  G$P1_4$0$0                         worksheet_07
     00000094  G$TMR3L$0$0                        worksheet_07
     00000094  _P1_4                              worksheet_07
     00000094  _TMR3L                             worksheet_07
     00000095  G$P1_5$0$0                         worksheet_07
     00000095  G$TMR3H$0$0                        worksheet_07
     00000095  _P1_5                              worksheet_07
     00000095  _TMR3H                             worksheet_07
     00000096  G$P1_6$0$0                         worksheet_07
     00000096  G$P7$0$0                           worksheet_07
     00000096  _P1_6                              worksheet_07
     00000096  _P7                                worksheet_07
     00000097  G$P1_7$0$0                         worksheet_07
     00000097  _P1_7                              worksheet_07
     00000098  G$RI$0$0                           worksheet_07
     00000098  G$RI0$0$0                          worksheet_07
     00000098  G$SCON$0$0                         worksheet_07
     00000098  G$SCON0$0$0                        worksheet_07
     00000098  _RI                                worksheet_07
     00000098  _RI0                               worksheet_07
ASxxxx Linker V03.00 + NoICE + sdld,  page 5.
Hexadecimal  [32-Bits]

Area                                    Addr        Size        Decimal Bytes (Attributes)
--------------------------------        ----        ----        ------- ----- ------------
.  .ABS.                            00000000    00000000 =           0. bytes (ABS,CON)

      Value  Global                              Global Defined In Module
      -----  --------------------------------   ------------------------
     00000098  _SCON                              worksheet_07
     00000098  _SCON0                             worksheet_07
     00000099  G$SBUF$0$0                         worksheet_07
     00000099  G$SBUF0$0$0                        worksheet_07
     00000099  G$TI$0$0                           worksheet_07
     00000099  G$TI0$0$0                          worksheet_07
     00000099  _SBUF                              worksheet_07
     00000099  _SBUF0                             worksheet_07
     00000099  _TI                                worksheet_07
     00000099  _TI0                               worksheet_07
     0000009A  G$RB8$0$0                          worksheet_07
     0000009A  G$RB80$0$0                         worksheet_07
     0000009A  G$SPI0CFG$0$0                      worksheet_07
     0000009A  _RB8                               worksheet_07
     0000009A  _RB80                              worksheet_07
     0000009A  _SPI0CFG                           worksheet_07
     0000009B  G$SPI0DAT$0$0                      worksheet_07
     0000009B  G$TB8$0$0                          worksheet_07
     0000009B  G$TB80$0$0                         worksheet_07
     0000009B  _SPI0DAT                           worksheet_07
     0000009B  _TB8                               worksheet_07
     0000009B  _TB80                              worksheet_07
     0000009C  G$ADC1$0$0                         worksheet_07
     0000009C  G$REN$0$0                          worksheet_07
     0000009C  G$REN0$0$0                         worksheet_07
     0000009C  _ADC1                              worksheet_07
     0000009C  _REN                               worksheet_07
     0000009C  _REN0                              worksheet_07
     0000009D  G$MCE0$0$0                         worksheet_07
     0000009D  G$SM2$0$0                          worksheet_07
     0000009D  G$SM20$0$0                         worksheet_07
     0000009D  G$SPI0CKR$0$0                      worksheet_07
     0000009D  _MCE0                              worksheet_07
     0000009D  _SM2                               worksheet_07
     0000009D  _SM20                              worksheet_07
     0000009D  _SPI0CKR                           worksheet_07
     0000009E  G$CPT0CN$0$0                       worksheet_07
     0000009E  G$SM1$0$0                          worksheet_07
     0000009E  G$SM10$0$0                         worksheet_07
     0000009E  _CPT0CN                            worksheet_07
     0000009E  _SM1                               worksheet_07
     0000009E  _SM10                              worksheet_07
     0000009F  G$CPT1CN$0$0                       worksheet_07
     0000009F  G$S0MODE$0$0                       worksheet_07
     0000009F  G$SM0$0$0                          worksheet_07
     0000009F  G$SM00$0$0                         worksheet_07
     0000009F  _CPT1CN                            worksheet_07
     0000009F  _S0MODE                            worksheet_07
     0000009F  _SM0                               worksheet_07
     0000009F  _SM00                              worksheet_07
     000000A0  G$P2$0$0                           worksheet_07
ASxxxx Linker V03.00 + NoICE + sdld,  page 6.
Hexadecimal  [32-Bits]

Area                                    Addr        Size        Decimal Bytes (Attributes)
--------------------------------        ----        ----        ------- ----- ------------
.  .ABS.                            00000000    00000000 =           0. bytes (ABS,CON)

      Value  Global                              Global Defined In Module
      -----  --------------------------------   ------------------------
     000000A0  G$P2_0$0$0                         worksheet_07
     000000A0  _P2                                worksheet_07
     000000A0  _P2_0                              worksheet_07
     000000A1  G$EMI0TC$0$0                       worksheet_07
     000000A1  G$P2_1$0$0                         worksheet_07
     000000A1  _EMI0TC                            worksheet_07
     000000A1  _P2_1                              worksheet_07
     000000A2  G$P2_2$0$0                         worksheet_07
     000000A2  _P2_2                              worksheet_07
     000000A3  G$EMI0CF$0$0                       worksheet_07
     000000A3  G$P2_3$0$0                         worksheet_07
     000000A3  _EMI0CF                            worksheet_07
     000000A3  _P2_3                              worksheet_07
     000000A4  G$P0MDOUT$0$0                      worksheet_07
     000000A4  G$P2_4$0$0                         worksheet_07
     000000A4  G$PRT0CF$0$0                       worksheet_07
     000000A4  _P0MDOUT                           worksheet_07
     000000A4  _P2_4                              worksheet_07
     000000A4  _PRT0CF                            worksheet_07
     000000A5  G$P1MDOUT$0$0                      worksheet_07
     000000A5  G$P2_5$0$0                         worksheet_07
     000000A5  G$PRT1CF$0$0                       worksheet_07
     000000A5  _P1MDOUT                           worksheet_07
     000000A5  _P2_5                              worksheet_07
     000000A5  _PRT1CF                            worksheet_07
     000000A6  G$P2MDOUT$0$0                      worksheet_07
     000000A6  G$P2_6$0$0                         worksheet_07
     000000A6  G$PRT2CF$0$0                       worksheet_07
     000000A6  _P2MDOUT                           worksheet_07
     000000A6  _P2_6                              worksheet_07
     000000A6  _PRT2CF                            worksheet_07
     000000A7  G$P2_7$0$0                         worksheet_07
     000000A7  G$P3MDOUT$0$0                      worksheet_07
     000000A7  G$PRT3CF$0$0                       worksheet_07
     000000A7  _P2_7                              worksheet_07
     000000A7  _P3MDOUT                           worksheet_07
     000000A7  _PRT3CF                            worksheet_07
     000000A8  G$EX0$0$0                          worksheet_07
     000000A8  G$IE$0$0                           worksheet_07
     000000A8  _EX0                               worksheet_07
     000000A8  _IE                                worksheet_07
     000000A9  G$ET0$0$0                          worksheet_07
     000000A9  G$SADDR0$0$0                       worksheet_07
     000000A9  _ET0                               worksheet_07
     000000A9  _SADDR0                            worksheet_07
     000000AA  G$ADC1CN$0$0                       worksheet_07
     000000AA  G$EX1$0$0                          worksheet_07
     000000AA  _ADC1CN                            worksheet_07
     000000AA  _EX1                               worksheet_07
     000000AB  G$ADC1CF$0$0                       worksheet_07
     000000AB  G$ET1$0$0                          worksheet_07
ASxxxx Linker V03.00 + NoICE + sdld,  page 7.
Hexadecimal  [32-Bits]

Area                                    Addr        Size        Decimal Bytes (Attributes)
--------------------------------        ----        ----        ------- ----- ------------
.  .ABS.                            00000000    00000000 =           0. bytes (ABS,CON)

      Value  Global                              Global Defined In Module
      -----  --------------------------------   ------------------------
     000000AB  _ADC1CF                            worksheet_07
     000000AB  _ET1                               worksheet_07
     000000AC  G$AMX1SL$0$0                       worksheet_07
     000000AC  G$ES$0$0                           worksheet_07
     000000AC  G$ES0$0$0                          worksheet_07
     000000AC  _AMX1SL                            worksheet_07
     000000AC  _ES                                worksheet_07
     000000AC  _ES0                               worksheet_07
     000000AD  G$ET2$0$0                          worksheet_07
     000000AD  G$P3IF$0$0                         worksheet_07
     000000AD  _ET2                               worksheet_07
     000000AD  _P3IF                              worksheet_07
     000000AE  G$SADEN1$0$0                       worksheet_07
     000000AE  _SADEN1                            worksheet_07
     000000AF  G$EA$0$0                           worksheet_07
     000000AF  G$EMI0CN$0$0                       worksheet_07
     000000AF  G$_XPAGE$0$0                       worksheet_07
     000000AF  _EA                                worksheet_07
     000000AF  _EMI0CN                            worksheet_07
     000000AF  __XPAGE                            worksheet_07
     000000B0  G$P3$0$0                           worksheet_07
     000000B0  G$P3_0$0$0                         worksheet_07
     000000B0  _P3                                worksheet_07
     000000B0  _P3_0                              worksheet_07
     000000B1  G$OSCXCN$0$0                       worksheet_07
     000000B1  G$P3_1$0$0                         worksheet_07
     000000B1  _OSCXCN                            worksheet_07
     000000B1  _P3_1                              worksheet_07
     000000B2  G$OSCICN$0$0                       worksheet_07
     000000B2  G$P3_2$0$0                         worksheet_07
     000000B2  _OSCICN                            worksheet_07
     000000B2  _P3_2                              worksheet_07
     000000B3  G$P3_3$0$0                         worksheet_07
     000000B3  _P3_3                              worksheet_07
     000000B4  G$P3_4$0$0                         worksheet_07
     000000B4  _P3_4                              worksheet_07
     000000B5  G$P3_5$0$0                         worksheet_07
     000000B5  G$P74OUT$0$0                       worksheet_07
     000000B5  _P3_5                              worksheet_07
     000000B5  _P74OUT                            worksheet_07
     000000B6  G$FLSCL$0$0                        worksheet_07
     000000B6  G$P3_6$0$0                         worksheet_07
     000000B6  _FLSCL                             worksheet_07
     000000B6  _P3_6                              worksheet_07
     000000B7  G$FLACL$0$0                        worksheet_07
     000000B7  G$P3_7$0$0                         worksheet_07
     000000B7  _FLACL                             worksheet_07
     000000B7  _P3_7                              worksheet_07
     000000B8  G$IP$0$0                           worksheet_07
     000000B8  G$PX0$0$0                          worksheet_07
     000000B8  _IP                                worksheet_07
ASxxxx Linker V03.00 + NoICE + sdld,  page 8.
Hexadecimal  [32-Bits]

Area                                    Addr        Size        Decimal Bytes (Attributes)
--------------------------------        ----        ----        ------- ----- ------------
.  .ABS.                            00000000    00000000 =           0. bytes (ABS,CON)

      Value  Global                              Global Defined In Module
      -----  --------------------------------   ------------------------
     000000B8  _PX0                               worksheet_07
     000000B9  G$PT0$0$0                          worksheet_07
     000000B9  G$SADEN0$0$0                       worksheet_07
     000000B9  _PT0                               worksheet_07
     000000B9  _SADEN0                            worksheet_07
     000000BA  G$AMX0CF$0$0                       worksheet_07
     000000BA  G$PX1$0$0                          worksheet_07
     000000BA  _AMX0CF                            worksheet_07
     000000BA  _PX1                               worksheet_07
     000000BB  G$AMX0SL$0$0                       worksheet_07
     000000BB  G$PT1$0$0                          worksheet_07
     000000BB  _AMX0SL                            worksheet_07
     000000BB  _PT1                               worksheet_07
     000000BC  G$ADC0CF$0$0                       worksheet_07
     000000BC  G$PS$0$0                           worksheet_07
     000000BC  G$PS0$0$0                          worksheet_07
     000000BC  _ADC0CF                            worksheet_07
     000000BC  _PS                                worksheet_07
     000000BC  _PS0                               worksheet_07
     000000BD  G$P1MDIN$0$0                       worksheet_07
     000000BD  G$PT2$0$0                          worksheet_07
     000000BD  _P1MDIN                            worksheet_07
     000000BD  _PT2                               worksheet_07
     000000BE  G$ADC0L$0$0                        worksheet_07
     000000BE  _ADC0L                             worksheet_07
     000000BF  G$ADC0H$0$0                        worksheet_07
     000000BF  _ADC0H                             worksheet_07
     000000C0  G$SMB0CN$0$0                       worksheet_07
     000000C0  G$SMBTOE$0$0                       worksheet_07
     000000C0  _SMB0CN                            worksheet_07
     000000C0  _SMBTOE                            worksheet_07
     000000C1  G$SMB0STA$0$0                      worksheet_07
     000000C1  G$SMBFTE$0$0                       worksheet_07
     000000C1  _SMB0STA                           worksheet_07
     000000C1  _SMBFTE                            worksheet_07
     000000C2  G$AA$0$0                           worksheet_07
     000000C2  G$SMB0DAT$0$0                      worksheet_07
     000000C2  _AA                                worksheet_07
     000000C2  _SMB0DAT                           worksheet_07
     000000C3  G$SI$0$0                           worksheet_07
     000000C3  G$SMB0ADR$0$0                      worksheet_07
     000000C3  _SI                                worksheet_07
     000000C3  _SMB0ADR                           worksheet_07
     000000C4  G$ADC0GTL$0$0                      worksheet_07
     000000C4  G$STO$0$0                          worksheet_07
     000000C4  _ADC0GTL                           worksheet_07
     000000C4  _STO                               worksheet_07
     000000C5  G$ADC0GTH$0$0                      worksheet_07
     000000C5  G$STA$0$0                          worksheet_07
     000000C5  _ADC0GTH                           worksheet_07
     000000C5  _STA                               worksheet_07
ASxxxx Linker V03.00 + NoICE + sdld,  page 9.
Hexadecimal  [32-Bits]

Area                                    Addr        Size        Decimal Bytes (Attributes)
--------------------------------        ----        ----        ------- ----- ------------
.  .ABS.                            00000000    00000000 =           0. bytes (ABS,CON)

      Value  Global                              Global Defined In Module
      -----  --------------------------------   ------------------------
     000000C6  G$ADC0LTL$0$0                      worksheet_07
     000000C6  G$ENSMB$0$0                        worksheet_07
     000000C6  _ADC0LTL                           worksheet_07
     000000C6  _ENSMB                             worksheet_07
     000000C7  G$ADC0LTH$0$0                      worksheet_07
     000000C7  G$BUSY$0$0                         worksheet_07
     000000C7  _ADC0LTH                           worksheet_07
     000000C7  _BUSY                              worksheet_07
     000000C8  G$CPRL2$0$0                        worksheet_07
     000000C8  G$T2CON$0$0                        worksheet_07
     000000C8  _CPRL2                             worksheet_07
     000000C8  _T2CON                             worksheet_07
     000000C9  G$CT2$0$0                          worksheet_07
     000000C9  G$T4CON$0$0                        worksheet_07
     000000C9  _CT2                               worksheet_07
     000000C9  _T4CON                             worksheet_07
     000000CA  G$RCAP2L$0$0                       worksheet_07
     000000CA  G$TR2$0$0                          worksheet_07
     000000CA  _RCAP2L                            worksheet_07
     000000CA  _TR2                               worksheet_07
     000000CB  G$EXEN2$0$0                        worksheet_07
     000000CB  G$RCAP2H$0$0                       worksheet_07
     000000CB  _EXEN2                             worksheet_07
     000000CB  _RCAP2H                            worksheet_07
     000000CC  G$TCLK$0$0                         worksheet_07
     000000CC  G$TL2$0$0                          worksheet_07
     000000CC  _TCLK                              worksheet_07
     000000CC  _TL2                               worksheet_07
     000000CD  G$RCLK$0$0                         worksheet_07
     000000CD  G$TH2$0$0                          worksheet_07
     000000CD  _RCLK                              worksheet_07
     000000CD  _TH2                               worksheet_07
     000000CE  G$EXF2$0$0                         worksheet_07
     000000CE  _EXF2                              worksheet_07
     000000CF  G$SMB0CR$0$0                       worksheet_07
     000000CF  G$TF2$0$0                          worksheet_07
     000000CF  _SMB0CR                            worksheet_07
     000000CF  _TF2                               worksheet_07
     000000D0  G$P$0$0                            worksheet_07
     000000D0  G$PSW$0$0                          worksheet_07
     000000D0  _P                                 worksheet_07
     000000D0  _PSW                               worksheet_07
     000000D1  G$F1$0$0                           worksheet_07
     000000D1  G$REF0CN$0$0                       worksheet_07
     000000D1  _F1                                worksheet_07
     000000D1  _REF0CN                            worksheet_07
     000000D2  G$DAC0L$0$0                        worksheet_07
     000000D2  G$OV$0$0                           worksheet_07
     000000D2  _DAC0L                             worksheet_07
     000000D2  _OV                                worksheet_07
     000000D3  G$DAC0H$0$0                        worksheet_07
ASxxxx Linker V03.00 + NoICE + sdld,  page 10.
Hexadecimal  [32-Bits]

Area                                    Addr        Size        Decimal Bytes (Attributes)
--------------------------------        ----        ----        ------- ----- ------------
.  .ABS.                            00000000    00000000 =           0. bytes (ABS,CON)

      Value  Global                              Global Defined In Module
      -----  --------------------------------   ------------------------
     000000D3  G$RS0$0$0                          worksheet_07
     000000D3  _DAC0H                             worksheet_07
     000000D3  _RS0                               worksheet_07
     000000D4  G$DAC0CN$0$0                       worksheet_07
     000000D4  G$RS1$0$0                          worksheet_07
     000000D4  _DAC0CN                            worksheet_07
     000000D4  _RS1                               worksheet_07
     000000D5  G$DAC1L$0$0                        worksheet_07
     000000D5  G$F0$0$0                           worksheet_07
     000000D5  _DAC1L                             worksheet_07
     000000D5  _F0                                worksheet_07
     000000D6  G$AC$0$0                           worksheet_07
     000000D6  G$DAC1H$0$0                        worksheet_07
     000000D6  _AC                                worksheet_07
     000000D6  _DAC1H                             worksheet_07
     000000D7  G$CY$0$0                           worksheet_07
     000000D7  G$DAC1CN$0$0                       worksheet_07
     000000D7  _CY                                worksheet_07
     000000D7  _DAC1CN                            worksheet_07
     000000D8  G$CCF0$0$0                         worksheet_07
     000000D8  G$PCA0CN$0$0                       worksheet_07
     000000D8  _CCF0                              worksheet_07
     000000D8  _PCA0CN                            worksheet_07
     000000D9  G$CCF1$0$0                         worksheet_07
     000000D9  G$PCA0MD$0$0                       worksheet_07
     000000D9  _CCF1                              worksheet_07
     000000D9  _PCA0MD                            worksheet_07
     000000DA  G$CCF2$0$0                         worksheet_07
     000000DA  G$PCA0CPM0$0$0                     worksheet_07
     000000DA  _CCF2                              worksheet_07
     000000DA  _PCA0CPM0                          worksheet_07
     000000DB  G$CCF3$0$0                         worksheet_07
     000000DB  G$PCA0CPM1$0$0                     worksheet_07
     000000DB  _CCF3                              worksheet_07
     000000DB  _PCA0CPM1                          worksheet_07
     000000DC  G$CCF4$0$0                         worksheet_07
     000000DC  G$PCA0CPM2$0$0                     worksheet_07
     000000DC  _CCF4                              worksheet_07
     000000DC  _PCA0CPM2                          worksheet_07
     000000DD  G$PCA0CPM3$0$0                     worksheet_07
     000000DD  _PCA0CPM3                          worksheet_07
     000000DE  G$CR$0$0                           worksheet_07
     000000DE  G$PCA0CPM4$0$0                     worksheet_07
     000000DE  _CR                                worksheet_07
     000000DE  _PCA0CPM4                          worksheet_07
     000000DF  G$CF$0$0                           worksheet_07
     000000DF  _CF                                worksheet_07
     000000E0  G$ACC$0$0                          worksheet_07
     000000E0  _ACC                               worksheet_07
     000000E1  G$XBR0$0$0                         worksheet_07
     000000E1  _XBR0                              worksheet_07
ASxxxx Linker V03.00 + NoICE + sdld,  page 11.
Hexadecimal  [32-Bits]

Area                                    Addr        Size        Decimal Bytes (Attributes)
--------------------------------        ----        ----        ------- ----- ------------
.  .ABS.                            00000000    00000000 =           0. bytes (ABS,CON)

      Value  Global                              Global Defined In Module
      -----  --------------------------------   ------------------------
     000000E2  G$XBR1$0$0                         worksheet_07
     000000E2  _XBR1                              worksheet_07
     000000E3  G$XBR2$0$0                         worksheet_07
     000000E3  _XBR2                              worksheet_07
     000000E4  G$RCAP4L$0$0                       worksheet_07
     000000E4  _RCAP4L                            worksheet_07
     000000E5  G$RCAP4H$0$0                       worksheet_07
     000000E5  _RCAP4H                            worksheet_07
     000000E6  G$EIE1$0$0                         worksheet_07
     000000E6  _EIE1                              worksheet_07
     000000E7  G$EIE2$0$0                         worksheet_07
     000000E7  _EIE2                              worksheet_07
     000000E8  G$AD0LJST$0$0                      worksheet_07
     000000E8  G$ADC0CN$0$0                       worksheet_07
     000000E8  G$ADLJST$0$0                       worksheet_07
     000000E8  _AD0LJST                           worksheet_07
     000000E8  _ADC0CN                            worksheet_07
     000000E8  _ADLJST                            worksheet_07
     000000E9  G$AD0WINT$0$0                      worksheet_07
     000000E9  G$ADWINT$0$0                       worksheet_07
     000000E9  G$PCA0L$0$0                        worksheet_07
     000000E9  _AD0WINT                           worksheet_07
     000000E9  _ADWINT                            worksheet_07
     000000E9  _PCA0L                             worksheet_07
     000000EA  G$AD0CM0$0$0                       worksheet_07
     000000EA  G$ADSTM0$0$0                       worksheet_07
     000000EA  G$PCA0CPL0$0$0                     worksheet_07
     000000EA  _AD0CM0                            worksheet_07
     000000EA  _ADSTM0                            worksheet_07
     000000EA  _PCA0CPL0                          worksheet_07
     000000EB  G$AD0CM1$0$0                       worksheet_07
     000000EB  G$ADSTM1$0$0                       worksheet_07
     000000EB  G$PCA0CPL1$0$0                     worksheet_07
     000000EB  _AD0CM1                            worksheet_07
     000000EB  _ADSTM1                            worksheet_07
     000000EB  _PCA0CPL1                          worksheet_07
     000000EC  G$AD0BUSY$0$0                      worksheet_07
     000000EC  G$ADBUSY$0$0                       worksheet_07
     000000EC  G$PCA0CPL2$0$0                     worksheet_07
     000000EC  _AD0BUSY                           worksheet_07
     000000EC  _ADBUSY                            worksheet_07
     000000EC  _PCA0CPL2                          worksheet_07
     000000ED  G$AD0INT$0$0                       worksheet_07
     000000ED  G$ADCINT$0$0                       worksheet_07
     000000ED  G$PCA0CPL3$0$0                     worksheet_07
     000000ED  _AD0INT                            worksheet_07
     000000ED  _ADCINT                            worksheet_07
     000000ED  _PCA0CPL3                          worksheet_07
     000000EE  G$AD0TM$0$0                        worksheet_07
     000000EE  G$ADCTM$0$0                        worksheet_07
     000000EE  G$PCA0CPL4$0$0                     worksheet_07
ASxxxx Linker V03.00 + NoICE + sdld,  page 12.
Hexadecimal  [32-Bits]

Area                                    Addr        Size        Decimal Bytes (Attributes)
--------------------------------        ----        ----        ------- ----- ------------
.  .ABS.                            00000000    00000000 =           0. bytes (ABS,CON)

      Value  Global                              Global Defined In Module
      -----  --------------------------------   ------------------------
     000000EE  _AD0TM                             worksheet_07
     000000EE  _ADCTM                             worksheet_07
     000000EE  _PCA0CPL4                          worksheet_07
     000000EF  G$AD0EN$0$0                        worksheet_07
     000000EF  G$ADCEN$0$0                        worksheet_07
     000000EF  G$RSTSRC$0$0                       worksheet_07
     000000EF  _AD0EN                             worksheet_07
     000000EF  _ADCEN                             worksheet_07
     000000EF  _RSTSRC                            worksheet_07
     000000F0  G$B$0$0                            worksheet_07
     000000F0  _B                                 worksheet_07
     000000F1  G$SCON1$0$0                        worksheet_07
     000000F1  _SCON1                             worksheet_07
     000000F2  G$SBUF1$0$0                        worksheet_07
     000000F2  _SBUF1                             worksheet_07
     000000F3  G$SADDR1$0$0                       worksheet_07
     000000F3  _SADDR1                            worksheet_07
     000000F4  G$TL4$0$0                          worksheet_07
     000000F4  _TL4                               worksheet_07
     000000F5  G$TH4$0$0                          worksheet_07
     000000F5  _B_5                               _gptrget
     000000F5  _TH4                               worksheet_07
     000000F6  G$EIP1$0$0                         worksheet_07
     000000F6  _B_6                               _gptrget
     000000F6  _EIP1                              worksheet_07
     000000F7  G$EIP2$0$0                         worksheet_07
     000000F7  _B_7                               _gptrget
     000000F7  _EIP2                              worksheet_07
     000000F8  G$SPI0CN$0$0                       worksheet_07
     000000F8  G$SPIEN$0$0                        worksheet_07
     000000F8  _SPI0CN                            worksheet_07
     000000F8  _SPIEN                             worksheet_07
     000000F9  G$MSTEN$0$0                        worksheet_07
     000000F9  G$PCA0H$0$0                        worksheet_07
     000000F9  _MSTEN                             worksheet_07
     000000F9  _PCA0H                             worksheet_07
     000000FA  G$PCA0CPH0$0$0                     worksheet_07
     000000FA  G$SLVSEL$0$0                       worksheet_07
     000000FA  _PCA0CPH0                          worksheet_07
     000000FA  _SLVSEL                            worksheet_07
     000000FB  G$PCA0CPH1$0$0                     worksheet_07
     000000FB  G$TXBSY$0$0                        worksheet_07
     000000FB  _PCA0CPH1                          worksheet_07
     000000FB  _TXBSY                             worksheet_07
     000000FC  G$PCA0CPH2$0$0                     worksheet_07
     000000FC  G$RXOVRN$0$0                       worksheet_07
     000000FC  _PCA0CPH2                          worksheet_07
     000000FC  _RXOVRN                            worksheet_07
     000000FD  G$MODF$0$0                         worksheet_07
     000000FD  G$PCA0CPH3$0$0                     worksheet_07
     000000FD  _MODF                              worksheet_07
ASxxxx Linker V03.00 + NoICE + sdld,  page 13.
Hexadecimal  [32-Bits]

Area                                    Addr        Size        Decimal Bytes (Attributes)
--------------------------------        ----        ----        ------- ----- ------------
.  .ABS.                            00000000    00000000 =           0. bytes (ABS,CON)

      Value  Global                              Global Defined In Module
      -----  --------------------------------   ------------------------
     000000FD  _PCA0CPH3                          worksheet_07
     000000FE  G$PCA0CPH4$0$0                     worksheet_07
     000000FE  G$WCOL$0$0                         worksheet_07
     000000FE  _PCA0CPH4                          worksheet_07
     000000FE  _WCOL                              worksheet_07
     000000FF  G$SPIF$0$0                         worksheet_07
     000000FF  G$WDTCN$0$0                        worksheet_07
     000000FF  _SPIF                              worksheet_07
     000000FF  _WDTCN                             worksheet_07
     00008C8A  G$TMR0$0$0                         worksheet_07
     00008C8A  _TMR0                              worksheet_07
     00008D8B  G$TMR1$0$0                         worksheet_07
     00008D8B  _TMR1                              worksheet_07
     00009392  G$TMR3RL$0$0                       worksheet_07
     00009392  _TMR3RL                            worksheet_07
     00009594  G$TMR3$0$0                         worksheet_07
     00009594  _TMR3                              worksheet_07
     0000BFBE  G$ADC0$0$0                         worksheet_07
     0000BFBE  _ADC0                              worksheet_07
     0000C5C4  G$ADC0GT$0$0                       worksheet_07
     0000C5C4  _ADC0GT                            worksheet_07
     0000C7C6  G$ADC0LT$0$0                       worksheet_07
     0000C7C6  _ADC0LT                            worksheet_07
     0000CBCA  G$RCAP2$0$0                        worksheet_07
     0000CBCA  _RCAP2                             worksheet_07
     0000CDCC  G$TMR2$0$0                         worksheet_07
     0000CDCC  _TMR2                              worksheet_07
     0000D3D2  G$DAC0$0$0                         worksheet_07
     0000D3D2  _DAC0                              worksheet_07
     0000D6D5  G$DAC1$0$0                         worksheet_07
     0000D6D5  _DAC1                              worksheet_07
     0000E5E4  G$RCAP4$0$0                        worksheet_07
     0000E5E4  _RCAP4                             worksheet_07
     0000F5F4  G$TMR4$0$0                         worksheet_07
     0000F5F4  _TMR4                              worksheet_07
     0000F9E9  G$PCA0$0$0                         worksheet_07
     0000F9E9  _PCA0                              worksheet_07
     0000FAEA  G$PCA0CP0$0$0                      worksheet_07
     0000FAEA  _PCA0CP0                           worksheet_07
     0000FBEB  G$PCA0CP1$0$0                      worksheet_07
     0000FBEB  _PCA0CP1                           worksheet_07
     0000FCEC  G$PCA0CP2$0$0                      worksheet_07
     0000FCEC  _PCA0CP2                           worksheet_07
     0000FDED  G$PCA0CP3$0$0                      worksheet_07
     0000FDED  _PCA0CP3                           worksheet_07
     0000FEEE  G$PCA0CP4$0$0                      worksheet_07
     0000FEEE  _PCA0CP4                           worksheet_07

ASxxxx Linker V03.00 + NoICE + sdld,  page 14.
Hexadecimal  [32-Bits]

Area                                    Addr        Size        Decimal Bytes (Attributes)
--------------------------------        ----        ----        ------- ----- ------------
BSEG_BYTES                          00000020    00000002 =           2. bytes (REL,CON)

      Value  Global                              Global Defined In Module
      -----  --------------------------------   ------------------------
ASxxxx Linker V03.00 + NoICE + sdld,  page 15.
Hexadecimal  [32-Bits]

Area                                    Addr        Size        Decimal Bytes (Attributes)
--------------------------------        ----        ----        ------- ----- ------------
REG_BANK_0                          00000000    00000008 =           8. bytes (REL,OVR)

      Value  Global                              Global Defined In Module
      -----  --------------------------------   ------------------------
ASxxxx Linker V03.00 + NoICE + sdld,  page 16.
Hexadecimal  [32-Bits]

Area                                    Addr        Size        Decimal Bytes (Attributes)
--------------------------------        ----        ----        ------- ----- ------------
DSEG                                00000000    0000007A =         122. bytes (REL,CON)

      Value  Global                              Global Defined In Module
      -----  --------------------------------   ------------------------
     00000008  G$PW$0$0                           worksheet_07
     00000008  _PW                                worksheet_07
     0000000A  G$PCA_start$0$0                    worksheet_07
     0000000A  _PCA_start                         worksheet_07
     0000000C  _vprintf_PARM_2                    vprintf
     0000000D  _bp                                _bp
     0000002E  __print_format_PARM_2              printf_large
     00000031  __print_format_PARM_3              printf_large
     00000034  __print_format_PARM_4              printf_large
ASxxxx Linker V03.00 + NoICE + sdld,  page 17.
Hexadecimal  [32-Bits]

Area                                    Addr        Size        Decimal Bytes (Attributes)
--------------------------------        ----        ----        ------- ----- ------------
OSEG                                0000000E    00000006 =           6. bytes (REL,OVR)

      Value  Global                              Global Defined In Module
      -----  --------------------------------   ------------------------
ASxxxx Linker V03.00 + NoICE + sdld,  page 18.
Hexadecimal  [32-Bits]

Area                                    Addr        Size        Decimal Bytes (Attributes)
--------------------------------        ----        ----        ------- ----- ------------
ISEG                                00000014    00000006 =           6. bytes (REL,CON)

      Value  Global                              Global Defined In Module
      -----  --------------------------------   ------------------------
ASxxxx Linker V03.00 + NoICE + sdld,  page 19.
Hexadecimal  [32-Bits]

Area                                    Addr        Size        Decimal Bytes (Attributes)
--------------------------------        ----        ----        ------- ----- ------------
SSEG                                0000003C    000000C4 =         196. bytes (REL,OVR)

      Value  Global                              Global Defined In Module
      -----  --------------------------------   ------------------------
     0000003C  __start__stack                     worksheet_07

ASxxxx Linker V03.00 + NoICE + sdld,  page 20.
Hexadecimal  [32-Bits]

Area                                    Addr        Size        Decimal Bytes (Attributes)
--------------------------------        ----        ----        ------- ----- ------------
HOME                                00000000    00000051 =          81. bytes (REL,CON,CODE)

      Value  Global                              Global Defined In Module
      -----  --------------------------------   ------------------------
C:   00000000  A$worksheet_07$935                 worksheet_07
C:   00000003  A$worksheet_07$936                 worksheet_07
C:   0000000B  A$worksheet_07$938                 worksheet_07
C:   00000013  A$worksheet_07$940                 worksheet_07
C:   0000001B  A$worksheet_07$942                 worksheet_07
C:   00000023  A$worksheet_07$944                 worksheet_07
C:   0000002B  A$worksheet_07$946                 worksheet_07
C:   00000033  A$worksheet_07$948                 worksheet_07
C:   0000003B  A$worksheet_07$950                 worksheet_07
C:   00000043  A$worksheet_07$952                 worksheet_07
C:   0000004B  A$worksheet_07$954                 worksheet_07
C:   0000004E  A$worksheet_07$984                 worksheet_07
C:   0000004E  __sdcc_program_startup             worksheet_07

ASxxxx Linker V03.00 + NoICE + sdld,  page 21.
Hexadecimal  [32-Bits]

Area                                    Addr        Size        Decimal Bytes (Attributes)
--------------------------------        ----        ----        ------- ----- ------------
GSINIT0                             00000051    00000003 =           3. bytes (REL,CON,CODE)

      Value  Global                              Global Defined In Module
      -----  --------------------------------   ------------------------
C:   00000051  __sdcc_gsinit_startup              

ASxxxx Linker V03.00 + NoICE + sdld,  page 22.
Hexadecimal  [32-Bits]

Area                                    Addr        Size        Decimal Bytes (Attributes)
--------------------------------        ----        ----        ------- ----- ------------
GSINIT2                             00000054    0000000A =          10. bytes (REL,CON,CODE)

      Value  Global                              Global Defined In Module
      -----  --------------------------------   ------------------------
ASxxxx Linker V03.00 + NoICE + sdld,  page 23.
Hexadecimal  [32-Bits]

Area                                    Addr        Size        Decimal Bytes (Attributes)
--------------------------------        ----        ----        ------- ----- ------------
GSINIT3                             0000005E    00000022 =          34. bytes (REL,CON,CODE)

      Value  Global                              Global Defined In Module
      -----  --------------------------------   ------------------------
C:   0000005E  __mcs51_genXINIT                   

ASxxxx Linker V03.00 + NoICE + sdld,  page 24.
Hexadecimal  [32-Bits]

Area                                    Addr        Size        Decimal Bytes (Attributes)
--------------------------------        ----        ----        ------- ----- ------------
GSINIT4                             00000080    0000002A =          42. bytes (REL,CON,CODE)

      Value  Global                              Global Defined In Module
      -----  --------------------------------   ------------------------
C:   00000080  __mcs51_genRAMCLEAR                
C:   00000086  __mcs51_genXRAMCLEAR               

ASxxxx Linker V03.00 + NoICE + sdld,  page 25.
Hexadecimal  [32-Bits]

Area                                    Addr        Size        Decimal Bytes (Attributes)
--------------------------------        ----        ----        ------- ----- ------------
GSINIT                              000000AA    0000000C =          12. bytes (REL,CON,CODE)

      Value  Global                              Global Defined In Module
      -----  --------------------------------   ------------------------
C:   000000AA  A$worksheet_07$970                 worksheet_07
C:   000000AA  C$worksheet_07.c$32$1$42           worksheet_07
C:   000000AD  A$worksheet_07$971                 worksheet_07
C:   000000B0  A$worksheet_07$974                 worksheet_07
C:   000000B0  C$worksheet_07.c$33$1$42           worksheet_07
C:   000000B3  A$worksheet_07$975                 worksheet_07
ASxxxx Linker V03.00 + NoICE + sdld,  page 26.
Hexadecimal  [32-Bits]

Area                                    Addr        Size        Decimal Bytes (Attributes)
--------------------------------        ----        ----        ------- ----- ------------
GSFINAL                             000000B6    00000003 =           3. bytes (REL,CON,CODE)

      Value  Global                              Global Defined In Module
      -----  --------------------------------   ------------------------
C:   000000B6  A$worksheet_07$977                 worksheet_07

ASxxxx Linker V03.00 + NoICE + sdld,  page 27.
Hexadecimal  [32-Bits]

Area                                    Addr        Size        Decimal Bytes (Attributes)
--------------------------------        ----        ----        ------- ----- ------------
CSEG                                000000B9    0000084A =        2122. bytes (REL,CON,CODE)

      Value  Global                              Global Defined In Module
      -----  --------------------------------   ------------------------
C:   000000B9  A$worksheet_07$1012                worksheet_07
C:   000000B9  C$c8051_SDCC.h$42$0$0              worksheet_07
C:   000000B9  C$c8051_SDCC.h$46$1$2              worksheet_07
C:   000000B9  G$SYSCLK_Init$0$0                  worksheet_07
C:   000000B9  _SYSCLK_Init                       worksheet_07
C:   000000BC  A$worksheet_07$1015                worksheet_07
C:   000000BC  C$c8051_SDCC.h$49$1$2              worksheet_07
C:   000000BE  A$worksheet_07$1016                worksheet_07
C:   000000C0  A$worksheet_07$1018                worksheet_07
C:   000000C1  A$worksheet_07$1019                worksheet_07
C:   000000C3  A$worksheet_07$1020                worksheet_07
C:   000000C4  A$worksheet_07$1021                worksheet_07
C:   000000C5  A$worksheet_07$1022                worksheet_07
C:   000000C7  A$worksheet_07$1023                worksheet_07
C:   000000C8  A$worksheet_07$1024                worksheet_07
C:   000000CA  A$worksheet_07$1025                worksheet_07
C:   000000CC  A$worksheet_07$1026                worksheet_07
C:   000000CD  A$worksheet_07$1027                worksheet_07
C:   000000CE  A$worksheet_07$1028                worksheet_07
C:   000000D0  A$worksheet_07$1032                worksheet_07
C:   000000D0  C$c8051_SDCC.h$51$1$2              worksheet_07
C:   000000D2  A$worksheet_07$1033                worksheet_07
C:   000000D5  A$worksheet_07$1036                worksheet_07
C:   000000D5  C$c8051_SDCC.h$53$1$2              worksheet_07
C:   000000D8  A$worksheet_07$1039                worksheet_07
C:   000000D8  C$c8051_SDCC.h$56$1$2              worksheet_07
C:   000000D8  XG$SYSCLK_Init$0$0                 worksheet_07
C:   000000D9  A$worksheet_07$1052                worksheet_07
C:   000000D9  C$c8051_SDCC.h$64$1$2              worksheet_07
C:   000000D9  C$c8051_SDCC.h$66$1$4              worksheet_07
C:   000000D9  G$UART0_Init$0$0                   worksheet_07
C:   000000D9  _UART0_Init                        worksheet_07
C:   000000DC  A$worksheet_07$1055                worksheet_07
C:   000000DC  C$c8051_SDCC.h$67$1$4              worksheet_07
C:   000000DF  A$worksheet_07$1058                worksheet_07
C:   000000DF  C$c8051_SDCC.h$68$1$4              worksheet_07
C:   000000E2  A$worksheet_07$1061                worksheet_07
C:   000000E2  C$c8051_SDCC.h$69$1$4              worksheet_07
C:   000000E4  A$worksheet_07$1064                worksheet_07
C:   000000E4  C$c8051_SDCC.h$70$1$4              worksheet_07
C:   000000E7  A$worksheet_07$1067                worksheet_07
C:   000000E7  C$c8051_SDCC.h$71$1$4              worksheet_07
C:   000000EA  A$worksheet_07$1070                worksheet_07
C:   000000EA  C$c8051_SDCC.h$73$1$4              worksheet_07
C:   000000EC  A$worksheet_07$1073                worksheet_07
C:   000000EC  C$c8051_SDCC.h$74$1$4              worksheet_07
C:   000000EF  A$worksheet_07$1076                worksheet_07
C:   000000EF  C$c8051_SDCC.h$75$1$4              worksheet_07
C:   000000EF  XG$UART0_Init$0$0                  worksheet_07
C:   000000F0  A$worksheet_07$1089                worksheet_07
ASxxxx Linker V03.00 + NoICE + sdld,  page 28.
Hexadecimal  [32-Bits]

Area                                    Addr        Size        Decimal Bytes (Attributes)
--------------------------------        ----        ----        ------- ----- ------------
CSEG                                000000B9    0000084A =        2122. bytes (REL,CON,CODE)

      Value  Global                              Global Defined In Module
      -----  --------------------------------   ------------------------
C:   000000F0  C$c8051_SDCC.h$83$1$4              worksheet_07
C:   000000F0  C$c8051_SDCC.h$85$1$6              worksheet_07
C:   000000F0  G$Sys_Init$0$0                     worksheet_07
C:   000000F0  _Sys_Init                          worksheet_07
C:   000000F3  A$worksheet_07$1092                worksheet_07
C:   000000F3  C$c8051_SDCC.h$86$1$6              worksheet_07
C:   000000F6  A$worksheet_07$1095                worksheet_07
C:   000000F6  C$c8051_SDCC.h$88$1$6              worksheet_07
C:   000000F9  A$worksheet_07$1098                worksheet_07
C:   000000F9  C$c8051_SDCC.h$89$1$6              worksheet_07
C:   000000FC  A$worksheet_07$1101                worksheet_07
C:   000000FC  C$c8051_SDCC.h$91$1$6              worksheet_07
C:   000000FF  A$worksheet_07$1104                worksheet_07
C:   000000FF  C$c8051_SDCC.h$92$1$6              worksheet_07
C:   00000102  A$worksheet_07$1107                worksheet_07
C:   00000102  C$c8051_SDCC.h$93$1$6              worksheet_07
C:   00000102  XG$Sys_Init$0$0                    worksheet_07
C:   00000103  A$worksheet_07$1120                worksheet_07
C:   00000103  C$c8051_SDCC.h$98$1$6              worksheet_07
C:   00000103  G$putchar$0$0                      worksheet_07
C:   00000103  _putchar                           worksheet_07
C:   00000105  A$worksheet_07$1126                worksheet_07
C:   00000105  C$c8051_SDCC.h$100$1$8             worksheet_07
C:   00000105  C$c8051_SDCC.h$101$1$8             worksheet_07
C:   00000108  A$worksheet_07$1127                worksheet_07
C:   0000010A  A$worksheet_07$1131                worksheet_07
C:   0000010A  C$c8051_SDCC.h$102$1$8             worksheet_07
C:   0000010C  A$worksheet_07$1134                worksheet_07
C:   0000010C  C$c8051_SDCC.h$103$1$8             worksheet_07
C:   0000010C  XG$putchar$0$0                     worksheet_07
C:   0000010D  A$worksheet_07$1152                worksheet_07
C:   0000010D  C$c8051_SDCC.h$108$1$8             worksheet_07
C:   0000010D  C$c8051_SDCC.h$111$1$10            worksheet_07
C:   0000010D  C$c8051_SDCC.h$112$1$10            worksheet_07
C:   0000010D  G$getchar$0$0                      worksheet_07
C:   0000010D  _getchar                           worksheet_07
C:   00000110  A$worksheet_07$1153                worksheet_07
C:   00000112  A$worksheet_07$1157                worksheet_07
C:   00000112  C$c8051_SDCC.h$113$1$10            worksheet_07
C:   00000115  A$worksheet_07$1160                worksheet_07
C:   00000115  C$c8051_SDCC.h$114$1$10            worksheet_07
C:   00000118  A$worksheet_07$1163                worksheet_07
C:   00000118  C$c8051_SDCC.h$115$1$10            worksheet_07
C:   0000011B  A$worksheet_07$1166                worksheet_07
C:   0000011B  C$c8051_SDCC.h$116$1$10            worksheet_07
C:   0000011B  XG$getchar$0$0                     worksheet_07
C:   0000011C  A$worksheet_07$1181                worksheet_07
C:   0000011C  C$c8051_SDCC.h$121$1$10            worksheet_07
C:   0000011C  C$c8051_SDCC.h$124$1$12            worksheet_07
C:   0000011C  G$getchar_nw$0$0                   worksheet_07
C:   0000011C  _getchar_nw                        worksheet_07
ASxxxx Linker V03.00 + NoICE + sdld,  page 29.
Hexadecimal  [32-Bits]

Area                                    Addr        Size        Decimal Bytes (Attributes)
--------------------------------        ----        ----        ------- ----- ------------
CSEG                                000000B9    0000084A =        2122. bytes (REL,CON,CODE)

      Value  Global                              Global Defined In Module
      -----  --------------------------------   ------------------------
C:   0000011F  A$worksheet_07$1182                worksheet_07
C:   00000122  A$worksheet_07$1183                worksheet_07
C:   00000124  A$worksheet_07$1187                worksheet_07
C:   00000124  C$c8051_SDCC.h$127$2$13            worksheet_07
C:   00000126  A$worksheet_07$1190                worksheet_07
C:   00000126  C$c8051_SDCC.h$128$2$13            worksheet_07
C:   00000129  A$worksheet_07$1193                worksheet_07
C:   00000129  C$c8051_SDCC.h$129$2$13            worksheet_07
C:   0000012C  A$worksheet_07$1196                worksheet_07
C:   0000012C  C$c8051_SDCC.h$130$2$13            worksheet_07
C:   0000012F  A$worksheet_07$1200                worksheet_07
C:   0000012F  C$c8051_SDCC.h$132$1$12            worksheet_07
C:   0000012F  XG$getchar_nw$0$0                  worksheet_07
C:   00000130  A$worksheet_07$1215                worksheet_07
C:   00000130  C$worksheet_07.c$38$1$12           worksheet_07
C:   00000130  C$worksheet_07.c$41$1$32           worksheet_07
C:   00000130  G$main$0$0                         worksheet_07
C:   00000130  _main                              worksheet_07
C:   00000133  A$worksheet_07$1218                worksheet_07
C:   00000133  C$worksheet_07.c$42$1$32           worksheet_07
C:   00000136  A$worksheet_07$1219                worksheet_07
C:   00000139  A$worksheet_07$1222                worksheet_07
C:   00000139  C$worksheet_07.c$43$1$32           worksheet_07
C:   0000013C  A$worksheet_07$1225                worksheet_07
C:   0000013C  C$worksheet_07.c$44$1$32           worksheet_07
C:   0000013F  A$worksheet_07$1228                worksheet_07
C:   0000013F  C$worksheet_07.c$45$1$32           worksheet_07
C:   00000142  A$worksheet_07$1231                worksheet_07
C:   00000142  C$worksheet_07.c$46$1$32           worksheet_07
C:   00000144  A$worksheet_07$1232                worksheet_07
C:   00000146  A$worksheet_07$1233                worksheet_07
C:   00000148  A$worksheet_07$1234                worksheet_07
C:   0000014A  A$worksheet_07$1235                worksheet_07
C:   0000014C  A$worksheet_07$1236                worksheet_07
C:   0000014E  A$worksheet_07$1237                worksheet_07
C:   00000151  A$worksheet_07$1238                worksheet_07
C:   00000153  A$worksheet_07$1239                worksheet_07
C:   00000155  A$worksheet_07$1240                worksheet_07
C:   00000157  A$worksheet_07$1243                worksheet_07
C:   00000157  C$worksheet_07.c$47$1$32           worksheet_07
C:   00000159  A$worksheet_07$1244                worksheet_07
C:   0000015B  A$worksheet_07$1245                worksheet_07
C:   0000015D  A$worksheet_07$1246                worksheet_07
C:   0000015F  A$worksheet_07$1247                worksheet_07
C:   00000161  A$worksheet_07$1248                worksheet_07
C:   00000163  A$worksheet_07$1249                worksheet_07
C:   00000166  A$worksheet_07$1250                worksheet_07
C:   00000168  A$worksheet_07$1251                worksheet_07
C:   0000016A  A$worksheet_07$1252                worksheet_07
C:   0000016C  A$worksheet_07$1255                worksheet_07
C:   0000016C  C$worksheet_07.c$48$1$32           worksheet_07
ASxxxx Linker V03.00 + NoICE + sdld,  page 30.
Hexadecimal  [32-Bits]

Area                                    Addr        Size        Decimal Bytes (Attributes)
--------------------------------        ----        ----        ------- ----- ------------
CSEG                                000000B9    0000084A =        2122. bytes (REL,CON,CODE)

      Value  Global                              Global Defined In Module
      -----  --------------------------------   ------------------------
C:   0000016E  A$worksheet_07$1256                worksheet_07
C:   00000170  A$worksheet_07$1257                worksheet_07
C:   00000172  A$worksheet_07$1258                worksheet_07
C:   00000174  A$worksheet_07$1259                worksheet_07
C:   00000176  A$worksheet_07$1260                worksheet_07
C:   00000178  A$worksheet_07$1261                worksheet_07
C:   0000017B  A$worksheet_07$1262                worksheet_07
C:   0000017D  A$worksheet_07$1263                worksheet_07
C:   0000017F  A$worksheet_07$1264                worksheet_07
C:   00000181  A$worksheet_07$1267                worksheet_07
C:   00000181  C$worksheet_07.c$49$1$32           worksheet_07
C:   00000183  A$worksheet_07$1268                worksheet_07
C:   00000185  A$worksheet_07$1269                worksheet_07
C:   00000187  A$worksheet_07$1270                worksheet_07
C:   00000189  A$worksheet_07$1271                worksheet_07
C:   0000018B  A$worksheet_07$1272                worksheet_07
C:   0000018D  A$worksheet_07$1273                worksheet_07
C:   00000190  A$worksheet_07$1274                worksheet_07
C:   00000192  A$worksheet_07$1275                worksheet_07
C:   00000194  A$worksheet_07$1276                worksheet_07
C:   00000196  A$worksheet_07$1279                worksheet_07
C:   00000196  C$worksheet_07.c$50$1$32           worksheet_07
C:   00000198  A$worksheet_07$1280                worksheet_07
C:   0000019A  A$worksheet_07$1281                worksheet_07
C:   0000019C  A$worksheet_07$1282                worksheet_07
C:   0000019E  A$worksheet_07$1283                worksheet_07
C:   000001A0  A$worksheet_07$1284                worksheet_07
C:   000001A2  A$worksheet_07$1285                worksheet_07
C:   000001A5  A$worksheet_07$1286                worksheet_07
C:   000001A7  A$worksheet_07$1287                worksheet_07
C:   000001A9  A$worksheet_07$1288                worksheet_07
C:   000001AB  A$worksheet_07$1291                worksheet_07
C:   000001AB  C$worksheet_07.c$51$1$32           worksheet_07
C:   000001AD  A$worksheet_07$1292                worksheet_07
C:   000001AF  A$worksheet_07$1293                worksheet_07
C:   000001B0  A$worksheet_07$1294                worksheet_07
C:   000001B1  A$worksheet_07$1295                worksheet_07
C:   000001B2  A$worksheet_07$1296                worksheet_07
C:   000001B4  A$worksheet_07$1297                worksheet_07
C:   000001B5  A$worksheet_07$1298                worksheet_07
C:   000001B6  A$worksheet_07$1299                worksheet_07
C:   000001B7  A$worksheet_07$1300                worksheet_07
C:   000001B9  A$worksheet_07$1301                worksheet_07
C:   000001BA  A$worksheet_07$1302                worksheet_07
C:   000001BB  A$worksheet_07$1303                worksheet_07
C:   000001BC  A$worksheet_07$1304                worksheet_07
C:   000001BD  A$worksheet_07$1305                worksheet_07
C:   000001BE  A$worksheet_07$1306                worksheet_07
C:   000001BF  A$worksheet_07$1307                worksheet_07
C:   000001C0  A$worksheet_07$1308                worksheet_07
C:   000001C1  A$worksheet_07$1309                worksheet_07
ASxxxx Linker V03.00 + NoICE + sdld,  page 31.
Hexadecimal  [32-Bits]

Area                                    Addr        Size        Decimal Bytes (Attributes)
--------------------------------        ----        ----        ------- ----- ------------
CSEG                                000000B9    0000084A =        2122. bytes (REL,CON,CODE)

      Value  Global                              Global Defined In Module
      -----  --------------------------------   ------------------------
C:   000001C3  A$worksheet_07$1310                worksheet_07
C:   000001C5  A$worksheet_07$1316                worksheet_07
C:   000001C5  C$worksheet_07.c$54$1$32           worksheet_07
C:   000001C5  C$worksheet_07.c$56$2$33           worksheet_07
C:   000001C8  A$worksheet_07$1317                worksheet_07
C:   000001CA  A$worksheet_07$1320                worksheet_07
C:   000001CA  C$worksheet_07.c$57$2$33           worksheet_07
C:   000001CD  A$worksheet_07$1321                worksheet_07
C:   000001CF  A$worksheet_07$1322                worksheet_07
C:   000001D1  A$worksheet_07$1323                worksheet_07
C:   000001D3  A$worksheet_07$1324                worksheet_07
C:   000001D5  A$worksheet_07$1325                worksheet_07
C:   000001D6  A$worksheet_07$1326                worksheet_07
C:   000001D7  A$worksheet_07$1327                worksheet_07
C:   000001D9  A$worksheet_07$1328                worksheet_07
C:   000001DA  A$worksheet_07$1329                worksheet_07
C:   000001DC  A$worksheet_07$1330                worksheet_07
C:   000001DD  A$worksheet_07$1331                worksheet_07
C:   000001DF  A$worksheet_07$1332                worksheet_07
C:   000001E0  A$worksheet_07$1333                worksheet_07
C:   000001E2  A$worksheet_07$1334                worksheet_07
C:   000001E4  A$worksheet_07$1335                worksheet_07
C:   000001E6  A$worksheet_07$1336                worksheet_07
C:   000001E8  A$worksheet_07$1337                worksheet_07
C:   000001EA  A$worksheet_07$1338                worksheet_07
C:   000001EC  A$worksheet_07$1339                worksheet_07
C:   000001EE  A$worksheet_07$1340                worksheet_07
C:   000001F0  A$worksheet_07$1341                worksheet_07
C:   000001F2  A$worksheet_07$1345                worksheet_07
C:   000001F2  C$worksheet_07.c$58$2$33           worksheet_07
C:   000001F5  A$worksheet_07$1346                worksheet_07
C:   000001F6  A$worksheet_07$1347                worksheet_07
C:   000001F8  A$worksheet_07$1348                worksheet_07
C:   000001FA  A$worksheet_07$1349                worksheet_07
C:   000001FC  A$worksheet_07$1350                worksheet_07
C:   000001FE  A$worksheet_07$1351                worksheet_07
C:   00000200  A$worksheet_07$1352                worksheet_07
C:   00000202  A$worksheet_07$1353                worksheet_07
C:   00000204  A$worksheet_07$1354                worksheet_07
C:   00000206  A$worksheet_07$1355                worksheet_07
C:   00000208  A$worksheet_07$1356                worksheet_07
C:   0000020A  A$worksheet_07$1357                worksheet_07
C:   0000020C  A$worksheet_07$1361                worksheet_07
C:   0000020C  C$worksheet_07.c$59$2$33           worksheet_07
C:   0000020F  A$worksheet_07$1364                worksheet_07
C:   0000020F  C$worksheet_07.c$61$3$34           worksheet_07
C:   00000211  A$worksheet_07$1365                worksheet_07
C:   00000213  A$worksheet_07$1366                worksheet_07
C:   00000215  A$worksheet_07$1367                worksheet_07
C:   00000217  A$worksheet_07$1368                worksheet_07
C:   00000218  A$worksheet_07$1369                worksheet_07
ASxxxx Linker V03.00 + NoICE + sdld,  page 32.
Hexadecimal  [32-Bits]

Area                                    Addr        Size        Decimal Bytes (Attributes)
--------------------------------        ----        ----        ------- ----- ------------
CSEG                                000000B9    0000084A =        2122. bytes (REL,CON,CODE)

      Value  Global                              Global Defined In Module
      -----  --------------------------------   ------------------------
C:   00000219  A$worksheet_07$1370                worksheet_07
C:   0000021B  A$worksheet_07$1371                worksheet_07
C:   0000021C  A$worksheet_07$1372                worksheet_07
C:   0000021E  A$worksheet_07$1373                worksheet_07
C:   0000021F  A$worksheet_07$1374                worksheet_07
C:   00000221  A$worksheet_07$1375                worksheet_07
C:   00000222  A$worksheet_07$1376                worksheet_07
C:   00000224  A$worksheet_07$1377                worksheet_07
C:   00000226  A$worksheet_07$1378                worksheet_07
C:   00000228  A$worksheet_07$1381                worksheet_07
C:   00000228  C$worksheet_07.c$63$4$35           worksheet_07
C:   0000022A  A$worksheet_07$1382                worksheet_07
C:   0000022C  A$worksheet_07$1383                worksheet_07
C:   0000022E  A$worksheet_07$1384                worksheet_07
C:   00000230  A$worksheet_07$1385                worksheet_07
C:   00000232  A$worksheet_07$1386                worksheet_07
C:   00000234  A$worksheet_07$1389                worksheet_07
C:   00000234  C$worksheet_07.c$64$4$35           worksheet_07
C:   00000236  A$worksheet_07$1390                worksheet_07
C:   00000238  A$worksheet_07$1391                worksheet_07
C:   00000239  A$worksheet_07$1392                worksheet_07
C:   0000023A  A$worksheet_07$1393                worksheet_07
C:   0000023B  A$worksheet_07$1394                worksheet_07
C:   0000023C  A$worksheet_07$1395                worksheet_07
C:   0000023D  A$worksheet_07$1396                worksheet_07
C:   0000023E  A$worksheet_07$1397                worksheet_07
C:   0000023F  A$worksheet_07$1398                worksheet_07
C:   00000240  A$worksheet_07$1399                worksheet_07
C:   00000241  A$worksheet_07$1400                worksheet_07
C:   00000243  A$worksheet_07$1401                worksheet_07
C:   00000244  A$worksheet_07$1402                worksheet_07
C:   00000245  A$worksheet_07$1403                worksheet_07
C:   00000246  A$worksheet_07$1404                worksheet_07
C:   00000247  A$worksheet_07$1405                worksheet_07
C:   00000248  A$worksheet_07$1406                worksheet_07
C:   0000024A  A$worksheet_07$1407                worksheet_07
C:   0000024C  A$worksheet_07$1411                worksheet_07
C:   0000024C  C$worksheet_07.c$69$2$33           worksheet_07
C:   0000024F  A$worksheet_07$1414                worksheet_07
C:   0000024F  C$worksheet_07.c$71$3$36           worksheet_07
C:   00000250  A$worksheet_07$1415                worksheet_07
C:   00000252  A$worksheet_07$1416                worksheet_07
C:   00000254  A$worksheet_07$1417                worksheet_07
C:   00000256  A$worksheet_07$1418                worksheet_07
C:   00000258  A$worksheet_07$1419                worksheet_07
C:   0000025A  A$worksheet_07$1422                worksheet_07
C:   0000025A  C$worksheet_07.c$73$4$37           worksheet_07
C:   0000025C  A$worksheet_07$1423                worksheet_07
C:   0000025E  A$worksheet_07$1424                worksheet_07
C:   00000260  A$worksheet_07$1425                worksheet_07
C:   00000262  A$worksheet_07$1426                worksheet_07
ASxxxx Linker V03.00 + NoICE + sdld,  page 33.
Hexadecimal  [32-Bits]

Area                                    Addr        Size        Decimal Bytes (Attributes)
--------------------------------        ----        ----        ------- ----- ------------
CSEG                                000000B9    0000084A =        2122. bytes (REL,CON,CODE)

      Value  Global                              Global Defined In Module
      -----  --------------------------------   ------------------------
C:   00000264  A$worksheet_07$1427                worksheet_07
C:   00000266  A$worksheet_07$1430                worksheet_07
C:   00000266  C$worksheet_07.c$74$4$37           worksheet_07
C:   00000268  A$worksheet_07$1431                worksheet_07
C:   0000026A  A$worksheet_07$1432                worksheet_07
C:   0000026B  A$worksheet_07$1433                worksheet_07
C:   0000026C  A$worksheet_07$1434                worksheet_07
C:   0000026D  A$worksheet_07$1435                worksheet_07
C:   0000026F  A$worksheet_07$1436                worksheet_07
C:   00000270  A$worksheet_07$1437                worksheet_07
C:   00000271  A$worksheet_07$1438                worksheet_07
C:   00000272  A$worksheet_07$1439                worksheet_07
C:   00000274  A$worksheet_07$1440                worksheet_07
C:   00000275  A$worksheet_07$1441                worksheet_07
C:   00000276  A$worksheet_07$1442                worksheet_07
C:   00000277  A$worksheet_07$1443                worksheet_07
C:   00000278  A$worksheet_07$1444                worksheet_07
C:   00000279  A$worksheet_07$1445                worksheet_07
C:   0000027A  A$worksheet_07$1446                worksheet_07
C:   0000027B  A$worksheet_07$1447                worksheet_07
C:   0000027C  A$worksheet_07$1448                worksheet_07
C:   0000027E  A$worksheet_07$1449                worksheet_07
C:   00000280  A$worksheet_07$1453                worksheet_07
C:   00000280  C$worksheet_07.c$79$2$33           worksheet_07
C:   00000282  A$worksheet_07$1454                worksheet_07
C:   00000284  A$worksheet_07$1455                worksheet_07
C:   00000286  A$worksheet_07$1456                worksheet_07
C:   00000288  A$worksheet_07$1457                worksheet_07
C:   0000028A  A$worksheet_07$1458                worksheet_07
C:   0000028C  A$worksheet_07$1459                worksheet_07
C:   0000028E  A$worksheet_07$1460                worksheet_07
C:   00000290  A$worksheet_07$1461                worksheet_07
C:   00000292  A$worksheet_07$1462                worksheet_07
C:   00000294  A$worksheet_07$1463                worksheet_07
C:   00000297  A$worksheet_07$1464                worksheet_07
C:   00000299  A$worksheet_07$1465                worksheet_07
C:   0000029B  A$worksheet_07$1466                worksheet_07
C:   0000029D  A$worksheet_07$1467                worksheet_07
C:   000002A0  A$worksheet_07$1470                worksheet_07
C:   000002A0  C$worksheet_07.c$81$1$32           worksheet_07
C:   000002A0  XG$main$0$0                        worksheet_07
C:   000002A1  A$worksheet_07$1483                worksheet_07
C:   000002A1  C$worksheet_07.c$84$1$32           worksheet_07
C:   000002A1  C$worksheet_07.c$86$1$38           worksheet_07
C:   000002A1  G$XBR0_Init$0$0                    worksheet_07
C:   000002A1  _XBR0_Init                         worksheet_07
C:   000002A4  A$worksheet_07$1486                worksheet_07
C:   000002A4  C$worksheet_07.c$87$1$38           worksheet_07
C:   000002A4  XG$XBR0_Init$0$0                   worksheet_07
C:   000002A5  A$worksheet_07$1499                worksheet_07
C:   000002A5  C$worksheet_07.c$90$1$38           worksheet_07
ASxxxx Linker V03.00 + NoICE + sdld,  page 34.
Hexadecimal  [32-Bits]

Area                                    Addr        Size        Decimal Bytes (Attributes)
--------------------------------        ----        ----        ------- ----- ------------
CSEG                                000000B9    0000084A =        2122. bytes (REL,CON,CODE)

      Value  Global                              Global Defined In Module
      -----  --------------------------------   ------------------------
C:   000002A5  C$worksheet_07.c$94$1$39           worksheet_07
C:   000002A5  G$Interrupt_Init$0$0               worksheet_07
C:   000002A5  _Interrupt_Init                    worksheet_07
C:   000002A8  A$worksheet_07$1502                worksheet_07
C:   000002A8  C$worksheet_07.c$95$1$39           worksheet_07
C:   000002AA  A$worksheet_07$1505                worksheet_07
C:   000002AA  C$worksheet_07.c$96$1$39           worksheet_07
C:   000002AA  XG$Interrupt_Init$0$0              worksheet_07
C:   000002AB  A$worksheet_07$1518                worksheet_07
C:   000002AB  C$worksheet_07.c$101$1$40          worksheet_07
C:   000002AB  C$worksheet_07.c$99$1$39           worksheet_07
C:   000002AB  G$PCA_Init$0$0                     worksheet_07
C:   000002AB  _PCA_Init                          worksheet_07
C:   000002AE  A$worksheet_07$1521                worksheet_07
C:   000002AE  C$worksheet_07.c$102$1$40          worksheet_07
C:   000002B1  A$worksheet_07$1524                worksheet_07
C:   000002B1  C$worksheet_07.c$103$1$40          worksheet_07
C:   000002B4  A$worksheet_07$1527                worksheet_07
C:   000002B4  C$worksheet_07.c$104$1$40          worksheet_07
C:   000002B4  XG$PCA_Init$0$0                    worksheet_07
C:   000002B5  A$worksheet_07$1540                worksheet_07
C:   000002B5  C$worksheet_07.c$107$1$40          worksheet_07
C:   000002B5  C$worksheet_07.c$109$1$42          worksheet_07
C:   000002B5  G$PCA_ISR$0$0                      worksheet_07
C:   000002B5  _PCA_ISR                           worksheet_07
C:   000002B8  A$worksheet_07$1543                worksheet_07
C:   000002B8  C$worksheet_07.c$111$2$43          worksheet_07
C:   000002BB  A$worksheet_07$1544                worksheet_07
C:   000002BE  A$worksheet_07$1547                worksheet_07
C:   000002BE  C$worksheet_07.c$114$2$43          worksheet_07
C:   000002C0  A$worksheet_07$1548                worksheet_07
C:   000002C2  A$worksheet_07$1552                worksheet_07
C:   000002C2  C$worksheet_07.c$116$1$42          worksheet_07
C:   000002C5  A$worksheet_07$1556                worksheet_07
C:   000002C5  C$worksheet_07.c$117$1$42          worksheet_07
C:   000002C5  XG$PCA_ISR$0$0                     worksheet_07
C:   000002D1  _vprintf                           vprintf
C:   000002EA  _printf                            vprintf
C:   000003C1  __print_format                     printf_large
C:   000008CB  _strlen                            _strlen
C:   000008E3  __gptrget                          _gptrget
C:   000008FF  __sdcc_external_startup            _startup

ASxxxx Linker V03.00 + NoICE + sdld,  page 35.
Hexadecimal  [32-Bits]

Area                                    Addr        Size        Decimal Bytes (Attributes)
--------------------------------        ----        ----        ------- ----- ------------
CONST                               00000903    000000D5 =         213. bytes (REL,CON,CODE)

      Value  Global                              Global Defined In Module
      -----  --------------------------------   ------------------------
C:   00000903  Fworksheet_07$__str_0$0$0          worksheet_07
C:   00000910  Fworksheet_07$__str_1$0$0          worksheet_07
C:   00000939  Fworksheet_07$__str_2$0$0          worksheet_07
C:   00000962  Fworksheet_07$__str_3$0$0          worksheet_07
C:   00000987  Fworksheet_07$__str_4$0$0          worksheet_07
C:   000009AC  Fworksheet_07$__str_5$0$0          worksheet_07
ASxxxx Linker V03.00 + NoICE + sdld,  page 36.

Files Linked                              [ module(s) ]

C:\Users\hoddip\Documents\GitHub\LightTechs\WorkSheets\WorkSheet7\worksheet_07.rel
                                          [  ]


Libraries Linked                          [ object file ]

C:\Program Files\SDCC\bin\..\lib\small/mcs51.lib
                                          [ crtclear.rel ]
C:\Program Files\SDCC\bin\..\lib\small/mcs51.lib
                                          [ crtxinit.rel ]
C:\Program Files\SDCC\bin\..\lib\small/mcs51.lib
                                          [ crtxclear.rel ]
C:\Program Files\SDCC\bin\..\lib\small/libsdcc.lib
                                          [ vprintf.rel ]
C:\Program Files\SDCC\bin\..\lib\small/libsdcc.lib
                                          [ printf_large.rel ]
C:\Program Files\SDCC\bin\..\lib\small/libsdcc.lib
                                          [ _strlen.rel ]
C:\Program Files\SDCC\bin\..\lib\small/mcs51.lib
                                          [ crtstart.rel ]
C:\Program Files\SDCC\bin\..\lib\small/libsdcc.lib
                                          [ _gptrget.rel ]
C:\Program Files\SDCC\bin\..\lib\small/libsdcc.lib
                                          [ _startup.rel ]
C:\Program Files\SDCC\bin\..\lib\small/libsdcc.lib
                                          [ _bp.rel ]

ASxxxx Linker V03.00 + NoICE + sdld,  page 37.

User Base Address Definitions

HOME = 0x0000
XSEG = 0x0001
PSEG = 0x0001
ISEG = 0x0000
BSEG = 0x0000

