ASxxxx Linker V03.00 + NoICE + sdld,  page 1.
Hexadecimal  [32-Bits]

Area                                    Addr        Size        Decimal Bytes (Attributes)
--------------------------------        ----        ----        ------- ----- ------------
CABS                                00000000    00000000 =           0. bytes (ABS,CON,CODE)

      Value  Global                              Global Defined In Module
      -----  --------------------------------   ------------------------
C:   00000000  l_BIT_BANK                      
C:   00000000  l_CABS                          
C:   00000000  l_GSINIT1                       
C:   00000000  l_GSINIT5                       
C:   00000000  l_IABS                          
C:   00000000  l_PSEG                          
C:   00000000  l_REG_BANK_1                    
C:   00000000  l_REG_BANK_2                    
C:   00000000  l_REG_BANK_3                    
C:   00000000  l_RSEG                          
C:   00000000  l_RSEG0                         
C:   00000000  l_RSEG1                         
C:   00000000  l_XABS                          
C:   00000000  l_XINIT                         
C:   00000000  l_XISEG                         
C:   00000000  l__CODE                         
C:   00000000  s_BSEG                          
C:   00000000  s_CABS                          
C:   00000000  s_DSEG                          
C:   00000000  s_HOME                          
C:   00000000  s_IABS                          
C:   00000000  s_REG_BANK_0                    
C:   00000000  s_RSEG                          
C:   00000000  s_RSEG0                         
C:   00000000  s_RSEG1                         
C:   00000000  s_XABS                          
C:   00000001  s_PSEG                          
C:   00000001  s_XSEG                          
C:   00000002  l_BSEG_BYTES                    
C:   00000003  l_GSFINAL                       
C:   00000003  l_GSINIT0                       
C:   00000006  l_ISEG                          
C:   00000006  l_OSEG                          
C:   00000008  l_REG_BANK_0                    
C:   00000008  s_REG_BANK_1                    
C:   0000000A  l_BSEG                          
C:   0000000A  l_GSINIT2                       
C:   00000010  s_REG_BANK_2                    
C:   00000011  s_OSEG                          
C:   00000017  s_ISEG                          
C:   00000018  s_BIT_BANK                      
C:   00000018  s_REG_BANK_3                    
C:   00000020  s_BSEG_BYTES                    
C:   00000020  s__CODE                         
C:   00000022  l_GSINIT                        
C:   00000022  l_GSINIT3                       
C:   0000002A  l_GSINIT4                       
C:   00000050  l_XSEG                          
C:   00000051  l_HOME                          
C:   00000051  s_GSINIT0                       
ASxxxx Linker V03.00 + NoICE + sdld,  page 2.
Hexadecimal  [32-Bits]

Area                                    Addr        Size        Decimal Bytes (Attributes)
--------------------------------        ----        ----        ------- ----- ------------
CABS                                00000000    00000000 =           0. bytes (ABS,CON,CODE)

      Value  Global                              Global Defined In Module
      -----  --------------------------------   ------------------------
C:   00000051  s_XISEG                         
C:   00000054  s_GSINIT1                       
C:   00000054  s_GSINIT2                       
C:   0000005E  s_GSINIT3                       
C:   0000005F  s_SSEG                          
C:   0000007D  l_DSEG                          
C:   00000080  s_GSINIT4                       
C:   000000A1  l_SSEG                          
C:   000000AA  s_GSINIT                        
C:   000000AA  s_GSINIT5                       
C:   000000AB  l_CONST                         
C:   000000CC  s_GSFINAL                       
C:   000000CF  s_CSEG                          
C:   00000100  l_IRAM                          
C:   00000F68  l_CSEG                          
C:   00001037  s_CONST                         
C:   000010E2  s_XINIT                         

ASxxxx Linker V03.00 + NoICE + sdld,  page 3.
Hexadecimal  [32-Bits]

Area                                    Addr        Size        Decimal Bytes (Attributes)
--------------------------------        ----        ----        ------- ----- ------------
.  .ABS.                            00000000    00000000 =           0. bytes (ABS,CON)

      Value  Global                              Global Defined In Module
      -----  --------------------------------   ------------------------
     00000000  .__.ABS.                           _startup
     00000080  G$P0$0$0                           LAB3_2RangerCompass_V3
     00000080  G$P0_0$0$0                         LAB3_2RangerCompass_V3
     00000080  _P0                                LAB3_2RangerCompass_V3
     00000080  _P0_0                              LAB3_2RangerCompass_V3
     00000081  G$P0_1$0$0                         LAB3_2RangerCompass_V3
     00000081  G$SP$0$0                           LAB3_2RangerCompass_V3
     00000081  _P0_1                              LAB3_2RangerCompass_V3
     00000081  _SP                                LAB3_2RangerCompass_V3
     00000082  G$DPL$0$0                          LAB3_2RangerCompass_V3
     00000082  G$P0_2$0$0                         LAB3_2RangerCompass_V3
     00000082  _DPL                               LAB3_2RangerCompass_V3
     00000082  _P0_2                              LAB3_2RangerCompass_V3
     00000083  G$BUS_SCL$0$0                      LAB3_2RangerCompass_V3
     00000083  G$DPH$0$0                          LAB3_2RangerCompass_V3
     00000083  G$P0_3$0$0                         LAB3_2RangerCompass_V3
     00000083  _BUS_SCL                           LAB3_2RangerCompass_V3
     00000083  _DPH                               LAB3_2RangerCompass_V3
     00000083  _P0_3                              LAB3_2RangerCompass_V3
     00000084  G$P0_4$0$0                         LAB3_2RangerCompass_V3
     00000084  G$P4$0$0                           LAB3_2RangerCompass_V3
     00000084  _P0_4                              LAB3_2RangerCompass_V3
     00000084  _P4                                LAB3_2RangerCompass_V3
     00000085  G$P0_5$0$0                         LAB3_2RangerCompass_V3
     00000085  G$P5$0$0                           LAB3_2RangerCompass_V3
     00000085  _P0_5                              LAB3_2RangerCompass_V3
     00000085  _P5                                LAB3_2RangerCompass_V3
     00000086  G$P0_6$0$0                         LAB3_2RangerCompass_V3
     00000086  G$P6$0$0                           LAB3_2RangerCompass_V3
     00000086  _P0_6                              LAB3_2RangerCompass_V3
     00000086  _P6                                LAB3_2RangerCompass_V3
     00000087  G$P0_7$0$0                         LAB3_2RangerCompass_V3
     00000087  G$PCON$0$0                         LAB3_2RangerCompass_V3
     00000087  _P0_7                              LAB3_2RangerCompass_V3
     00000087  _PCON                              LAB3_2RangerCompass_V3
     00000088  G$IT0$0$0                          LAB3_2RangerCompass_V3
     00000088  G$TCON$0$0                         LAB3_2RangerCompass_V3
     00000088  _IT0                               LAB3_2RangerCompass_V3
     00000088  _TCON                              LAB3_2RangerCompass_V3
     00000089  G$IE0$0$0                          LAB3_2RangerCompass_V3
     00000089  G$TMOD$0$0                         LAB3_2RangerCompass_V3
     00000089  _IE0                               LAB3_2RangerCompass_V3
     00000089  _TMOD                              LAB3_2RangerCompass_V3
     0000008A  G$IT1$0$0                          LAB3_2RangerCompass_V3
     0000008A  G$TL0$0$0                          LAB3_2RangerCompass_V3
     0000008A  _IT1                               LAB3_2RangerCompass_V3
     0000008A  _TL0                               LAB3_2RangerCompass_V3
     0000008B  G$IE1$0$0                          LAB3_2RangerCompass_V3
     0000008B  G$TL1$0$0                          LAB3_2RangerCompass_V3
     0000008B  _IE1                               LAB3_2RangerCompass_V3
ASxxxx Linker V03.00 + NoICE + sdld,  page 4.
Hexadecimal  [32-Bits]

Area                                    Addr        Size        Decimal Bytes (Attributes)
--------------------------------        ----        ----        ------- ----- ------------
.  .ABS.                            00000000    00000000 =           0. bytes (ABS,CON)

      Value  Global                              Global Defined In Module
      -----  --------------------------------   ------------------------
     0000008B  _TL1                               LAB3_2RangerCompass_V3
     0000008C  G$TH0$0$0                          LAB3_2RangerCompass_V3
     0000008C  G$TR0$0$0                          LAB3_2RangerCompass_V3
     0000008C  _TH0                               LAB3_2RangerCompass_V3
     0000008C  _TR0                               LAB3_2RangerCompass_V3
     0000008D  G$TF0$0$0                          LAB3_2RangerCompass_V3
     0000008D  G$TH1$0$0                          LAB3_2RangerCompass_V3
     0000008D  _TF0                               LAB3_2RangerCompass_V3
     0000008D  _TH1                               LAB3_2RangerCompass_V3
     0000008E  G$CKCON$0$0                        LAB3_2RangerCompass_V3
     0000008E  G$TR1$0$0                          LAB3_2RangerCompass_V3
     0000008E  _CKCON                             LAB3_2RangerCompass_V3
     0000008E  _TR1                               LAB3_2RangerCompass_V3
     0000008F  G$PSCTL$0$0                        LAB3_2RangerCompass_V3
     0000008F  G$TF1$0$0                          LAB3_2RangerCompass_V3
     0000008F  _PSCTL                             LAB3_2RangerCompass_V3
     0000008F  _TF1                               LAB3_2RangerCompass_V3
     00000090  G$P1$0$0                           LAB3_2RangerCompass_V3
     00000090  G$P1_0$0$0                         LAB3_2RangerCompass_V3
     00000090  _P1                                LAB3_2RangerCompass_V3
     00000090  _P1_0                              LAB3_2RangerCompass_V3
     00000091  G$P1_1$0$0                         LAB3_2RangerCompass_V3
     00000091  G$TMR3CN$0$0                       LAB3_2RangerCompass_V3
     00000091  _P1_1                              LAB3_2RangerCompass_V3
     00000091  _TMR3CN                            LAB3_2RangerCompass_V3
     00000092  G$P1_2$0$0                         LAB3_2RangerCompass_V3
     00000092  G$TMR3RLL$0$0                      LAB3_2RangerCompass_V3
     00000092  _P1_2                              LAB3_2RangerCompass_V3
     00000092  _TMR3RLL                           LAB3_2RangerCompass_V3
     00000093  G$P1_3$0$0                         LAB3_2RangerCompass_V3
     00000093  G$TMR3RLH$0$0                      LAB3_2RangerCompass_V3
     00000093  _P1_3                              LAB3_2RangerCompass_V3
     00000093  _TMR3RLH                           LAB3_2RangerCompass_V3
     00000094  G$P1_4$0$0                         LAB3_2RangerCompass_V3
     00000094  G$TMR3L$0$0                        LAB3_2RangerCompass_V3
     00000094  _P1_4                              LAB3_2RangerCompass_V3
     00000094  _TMR3L                             LAB3_2RangerCompass_V3
     00000095  G$P1_5$0$0                         LAB3_2RangerCompass_V3
     00000095  G$TMR3H$0$0                        LAB3_2RangerCompass_V3
     00000095  _P1_5                              LAB3_2RangerCompass_V3
     00000095  _TMR3H                             LAB3_2RangerCompass_V3
     00000096  G$P1_6$0$0                         LAB3_2RangerCompass_V3
     00000096  G$P7$0$0                           LAB3_2RangerCompass_V3
     00000096  _P1_6                              LAB3_2RangerCompass_V3
     00000096  _P7                                LAB3_2RangerCompass_V3
     00000097  G$P1_7$0$0                         LAB3_2RangerCompass_V3
     00000097  _P1_7                              LAB3_2RangerCompass_V3
     00000098  G$RI$0$0                           LAB3_2RangerCompass_V3
     00000098  G$RI0$0$0                          LAB3_2RangerCompass_V3
     00000098  G$SCON$0$0                         LAB3_2RangerCompass_V3
     00000098  G$SCON0$0$0                        LAB3_2RangerCompass_V3
ASxxxx Linker V03.00 + NoICE + sdld,  page 5.
Hexadecimal  [32-Bits]

Area                                    Addr        Size        Decimal Bytes (Attributes)
--------------------------------        ----        ----        ------- ----- ------------
.  .ABS.                            00000000    00000000 =           0. bytes (ABS,CON)

      Value  Global                              Global Defined In Module
      -----  --------------------------------   ------------------------
     00000098  _RI                                LAB3_2RangerCompass_V3
     00000098  _RI0                               LAB3_2RangerCompass_V3
     00000098  _SCON                              LAB3_2RangerCompass_V3
     00000098  _SCON0                             LAB3_2RangerCompass_V3
     00000099  G$SBUF$0$0                         LAB3_2RangerCompass_V3
     00000099  G$SBUF0$0$0                        LAB3_2RangerCompass_V3
     00000099  G$TI$0$0                           LAB3_2RangerCompass_V3
     00000099  G$TI0$0$0                          LAB3_2RangerCompass_V3
     00000099  _SBUF                              LAB3_2RangerCompass_V3
     00000099  _SBUF0                             LAB3_2RangerCompass_V3
     00000099  _TI                                LAB3_2RangerCompass_V3
     00000099  _TI0                               LAB3_2RangerCompass_V3
     0000009A  G$RB8$0$0                          LAB3_2RangerCompass_V3
     0000009A  G$RB80$0$0                         LAB3_2RangerCompass_V3
     0000009A  G$SPI0CFG$0$0                      LAB3_2RangerCompass_V3
     0000009A  _RB8                               LAB3_2RangerCompass_V3
     0000009A  _RB80                              LAB3_2RangerCompass_V3
     0000009A  _SPI0CFG                           LAB3_2RangerCompass_V3
     0000009B  G$SPI0DAT$0$0                      LAB3_2RangerCompass_V3
     0000009B  G$TB8$0$0                          LAB3_2RangerCompass_V3
     0000009B  G$TB80$0$0                         LAB3_2RangerCompass_V3
     0000009B  _SPI0DAT                           LAB3_2RangerCompass_V3
     0000009B  _TB8                               LAB3_2RangerCompass_V3
     0000009B  _TB80                              LAB3_2RangerCompass_V3
     0000009C  G$ADC1$0$0                         LAB3_2RangerCompass_V3
     0000009C  G$REN$0$0                          LAB3_2RangerCompass_V3
     0000009C  G$REN0$0$0                         LAB3_2RangerCompass_V3
     0000009C  _ADC1                              LAB3_2RangerCompass_V3
     0000009C  _REN                               LAB3_2RangerCompass_V3
     0000009C  _REN0                              LAB3_2RangerCompass_V3
     0000009D  G$MCE0$0$0                         LAB3_2RangerCompass_V3
     0000009D  G$SM2$0$0                          LAB3_2RangerCompass_V3
     0000009D  G$SM20$0$0                         LAB3_2RangerCompass_V3
     0000009D  G$SPI0CKR$0$0                      LAB3_2RangerCompass_V3
     0000009D  _MCE0                              LAB3_2RangerCompass_V3
     0000009D  _SM2                               LAB3_2RangerCompass_V3
     0000009D  _SM20                              LAB3_2RangerCompass_V3
     0000009D  _SPI0CKR                           LAB3_2RangerCompass_V3
     0000009E  G$CPT0CN$0$0                       LAB3_2RangerCompass_V3
     0000009E  G$SM1$0$0                          LAB3_2RangerCompass_V3
     0000009E  G$SM10$0$0                         LAB3_2RangerCompass_V3
     0000009E  _CPT0CN                            LAB3_2RangerCompass_V3
     0000009E  _SM1                               LAB3_2RangerCompass_V3
     0000009E  _SM10                              LAB3_2RangerCompass_V3
     0000009F  G$CPT1CN$0$0                       LAB3_2RangerCompass_V3
     0000009F  G$S0MODE$0$0                       LAB3_2RangerCompass_V3
     0000009F  G$SM0$0$0                          LAB3_2RangerCompass_V3
     0000009F  G$SM00$0$0                         LAB3_2RangerCompass_V3
     0000009F  _CPT1CN                            LAB3_2RangerCompass_V3
     0000009F  _S0MODE                            LAB3_2RangerCompass_V3
     0000009F  _SM0                               LAB3_2RangerCompass_V3
ASxxxx Linker V03.00 + NoICE + sdld,  page 6.
Hexadecimal  [32-Bits]

Area                                    Addr        Size        Decimal Bytes (Attributes)
--------------------------------        ----        ----        ------- ----- ------------
.  .ABS.                            00000000    00000000 =           0. bytes (ABS,CON)

      Value  Global                              Global Defined In Module
      -----  --------------------------------   ------------------------
     0000009F  _SM00                              LAB3_2RangerCompass_V3
     000000A0  G$P2$0$0                           LAB3_2RangerCompass_V3
     000000A0  G$P2_0$0$0                         LAB3_2RangerCompass_V3
     000000A0  _P2                                LAB3_2RangerCompass_V3
     000000A0  _P2_0                              LAB3_2RangerCompass_V3
     000000A1  G$EMI0TC$0$0                       LAB3_2RangerCompass_V3
     000000A1  G$P2_1$0$0                         LAB3_2RangerCompass_V3
     000000A1  _EMI0TC                            LAB3_2RangerCompass_V3
     000000A1  _P2_1                              LAB3_2RangerCompass_V3
     000000A2  G$P2_2$0$0                         LAB3_2RangerCompass_V3
     000000A2  _P2_2                              LAB3_2RangerCompass_V3
     000000A3  G$EMI0CF$0$0                       LAB3_2RangerCompass_V3
     000000A3  G$P2_3$0$0                         LAB3_2RangerCompass_V3
     000000A3  _EMI0CF                            LAB3_2RangerCompass_V3
     000000A3  _P2_3                              LAB3_2RangerCompass_V3
     000000A4  G$P0MDOUT$0$0                      LAB3_2RangerCompass_V3
     000000A4  G$P2_4$0$0                         LAB3_2RangerCompass_V3
     000000A4  G$PRT0CF$0$0                       LAB3_2RangerCompass_V3
     000000A4  _P0MDOUT                           LAB3_2RangerCompass_V3
     000000A4  _P2_4                              LAB3_2RangerCompass_V3
     000000A4  _PRT0CF                            LAB3_2RangerCompass_V3
     000000A5  G$P1MDOUT$0$0                      LAB3_2RangerCompass_V3
     000000A5  G$P2_5$0$0                         LAB3_2RangerCompass_V3
     000000A5  G$PRT1CF$0$0                       LAB3_2RangerCompass_V3
     000000A5  _P1MDOUT                           LAB3_2RangerCompass_V3
     000000A5  _P2_5                              LAB3_2RangerCompass_V3
     000000A5  _PRT1CF                            LAB3_2RangerCompass_V3
     000000A6  G$P2MDOUT$0$0                      LAB3_2RangerCompass_V3
     000000A6  G$P2_6$0$0                         LAB3_2RangerCompass_V3
     000000A6  G$PRT2CF$0$0                       LAB3_2RangerCompass_V3
     000000A6  _P2MDOUT                           LAB3_2RangerCompass_V3
     000000A6  _P2_6                              LAB3_2RangerCompass_V3
     000000A6  _PRT2CF                            LAB3_2RangerCompass_V3
     000000A7  G$P2_7$0$0                         LAB3_2RangerCompass_V3
     000000A7  G$P3MDOUT$0$0                      LAB3_2RangerCompass_V3
     000000A7  G$PRT3CF$0$0                       LAB3_2RangerCompass_V3
     000000A7  _P2_7                              LAB3_2RangerCompass_V3
     000000A7  _P3MDOUT                           LAB3_2RangerCompass_V3
     000000A7  _PRT3CF                            LAB3_2RangerCompass_V3
     000000A8  G$EX0$0$0                          LAB3_2RangerCompass_V3
     000000A8  G$IE$0$0                           LAB3_2RangerCompass_V3
     000000A8  _EX0                               LAB3_2RangerCompass_V3
     000000A8  _IE                                LAB3_2RangerCompass_V3
     000000A9  G$ET0$0$0                          LAB3_2RangerCompass_V3
     000000A9  G$SADDR0$0$0                       LAB3_2RangerCompass_V3
     000000A9  _ET0                               LAB3_2RangerCompass_V3
     000000A9  _SADDR0                            LAB3_2RangerCompass_V3
     000000AA  G$ADC1CN$0$0                       LAB3_2RangerCompass_V3
     000000AA  G$EX1$0$0                          LAB3_2RangerCompass_V3
     000000AA  _ADC1CN                            LAB3_2RangerCompass_V3
     000000AA  _EX1                               LAB3_2RangerCompass_V3
ASxxxx Linker V03.00 + NoICE + sdld,  page 7.
Hexadecimal  [32-Bits]

Area                                    Addr        Size        Decimal Bytes (Attributes)
--------------------------------        ----        ----        ------- ----- ------------
.  .ABS.                            00000000    00000000 =           0. bytes (ABS,CON)

      Value  Global                              Global Defined In Module
      -----  --------------------------------   ------------------------
     000000AB  G$ADC1CF$0$0                       LAB3_2RangerCompass_V3
     000000AB  G$ET1$0$0                          LAB3_2RangerCompass_V3
     000000AB  _ADC1CF                            LAB3_2RangerCompass_V3
     000000AB  _ET1                               LAB3_2RangerCompass_V3
     000000AC  G$AMX1SL$0$0                       LAB3_2RangerCompass_V3
     000000AC  G$ES$0$0                           LAB3_2RangerCompass_V3
     000000AC  G$ES0$0$0                          LAB3_2RangerCompass_V3
     000000AC  _AMX1SL                            LAB3_2RangerCompass_V3
     000000AC  _ES                                LAB3_2RangerCompass_V3
     000000AC  _ES0                               LAB3_2RangerCompass_V3
     000000AD  G$ET2$0$0                          LAB3_2RangerCompass_V3
     000000AD  G$P3IF$0$0                         LAB3_2RangerCompass_V3
     000000AD  _ET2                               LAB3_2RangerCompass_V3
     000000AD  _P3IF                              LAB3_2RangerCompass_V3
     000000AE  G$SADEN1$0$0                       LAB3_2RangerCompass_V3
     000000AE  _SADEN1                            LAB3_2RangerCompass_V3
     000000AF  G$EA$0$0                           LAB3_2RangerCompass_V3
     000000AF  G$EMI0CN$0$0                       LAB3_2RangerCompass_V3
     000000AF  G$_XPAGE$0$0                       LAB3_2RangerCompass_V3
     000000AF  _EA                                LAB3_2RangerCompass_V3
     000000AF  _EMI0CN                            LAB3_2RangerCompass_V3
     000000AF  __XPAGE                            LAB3_2RangerCompass_V3
     000000B0  G$P3$0$0                           LAB3_2RangerCompass_V3
     000000B0  G$P3_0$0$0                         LAB3_2RangerCompass_V3
     000000B0  _P3                                LAB3_2RangerCompass_V3
     000000B0  _P3_0                              LAB3_2RangerCompass_V3
     000000B1  G$OSCXCN$0$0                       LAB3_2RangerCompass_V3
     000000B1  G$P3_1$0$0                         LAB3_2RangerCompass_V3
     000000B1  _OSCXCN                            LAB3_2RangerCompass_V3
     000000B1  _P3_1                              LAB3_2RangerCompass_V3
     000000B2  G$OSCICN$0$0                       LAB3_2RangerCompass_V3
     000000B2  G$P3_2$0$0                         LAB3_2RangerCompass_V3
     000000B2  _OSCICN                            LAB3_2RangerCompass_V3
     000000B2  _P3_2                              LAB3_2RangerCompass_V3
     000000B3  G$P3_3$0$0                         LAB3_2RangerCompass_V3
     000000B3  _P3_3                              LAB3_2RangerCompass_V3
     000000B4  G$P3_4$0$0                         LAB3_2RangerCompass_V3
     000000B4  _P3_4                              LAB3_2RangerCompass_V3
     000000B5  G$P3_5$0$0                         LAB3_2RangerCompass_V3
     000000B5  G$P74OUT$0$0                       LAB3_2RangerCompass_V3
     000000B5  _P3_5                              LAB3_2RangerCompass_V3
     000000B5  _P74OUT                            LAB3_2RangerCompass_V3
     000000B6  G$FLSCL$0$0                        LAB3_2RangerCompass_V3
     000000B6  G$P3_6$0$0                         LAB3_2RangerCompass_V3
     000000B6  _FLSCL                             LAB3_2RangerCompass_V3
     000000B6  _P3_6                              LAB3_2RangerCompass_V3
     000000B7  G$FLACL$0$0                        LAB3_2RangerCompass_V3
     000000B7  G$P3_7$0$0                         LAB3_2RangerCompass_V3
     000000B7  _FLACL                             LAB3_2RangerCompass_V3
     000000B7  _P3_7                              LAB3_2RangerCompass_V3
     000000B8  G$IP$0$0                           LAB3_2RangerCompass_V3
ASxxxx Linker V03.00 + NoICE + sdld,  page 8.
Hexadecimal  [32-Bits]

Area                                    Addr        Size        Decimal Bytes (Attributes)
--------------------------------        ----        ----        ------- ----- ------------
.  .ABS.                            00000000    00000000 =           0. bytes (ABS,CON)

      Value  Global                              Global Defined In Module
      -----  --------------------------------   ------------------------
     000000B8  G$PX0$0$0                          LAB3_2RangerCompass_V3
     000000B8  _IP                                LAB3_2RangerCompass_V3
     000000B8  _PX0                               LAB3_2RangerCompass_V3
     000000B9  G$PT0$0$0                          LAB3_2RangerCompass_V3
     000000B9  G$SADEN0$0$0                       LAB3_2RangerCompass_V3
     000000B9  _PT0                               LAB3_2RangerCompass_V3
     000000B9  _SADEN0                            LAB3_2RangerCompass_V3
     000000BA  G$AMX0CF$0$0                       LAB3_2RangerCompass_V3
     000000BA  G$PX1$0$0                          LAB3_2RangerCompass_V3
     000000BA  _AMX0CF                            LAB3_2RangerCompass_V3
     000000BA  _PX1                               LAB3_2RangerCompass_V3
     000000BB  G$AMX0SL$0$0                       LAB3_2RangerCompass_V3
     000000BB  G$PT1$0$0                          LAB3_2RangerCompass_V3
     000000BB  _AMX0SL                            LAB3_2RangerCompass_V3
     000000BB  _PT1                               LAB3_2RangerCompass_V3
     000000BC  G$ADC0CF$0$0                       LAB3_2RangerCompass_V3
     000000BC  G$PS$0$0                           LAB3_2RangerCompass_V3
     000000BC  G$PS0$0$0                          LAB3_2RangerCompass_V3
     000000BC  _ADC0CF                            LAB3_2RangerCompass_V3
     000000BC  _PS                                LAB3_2RangerCompass_V3
     000000BC  _PS0                               LAB3_2RangerCompass_V3
     000000BD  G$P1MDIN$0$0                       LAB3_2RangerCompass_V3
     000000BD  G$PT2$0$0                          LAB3_2RangerCompass_V3
     000000BD  _P1MDIN                            LAB3_2RangerCompass_V3
     000000BD  _PT2                               LAB3_2RangerCompass_V3
     000000BE  G$ADC0L$0$0                        LAB3_2RangerCompass_V3
     000000BE  _ADC0L                             LAB3_2RangerCompass_V3
     000000BF  G$ADC0H$0$0                        LAB3_2RangerCompass_V3
     000000BF  _ADC0H                             LAB3_2RangerCompass_V3
     000000C0  G$BUS_TOE$0$0                      LAB3_2RangerCompass_V3
     000000C0  G$SMB0CN$0$0                       LAB3_2RangerCompass_V3
     000000C0  G$SMBTOE$0$0                       LAB3_2RangerCompass_V3
     000000C0  _BUS_TOE                           LAB3_2RangerCompass_V3
     000000C0  _SMB0CN                            LAB3_2RangerCompass_V3
     000000C0  _SMBTOE                            LAB3_2RangerCompass_V3
     000000C1  G$BUS_FTE$0$0                      LAB3_2RangerCompass_V3
     000000C1  G$SMB0STA$0$0                      LAB3_2RangerCompass_V3
     000000C1  G$SMBFTE$0$0                       LAB3_2RangerCompass_V3
     000000C1  _BUS_FTE                           LAB3_2RangerCompass_V3
     000000C1  _SMB0STA                           LAB3_2RangerCompass_V3
     000000C1  _SMBFTE                            LAB3_2RangerCompass_V3
     000000C2  G$AA$0$0                           LAB3_2RangerCompass_V3
     000000C2  G$BUS_AA$0$0                       LAB3_2RangerCompass_V3
     000000C2  G$SMB0DAT$0$0                      LAB3_2RangerCompass_V3
     000000C2  _AA                                LAB3_2RangerCompass_V3
     000000C2  _BUS_AA                            LAB3_2RangerCompass_V3
     000000C2  _SMB0DAT                           LAB3_2RangerCompass_V3
     000000C3  G$BUS_INT$0$0                      LAB3_2RangerCompass_V3
     000000C3  G$SI$0$0                           LAB3_2RangerCompass_V3
     000000C3  G$SMB0ADR$0$0                      LAB3_2RangerCompass_V3
     000000C3  _BUS_INT                           LAB3_2RangerCompass_V3
ASxxxx Linker V03.00 + NoICE + sdld,  page 9.
Hexadecimal  [32-Bits]

Area                                    Addr        Size        Decimal Bytes (Attributes)
--------------------------------        ----        ----        ------- ----- ------------
.  .ABS.                            00000000    00000000 =           0. bytes (ABS,CON)

      Value  Global                              Global Defined In Module
      -----  --------------------------------   ------------------------
     000000C3  _SI                                LAB3_2RangerCompass_V3
     000000C3  _SMB0ADR                           LAB3_2RangerCompass_V3
     000000C4  G$ADC0GTL$0$0                      LAB3_2RangerCompass_V3
     000000C4  G$BUS_STOP$0$0                     LAB3_2RangerCompass_V3
     000000C4  G$STO$0$0                          LAB3_2RangerCompass_V3
     000000C4  _ADC0GTL                           LAB3_2RangerCompass_V3
     000000C4  _BUS_STOP                          LAB3_2RangerCompass_V3
     000000C4  _STO                               LAB3_2RangerCompass_V3
     000000C5  G$ADC0GTH$0$0                      LAB3_2RangerCompass_V3
     000000C5  G$BUS_START$0$0                    LAB3_2RangerCompass_V3
     000000C5  G$STA$0$0                          LAB3_2RangerCompass_V3
     000000C5  _ADC0GTH                           LAB3_2RangerCompass_V3
     000000C5  _BUS_START                         LAB3_2RangerCompass_V3
     000000C5  _STA                               LAB3_2RangerCompass_V3
     000000C6  G$ADC0LTL$0$0                      LAB3_2RangerCompass_V3
     000000C6  G$BUS_EN$0$0                       LAB3_2RangerCompass_V3
     000000C6  G$ENSMB$0$0                        LAB3_2RangerCompass_V3
     000000C6  _ADC0LTL                           LAB3_2RangerCompass_V3
     000000C6  _BUS_EN                            LAB3_2RangerCompass_V3
     000000C6  _ENSMB                             LAB3_2RangerCompass_V3
     000000C7  G$ADC0LTH$0$0                      LAB3_2RangerCompass_V3
     000000C7  G$BUSY$0$0                         LAB3_2RangerCompass_V3
     000000C7  G$BUS_BUSY$0$0                     LAB3_2RangerCompass_V3
     000000C7  _ADC0LTH                           LAB3_2RangerCompass_V3
     000000C7  _BUSY                              LAB3_2RangerCompass_V3
     000000C7  _BUS_BUSY                          LAB3_2RangerCompass_V3
     000000C8  G$CPRL2$0$0                        LAB3_2RangerCompass_V3
     000000C8  G$T2CON$0$0                        LAB3_2RangerCompass_V3
     000000C8  _CPRL2                             LAB3_2RangerCompass_V3
     000000C8  _T2CON                             LAB3_2RangerCompass_V3
     000000C9  G$CT2$0$0                          LAB3_2RangerCompass_V3
     000000C9  G$T4CON$0$0                        LAB3_2RangerCompass_V3
     000000C9  _CT2                               LAB3_2RangerCompass_V3
     000000C9  _T4CON                             LAB3_2RangerCompass_V3
     000000CA  G$RCAP2L$0$0                       LAB3_2RangerCompass_V3
     000000CA  G$TR2$0$0                          LAB3_2RangerCompass_V3
     000000CA  _RCAP2L                            LAB3_2RangerCompass_V3
     000000CA  _TR2                               LAB3_2RangerCompass_V3
     000000CB  G$EXEN2$0$0                        LAB3_2RangerCompass_V3
     000000CB  G$RCAP2H$0$0                       LAB3_2RangerCompass_V3
     000000CB  _EXEN2                             LAB3_2RangerCompass_V3
     000000CB  _RCAP2H                            LAB3_2RangerCompass_V3
     000000CC  G$TCLK$0$0                         LAB3_2RangerCompass_V3
     000000CC  G$TL2$0$0                          LAB3_2RangerCompass_V3
     000000CC  _TCLK                              LAB3_2RangerCompass_V3
     000000CC  _TL2                               LAB3_2RangerCompass_V3
     000000CD  G$RCLK$0$0                         LAB3_2RangerCompass_V3
     000000CD  G$TH2$0$0                          LAB3_2RangerCompass_V3
     000000CD  _RCLK                              LAB3_2RangerCompass_V3
     000000CD  _TH2                               LAB3_2RangerCompass_V3
     000000CE  G$EXF2$0$0                         LAB3_2RangerCompass_V3
ASxxxx Linker V03.00 + NoICE + sdld,  page 10.
Hexadecimal  [32-Bits]

Area                                    Addr        Size        Decimal Bytes (Attributes)
--------------------------------        ----        ----        ------- ----- ------------
.  .ABS.                            00000000    00000000 =           0. bytes (ABS,CON)

      Value  Global                              Global Defined In Module
      -----  --------------------------------   ------------------------
     000000CE  _EXF2                              LAB3_2RangerCompass_V3
     000000CF  G$SMB0CR$0$0                       LAB3_2RangerCompass_V3
     000000CF  G$TF2$0$0                          LAB3_2RangerCompass_V3
     000000CF  _SMB0CR                            LAB3_2RangerCompass_V3
     000000CF  _TF2                               LAB3_2RangerCompass_V3
     000000D0  G$P$0$0                            LAB3_2RangerCompass_V3
     000000D0  G$PSW$0$0                          LAB3_2RangerCompass_V3
     000000D0  _P                                 LAB3_2RangerCompass_V3
     000000D0  _PSW                               LAB3_2RangerCompass_V3
     000000D1  G$F1$0$0                           LAB3_2RangerCompass_V3
     000000D1  G$REF0CN$0$0                       LAB3_2RangerCompass_V3
     000000D1  _F1                                LAB3_2RangerCompass_V3
     000000D1  _REF0CN                            LAB3_2RangerCompass_V3
     000000D2  G$DAC0L$0$0                        LAB3_2RangerCompass_V3
     000000D2  G$OV$0$0                           LAB3_2RangerCompass_V3
     000000D2  _DAC0L                             LAB3_2RangerCompass_V3
     000000D2  _OV                                LAB3_2RangerCompass_V3
     000000D3  G$DAC0H$0$0                        LAB3_2RangerCompass_V3
     000000D3  G$RS0$0$0                          LAB3_2RangerCompass_V3
     000000D3  _DAC0H                             LAB3_2RangerCompass_V3
     000000D3  _RS0                               LAB3_2RangerCompass_V3
     000000D4  G$DAC0CN$0$0                       LAB3_2RangerCompass_V3
     000000D4  G$RS1$0$0                          LAB3_2RangerCompass_V3
     000000D4  _DAC0CN                            LAB3_2RangerCompass_V3
     000000D4  _RS1                               LAB3_2RangerCompass_V3
     000000D5  G$DAC1L$0$0                        LAB3_2RangerCompass_V3
     000000D5  G$F0$0$0                           LAB3_2RangerCompass_V3
     000000D5  _DAC1L                             LAB3_2RangerCompass_V3
     000000D5  _F0                                LAB3_2RangerCompass_V3
     000000D6  G$AC$0$0                           LAB3_2RangerCompass_V3
     000000D6  G$DAC1H$0$0                        LAB3_2RangerCompass_V3
     000000D6  _AC                                LAB3_2RangerCompass_V3
     000000D6  _DAC1H                             LAB3_2RangerCompass_V3
     000000D7  G$CY$0$0                           LAB3_2RangerCompass_V3
     000000D7  G$DAC1CN$0$0                       LAB3_2RangerCompass_V3
     000000D7  _CY                                LAB3_2RangerCompass_V3
     000000D7  _DAC1CN                            LAB3_2RangerCompass_V3
     000000D8  G$CCF0$0$0                         LAB3_2RangerCompass_V3
     000000D8  G$PCA0CN$0$0                       LAB3_2RangerCompass_V3
     000000D8  _CCF0                              LAB3_2RangerCompass_V3
     000000D8  _PCA0CN                            LAB3_2RangerCompass_V3
     000000D9  G$CCF1$0$0                         LAB3_2RangerCompass_V3
     000000D9  G$PCA0MD$0$0                       LAB3_2RangerCompass_V3
     000000D9  _CCF1                              LAB3_2RangerCompass_V3
     000000D9  _PCA0MD                            LAB3_2RangerCompass_V3
     000000DA  G$CCF2$0$0                         LAB3_2RangerCompass_V3
     000000DA  G$PCA0CPM0$0$0                     LAB3_2RangerCompass_V3
     000000DA  _CCF2                              LAB3_2RangerCompass_V3
     000000DA  _PCA0CPM0                          LAB3_2RangerCompass_V3
     000000DB  G$CCF3$0$0                         LAB3_2RangerCompass_V3
     000000DB  G$PCA0CPM1$0$0                     LAB3_2RangerCompass_V3
ASxxxx Linker V03.00 + NoICE + sdld,  page 11.
Hexadecimal  [32-Bits]

Area                                    Addr        Size        Decimal Bytes (Attributes)
--------------------------------        ----        ----        ------- ----- ------------
.  .ABS.                            00000000    00000000 =           0. bytes (ABS,CON)

      Value  Global                              Global Defined In Module
      -----  --------------------------------   ------------------------
     000000DB  _CCF3                              LAB3_2RangerCompass_V3
     000000DB  _PCA0CPM1                          LAB3_2RangerCompass_V3
     000000DC  G$CCF4$0$0                         LAB3_2RangerCompass_V3
     000000DC  G$PCA0CPM2$0$0                     LAB3_2RangerCompass_V3
     000000DC  _CCF4                              LAB3_2RangerCompass_V3
     000000DC  _PCA0CPM2                          LAB3_2RangerCompass_V3
     000000DD  G$PCA0CPM3$0$0                     LAB3_2RangerCompass_V3
     000000DD  _PCA0CPM3                          LAB3_2RangerCompass_V3
     000000DE  G$CR$0$0                           LAB3_2RangerCompass_V3
     000000DE  G$PCA0CPM4$0$0                     LAB3_2RangerCompass_V3
     000000DE  _CR                                LAB3_2RangerCompass_V3
     000000DE  _PCA0CPM4                          LAB3_2RangerCompass_V3
     000000DF  G$CF$0$0                           LAB3_2RangerCompass_V3
     000000DF  _CF                                LAB3_2RangerCompass_V3
     000000E0  G$ACC$0$0                          LAB3_2RangerCompass_V3
     000000E0  _ACC                               LAB3_2RangerCompass_V3
     000000E1  G$XBR0$0$0                         LAB3_2RangerCompass_V3
     000000E1  _XBR0                              LAB3_2RangerCompass_V3
     000000E2  G$XBR1$0$0                         LAB3_2RangerCompass_V3
     000000E2  _XBR1                              LAB3_2RangerCompass_V3
     000000E3  G$XBR2$0$0                         LAB3_2RangerCompass_V3
     000000E3  _XBR2                              LAB3_2RangerCompass_V3
     000000E4  G$RCAP4L$0$0                       LAB3_2RangerCompass_V3
     000000E4  _RCAP4L                            LAB3_2RangerCompass_V3
     000000E5  G$RCAP4H$0$0                       LAB3_2RangerCompass_V3
     000000E5  _RCAP4H                            LAB3_2RangerCompass_V3
     000000E6  G$EIE1$0$0                         LAB3_2RangerCompass_V3
     000000E6  _EIE1                              LAB3_2RangerCompass_V3
     000000E7  G$EIE2$0$0                         LAB3_2RangerCompass_V3
     000000E7  _EIE2                              LAB3_2RangerCompass_V3
     000000E8  G$AD0LJST$0$0                      LAB3_2RangerCompass_V3
     000000E8  G$ADC0CN$0$0                       LAB3_2RangerCompass_V3
     000000E8  G$ADLJST$0$0                       LAB3_2RangerCompass_V3
     000000E8  _AD0LJST                           LAB3_2RangerCompass_V3
     000000E8  _ADC0CN                            LAB3_2RangerCompass_V3
     000000E8  _ADLJST                            LAB3_2RangerCompass_V3
     000000E9  G$AD0WINT$0$0                      LAB3_2RangerCompass_V3
     000000E9  G$ADWINT$0$0                       LAB3_2RangerCompass_V3
     000000E9  G$PCA0L$0$0                        LAB3_2RangerCompass_V3
     000000E9  _AD0WINT                           LAB3_2RangerCompass_V3
     000000E9  _ADWINT                            LAB3_2RangerCompass_V3
     000000E9  _PCA0L                             LAB3_2RangerCompass_V3
     000000EA  G$AD0CM0$0$0                       LAB3_2RangerCompass_V3
     000000EA  G$ADSTM0$0$0                       LAB3_2RangerCompass_V3
     000000EA  G$PCA0CPL0$0$0                     LAB3_2RangerCompass_V3
     000000EA  _AD0CM0                            LAB3_2RangerCompass_V3
     000000EA  _ADSTM0                            LAB3_2RangerCompass_V3
     000000EA  _PCA0CPL0                          LAB3_2RangerCompass_V3
     000000EB  G$AD0CM1$0$0                       LAB3_2RangerCompass_V3
     000000EB  G$ADSTM1$0$0                       LAB3_2RangerCompass_V3
     000000EB  G$PCA0CPL1$0$0                     LAB3_2RangerCompass_V3
ASxxxx Linker V03.00 + NoICE + sdld,  page 12.
Hexadecimal  [32-Bits]

Area                                    Addr        Size        Decimal Bytes (Attributes)
--------------------------------        ----        ----        ------- ----- ------------
.  .ABS.                            00000000    00000000 =           0. bytes (ABS,CON)

      Value  Global                              Global Defined In Module
      -----  --------------------------------   ------------------------
     000000EB  _AD0CM1                            LAB3_2RangerCompass_V3
     000000EB  _ADSTM1                            LAB3_2RangerCompass_V3
     000000EB  _PCA0CPL1                          LAB3_2RangerCompass_V3
     000000EC  G$AD0BUSY$0$0                      LAB3_2RangerCompass_V3
     000000EC  G$ADBUSY$0$0                       LAB3_2RangerCompass_V3
     000000EC  G$PCA0CPL2$0$0                     LAB3_2RangerCompass_V3
     000000EC  _AD0BUSY                           LAB3_2RangerCompass_V3
     000000EC  _ADBUSY                            LAB3_2RangerCompass_V3
     000000EC  _PCA0CPL2                          LAB3_2RangerCompass_V3
     000000ED  G$AD0INT$0$0                       LAB3_2RangerCompass_V3
     000000ED  G$ADCINT$0$0                       LAB3_2RangerCompass_V3
     000000ED  G$PCA0CPL3$0$0                     LAB3_2RangerCompass_V3
     000000ED  _AD0INT                            LAB3_2RangerCompass_V3
     000000ED  _ADCINT                            LAB3_2RangerCompass_V3
     000000ED  _PCA0CPL3                          LAB3_2RangerCompass_V3
     000000EE  G$AD0TM$0$0                        LAB3_2RangerCompass_V3
     000000EE  G$ADCTM$0$0                        LAB3_2RangerCompass_V3
     000000EE  G$PCA0CPL4$0$0                     LAB3_2RangerCompass_V3
     000000EE  _AD0TM                             LAB3_2RangerCompass_V3
     000000EE  _ADCTM                             LAB3_2RangerCompass_V3
     000000EE  _PCA0CPL4                          LAB3_2RangerCompass_V3
     000000EF  G$AD0EN$0$0                        LAB3_2RangerCompass_V3
     000000EF  G$ADCEN$0$0                        LAB3_2RangerCompass_V3
     000000EF  G$RSTSRC$0$0                       LAB3_2RangerCompass_V3
     000000EF  _AD0EN                             LAB3_2RangerCompass_V3
     000000EF  _ADCEN                             LAB3_2RangerCompass_V3
     000000EF  _RSTSRC                            LAB3_2RangerCompass_V3
     000000F0  G$B$0$0                            LAB3_2RangerCompass_V3
     000000F0  _B                                 LAB3_2RangerCompass_V3
     000000F1  G$SCON1$0$0                        LAB3_2RangerCompass_V3
     000000F1  _SCON1                             LAB3_2RangerCompass_V3
     000000F2  G$SBUF1$0$0                        LAB3_2RangerCompass_V3
     000000F2  _SBUF1                             LAB3_2RangerCompass_V3
     000000F3  G$SADDR1$0$0                       LAB3_2RangerCompass_V3
     000000F3  _SADDR1                            LAB3_2RangerCompass_V3
     000000F4  G$TL4$0$0                          LAB3_2RangerCompass_V3
     000000F4  _TL4                               LAB3_2RangerCompass_V3
     000000F5  G$TH4$0$0                          LAB3_2RangerCompass_V3
     000000F5  _B_5                               _gptrget
     000000F5  _TH4                               LAB3_2RangerCompass_V3
     000000F6  G$EIP1$0$0                         LAB3_2RangerCompass_V3
     000000F6  _B_6                               _gptrget
     000000F6  _EIP1                              LAB3_2RangerCompass_V3
     000000F7  G$EIP2$0$0                         LAB3_2RangerCompass_V3
     000000F7  _B_7                               _gptrget
     000000F7  _EIP2                              LAB3_2RangerCompass_V3
     000000F8  G$SPI0CN$0$0                       LAB3_2RangerCompass_V3
     000000F8  G$SPIEN$0$0                        LAB3_2RangerCompass_V3
     000000F8  _SPI0CN                            LAB3_2RangerCompass_V3
     000000F8  _SPIEN                             LAB3_2RangerCompass_V3
     000000F9  G$MSTEN$0$0                        LAB3_2RangerCompass_V3
ASxxxx Linker V03.00 + NoICE + sdld,  page 13.
Hexadecimal  [32-Bits]

Area                                    Addr        Size        Decimal Bytes (Attributes)
--------------------------------        ----        ----        ------- ----- ------------
.  .ABS.                            00000000    00000000 =           0. bytes (ABS,CON)

      Value  Global                              Global Defined In Module
      -----  --------------------------------   ------------------------
     000000F9  G$PCA0H$0$0                        LAB3_2RangerCompass_V3
     000000F9  _MSTEN                             LAB3_2RangerCompass_V3
     000000F9  _PCA0H                             LAB3_2RangerCompass_V3
     000000FA  G$PCA0CPH0$0$0                     LAB3_2RangerCompass_V3
     000000FA  G$SLVSEL$0$0                       LAB3_2RangerCompass_V3
     000000FA  _PCA0CPH0                          LAB3_2RangerCompass_V3
     000000FA  _SLVSEL                            LAB3_2RangerCompass_V3
     000000FB  G$PCA0CPH1$0$0                     LAB3_2RangerCompass_V3
     000000FB  G$TXBSY$0$0                        LAB3_2RangerCompass_V3
     000000FB  _PCA0CPH1                          LAB3_2RangerCompass_V3
     000000FB  _TXBSY                             LAB3_2RangerCompass_V3
     000000FC  G$PCA0CPH2$0$0                     LAB3_2RangerCompass_V3
     000000FC  G$RXOVRN$0$0                       LAB3_2RangerCompass_V3
     000000FC  _PCA0CPH2                          LAB3_2RangerCompass_V3
     000000FC  _RXOVRN                            LAB3_2RangerCompass_V3
     000000FD  G$MODF$0$0                         LAB3_2RangerCompass_V3
     000000FD  G$PCA0CPH3$0$0                     LAB3_2RangerCompass_V3
     000000FD  _MODF                              LAB3_2RangerCompass_V3
     000000FD  _PCA0CPH3                          LAB3_2RangerCompass_V3
     000000FE  G$PCA0CPH4$0$0                     LAB3_2RangerCompass_V3
     000000FE  G$WCOL$0$0                         LAB3_2RangerCompass_V3
     000000FE  _PCA0CPH4                          LAB3_2RangerCompass_V3
     000000FE  _WCOL                              LAB3_2RangerCompass_V3
     000000FF  G$SPIF$0$0                         LAB3_2RangerCompass_V3
     000000FF  G$WDTCN$0$0                        LAB3_2RangerCompass_V3
     000000FF  _SPIF                              LAB3_2RangerCompass_V3
     000000FF  _WDTCN                             LAB3_2RangerCompass_V3
     00008C8A  G$TMR0$0$0                         LAB3_2RangerCompass_V3
     00008C8A  _TMR0                              LAB3_2RangerCompass_V3
     00008D8B  G$TMR1$0$0                         LAB3_2RangerCompass_V3
     00008D8B  _TMR1                              LAB3_2RangerCompass_V3
     00009392  G$TMR3RL$0$0                       LAB3_2RangerCompass_V3
     00009392  _TMR3RL                            LAB3_2RangerCompass_V3
     00009594  G$TMR3$0$0                         LAB3_2RangerCompass_V3
     00009594  _TMR3                              LAB3_2RangerCompass_V3
     0000BFBE  G$ADC0$0$0                         LAB3_2RangerCompass_V3
     0000BFBE  _ADC0                              LAB3_2RangerCompass_V3
     0000C5C4  G$ADC0GT$0$0                       LAB3_2RangerCompass_V3
     0000C5C4  _ADC0GT                            LAB3_2RangerCompass_V3
     0000C7C6  G$ADC0LT$0$0                       LAB3_2RangerCompass_V3
     0000C7C6  _ADC0LT                            LAB3_2RangerCompass_V3
     0000CBCA  G$RCAP2$0$0                        LAB3_2RangerCompass_V3
     0000CBCA  _RCAP2                             LAB3_2RangerCompass_V3
     0000CDCC  G$TMR2$0$0                         LAB3_2RangerCompass_V3
     0000CDCC  _TMR2                              LAB3_2RangerCompass_V3
     0000D3D2  G$DAC0$0$0                         LAB3_2RangerCompass_V3
     0000D3D2  _DAC0                              LAB3_2RangerCompass_V3
     0000D6D5  G$DAC1$0$0                         LAB3_2RangerCompass_V3
     0000D6D5  _DAC1                              LAB3_2RangerCompass_V3
     0000E5E4  G$RCAP4$0$0                        LAB3_2RangerCompass_V3
     0000E5E4  _RCAP4                             LAB3_2RangerCompass_V3
ASxxxx Linker V03.00 + NoICE + sdld,  page 14.
Hexadecimal  [32-Bits]

Area                                    Addr        Size        Decimal Bytes (Attributes)
--------------------------------        ----        ----        ------- ----- ------------
.  .ABS.                            00000000    00000000 =           0. bytes (ABS,CON)

      Value  Global                              Global Defined In Module
      -----  --------------------------------   ------------------------
     0000F5F4  G$TMR4$0$0                         LAB3_2RangerCompass_V3
     0000F5F4  _TMR4                              LAB3_2RangerCompass_V3
     0000F9E9  G$PCA0$0$0                         LAB3_2RangerCompass_V3
     0000F9E9  _PCA0                              LAB3_2RangerCompass_V3
     0000FAEA  G$PCA0CP0$0$0                      LAB3_2RangerCompass_V3
     0000FAEA  _PCA0CP0                           LAB3_2RangerCompass_V3
     0000FBEB  G$PCA0CP1$0$0                      LAB3_2RangerCompass_V3
     0000FBEB  _PCA0CP1                           LAB3_2RangerCompass_V3
     0000FCEC  G$PCA0CP2$0$0                      LAB3_2RangerCompass_V3
     0000FCEC  _PCA0CP2                           LAB3_2RangerCompass_V3
     0000FDED  G$PCA0CP3$0$0                      LAB3_2RangerCompass_V3
     0000FDED  _PCA0CP3                           LAB3_2RangerCompass_V3
     0000FEEE  G$PCA0CP4$0$0                      LAB3_2RangerCompass_V3
     0000FEEE  _PCA0CP4                           LAB3_2RangerCompass_V3

ASxxxx Linker V03.00 + NoICE + sdld,  page 15.
Hexadecimal  [32-Bits]

Area                                    Addr        Size        Decimal Bytes (Attributes)
--------------------------------        ----        ----        ------- ----- ------------
BSEG_BYTES                          00000020    00000002 =           2. bytes (REL,CON)

      Value  Global                              Global Defined In Module
      -----  --------------------------------   ------------------------
ASxxxx Linker V03.00 + NoICE + sdld,  page 16.
Hexadecimal  [32-Bits]

Area                                    Addr        Size        Decimal Bytes (Attributes)
--------------------------------        ----        ----        ------- ----- ------------
REG_BANK_0                          00000000    00000008 =           8. bytes (REL,OVR)

      Value  Global                              Global Defined In Module
      -----  --------------------------------   ------------------------
ASxxxx Linker V03.00 + NoICE + sdld,  page 17.
Hexadecimal  [32-Bits]

Area                                    Addr        Size        Decimal Bytes (Attributes)
--------------------------------        ----        ----        ------- ----- ------------
DSEG                                00000000    0000007D =         125. bytes (REL,CON)

      Value  Global                              Global Defined In Module
      -----  --------------------------------   ------------------------
     00000008  _vsprintf_PARM_2                   sprintf
     0000000B  _vsprintf_PARM_3                   sprintf
     0000000F  _bp                                _bp
     00000010  _vprintf_PARM_2                    vprintf
     00000022  LLAB3_2RangerCompass_V3.lcd_clea   LAB3_2RangerCompass_V3
     00000023  LLAB3_2RangerCompass_V3.lcd_clea   LAB3_2RangerCompass_V3
     00000025  LLAB3_2RangerCompass_V3.read_key   LAB3_2RangerCompass_V3
     00000026  LLAB3_2RangerCompass_V3.read_key   LAB3_2RangerCompass_V3
     00000028  LLAB3_2RangerCompass_V3.i2c_writ   LAB3_2RangerCompass_V3
     00000028  _i2c_write_data_PARM_2             LAB3_2RangerCompass_V3
     00000029  LLAB3_2RangerCompass_V3.i2c_writ   LAB3_2RangerCompass_V3
     00000029  _i2c_write_data_PARM_3             LAB3_2RangerCompass_V3
     0000002C  LLAB3_2RangerCompass_V3.i2c_writ   LAB3_2RangerCompass_V3
     0000002C  _i2c_write_data_PARM_4             LAB3_2RangerCompass_V3
     0000002D  LLAB3_2RangerCompass_V3.i2c_read   LAB3_2RangerCompass_V3
     0000002D  _i2c_read_data_PARM_2              LAB3_2RangerCompass_V3
     0000002E  LLAB3_2RangerCompass_V3.i2c_read   LAB3_2RangerCompass_V3
     0000002E  _i2c_read_data_PARM_3              LAB3_2RangerCompass_V3
     00000031  LLAB3_2RangerCompass_V3.i2c_read   LAB3_2RangerCompass_V3
     00000031  _i2c_read_data_PARM_4              LAB3_2RangerCompass_V3
     00000032  LLAB3_2RangerCompass_V3.Accel_In   LAB3_2RangerCompass_V3
     00000033  G$h_count$0$0                      LAB3_2RangerCompass_V3
     00000033  _h_count                           LAB3_2RangerCompass_V3
     00000034  G$r_count$0$0                      LAB3_2RangerCompass_V3
     00000034  _r_count                           LAB3_2RangerCompass_V3
     00000035  G$range$0$0                        LAB3_2RangerCompass_V3
     00000035  _range                             LAB3_2RangerCompass_V3
     00000037  G$heading$0$0                      LAB3_2RangerCompass_V3
     00000037  _heading                           LAB3_2RangerCompass_V3
     00000039  G$new_heading$0$0                  LAB3_2RangerCompass_V3
     00000039  _new_heading                       LAB3_2RangerCompass_V3
     0000003A  G$new_range$0$0                    LAB3_2RangerCompass_V3
     0000003A  _new_range                         LAB3_2RangerCompass_V3
     0000003B  G$counts$0$0                       LAB3_2RangerCompass_V3
     0000003B  _counts                            LAB3_2RangerCompass_V3
     0000003D  G$comp_addr$0$0                    LAB3_2RangerCompass_V3
     0000003D  _comp_addr                         LAB3_2RangerCompass_V3
     0000003E  G$comp_Data$0$0                    LAB3_2RangerCompass_V3
     0000003E  _comp_Data                         LAB3_2RangerCompass_V3
     00000040  G$range_addr$0$0                   LAB3_2RangerCompass_V3
     00000040  _range_addr                        LAB3_2RangerCompass_V3
     00000041  G$range_Data$0$0                   LAB3_2RangerCompass_V3
     00000041  _range_Data                        LAB3_2RangerCompass_V3
     00000043  G$ping_addr$0$0                    LAB3_2RangerCompass_V3
     00000043  _ping_addr                         LAB3_2RangerCompass_V3
     00000044  G$ping_Data$0$0                    LAB3_2RangerCompass_V3
     00000044  _ping_Data                         LAB3_2RangerCompass_V3
     00000051  __print_format_PARM_2              printf_large
     00000054  __print_format_PARM_3              printf_large
     00000057  __print_format_PARM_4              printf_large

ASxxxx Linker V03.00 + NoICE + sdld,  page 18.
Hexadecimal  [32-Bits]

Area                                    Addr        Size        Decimal Bytes (Attributes)
--------------------------------        ----        ----        ------- ----- ------------
OSEG                                00000011    00000006 =           6. bytes (REL,OVR)

      Value  Global                              Global Defined In Module
      -----  --------------------------------   ------------------------
     00000011  __divsint_PARM_2                   _divuint
     00000011  __divuint_PARM_2                   _divuint
     00000011  __gptrput_PARM_2                   _gptrput
     00000011  __mulint_PARM_2                    _mulint

ASxxxx Linker V03.00 + NoICE + sdld,  page 19.
Hexadecimal  [32-Bits]

Area                                    Addr        Size        Decimal Bytes (Attributes)
--------------------------------        ----        ----        ------- ----- ------------
ISEG                                00000017    00000006 =           6. bytes (REL,CON)

      Value  Global                              Global Defined In Module
      -----  --------------------------------   ------------------------
ASxxxx Linker V03.00 + NoICE + sdld,  page 20.
Hexadecimal  [32-Bits]

Area                                    Addr        Size        Decimal Bytes (Attributes)
--------------------------------        ----        ----        ------- ----- ------------
SSEG                                0000005F    000000A1 =         161. bytes (REL,OVR)

      Value  Global                              Global Defined In Module
      -----  --------------------------------   ------------------------
     0000005F  __start__stack                     LAB3_2RangerCompass_V3

ASxxxx Linker V03.00 + NoICE + sdld,  page 21.
Hexadecimal  [32-Bits]

Area                                    Addr        Size        Decimal Bytes (Attributes)
--------------------------------        ----        ----        ------- ----- ------------
XSEG                                00000001    00000050 =          80. bytes (REL,CON,XDATA)

      Value  Global                              Global Defined In Module
      -----  --------------------------------   ------------------------
D:   00000001  LLAB3_2RangerCompass_V3.lcd_prin   LAB3_2RangerCompass_V3

ASxxxx Linker V03.00 + NoICE + sdld,  page 22.
Hexadecimal  [32-Bits]

Area                                    Addr        Size        Decimal Bytes (Attributes)
--------------------------------        ----        ----        ------- ----- ------------
HOME                                00000000    00000051 =          81. bytes (REL,CON,CODE)

      Value  Global                              Global Defined In Module
      -----  --------------------------------   ------------------------
C:   00000000  A$LAB3_2RangerCompass_V3$1072      LAB3_2RangerCompass_V3
C:   00000003  A$LAB3_2RangerCompass_V3$1073      LAB3_2RangerCompass_V3
C:   0000000B  A$LAB3_2RangerCompass_V3$1075      LAB3_2RangerCompass_V3
C:   00000013  A$LAB3_2RangerCompass_V3$1077      LAB3_2RangerCompass_V3
C:   0000001B  A$LAB3_2RangerCompass_V3$1079      LAB3_2RangerCompass_V3
C:   00000023  A$LAB3_2RangerCompass_V3$1081      LAB3_2RangerCompass_V3
C:   0000002B  A$LAB3_2RangerCompass_V3$1083      LAB3_2RangerCompass_V3
C:   00000033  A$LAB3_2RangerCompass_V3$1085      LAB3_2RangerCompass_V3
C:   0000003B  A$LAB3_2RangerCompass_V3$1087      LAB3_2RangerCompass_V3
C:   00000043  A$LAB3_2RangerCompass_V3$1089      LAB3_2RangerCompass_V3
C:   0000004B  A$LAB3_2RangerCompass_V3$1091      LAB3_2RangerCompass_V3
C:   0000004E  A$LAB3_2RangerCompass_V3$1147      LAB3_2RangerCompass_V3
C:   0000004E  __sdcc_program_startup             LAB3_2RangerCompass_V3

ASxxxx Linker V03.00 + NoICE + sdld,  page 23.
Hexadecimal  [32-Bits]

Area                                    Addr        Size        Decimal Bytes (Attributes)
--------------------------------        ----        ----        ------- ----- ------------
GSINIT0                             00000051    00000003 =           3. bytes (REL,CON,CODE)

      Value  Global                              Global Defined In Module
      -----  --------------------------------   ------------------------
C:   00000051  __sdcc_gsinit_startup              

ASxxxx Linker V03.00 + NoICE + sdld,  page 24.
Hexadecimal  [32-Bits]

Area                                    Addr        Size        Decimal Bytes (Attributes)
--------------------------------        ----        ----        ------- ----- ------------
GSINIT2                             00000054    0000000A =          10. bytes (REL,CON,CODE)

      Value  Global                              Global Defined In Module
      -----  --------------------------------   ------------------------
ASxxxx Linker V03.00 + NoICE + sdld,  page 25.
Hexadecimal  [32-Bits]

Area                                    Addr        Size        Decimal Bytes (Attributes)
--------------------------------        ----        ----        ------- ----- ------------
GSINIT3                             0000005E    00000022 =          34. bytes (REL,CON,CODE)

      Value  Global                              Global Defined In Module
      -----  --------------------------------   ------------------------
C:   0000005E  __mcs51_genXINIT                   

ASxxxx Linker V03.00 + NoICE + sdld,  page 26.
Hexadecimal  [32-Bits]

Area                                    Addr        Size        Decimal Bytes (Attributes)
--------------------------------        ----        ----        ------- ----- ------------
GSINIT4                             00000080    0000002A =          42. bytes (REL,CON,CODE)

      Value  Global                              Global Defined In Module
      -----  --------------------------------   ------------------------
C:   00000080  __mcs51_genRAMCLEAR                
C:   00000086  __mcs51_genXRAMCLEAR               

ASxxxx Linker V03.00 + NoICE + sdld,  page 27.
Hexadecimal  [32-Bits]

Area                                    Addr        Size        Decimal Bytes (Attributes)
--------------------------------        ----        ----        ------- ----- ------------
GSINIT                              000000AA    00000022 =          34. bytes (REL,CON,CODE)

      Value  Global                              Global Defined In Module
      -----  --------------------------------   ------------------------
C:   000000AA  A$LAB3_2RangerCompass_V3$1107      LAB3_2RangerCompass_V3
C:   000000AA  C$LAB3_2RangerCompass_V3.c$68$1$   LAB3_2RangerCompass_V3
C:   000000AD  A$LAB3_2RangerCompass_V3$1110      LAB3_2RangerCompass_V3
C:   000000AD  C$LAB3_2RangerCompass_V3.c$69$1$   LAB3_2RangerCompass_V3
C:   000000B0  A$LAB3_2RangerCompass_V3$1113      LAB3_2RangerCompass_V3
C:   000000B0  C$LAB3_2RangerCompass_V3.c$71$1$   LAB3_2RangerCompass_V3
C:   000000B1  A$LAB3_2RangerCompass_V3$1114      LAB3_2RangerCompass_V3
C:   000000B3  A$LAB3_2RangerCompass_V3$1115      LAB3_2RangerCompass_V3
C:   000000B5  A$LAB3_2RangerCompass_V3$1118      LAB3_2RangerCompass_V3
C:   000000B5  C$LAB3_2RangerCompass_V3.c$72$1$   LAB3_2RangerCompass_V3
C:   000000B7  A$LAB3_2RangerCompass_V3$1119      LAB3_2RangerCompass_V3
C:   000000B9  A$LAB3_2RangerCompass_V3$1122      LAB3_2RangerCompass_V3
C:   000000B9  C$LAB3_2RangerCompass_V3.c$74$1$   LAB3_2RangerCompass_V3
C:   000000BC  A$LAB3_2RangerCompass_V3$1125      LAB3_2RangerCompass_V3
C:   000000BC  C$LAB3_2RangerCompass_V3.c$75$1$   LAB3_2RangerCompass_V3
C:   000000BF  A$LAB3_2RangerCompass_V3$1128      LAB3_2RangerCompass_V3
C:   000000BF  C$LAB3_2RangerCompass_V3.c$78$1$   LAB3_2RangerCompass_V3
C:   000000C1  A$LAB3_2RangerCompass_V3$1129      LAB3_2RangerCompass_V3
C:   000000C3  A$LAB3_2RangerCompass_V3$1132      LAB3_2RangerCompass_V3
C:   000000C3  C$LAB3_2RangerCompass_V3.c$80$1$   LAB3_2RangerCompass_V3
C:   000000C6  A$LAB3_2RangerCompass_V3$1135      LAB3_2RangerCompass_V3
C:   000000C6  C$LAB3_2RangerCompass_V3.c$83$1$   LAB3_2RangerCompass_V3
C:   000000C9  A$LAB3_2RangerCompass_V3$1138      LAB3_2RangerCompass_V3
C:   000000C9  C$LAB3_2RangerCompass_V3.c$87$1$   LAB3_2RangerCompass_V3
ASxxxx Linker V03.00 + NoICE + sdld,  page 28.
Hexadecimal  [32-Bits]

Area                                    Addr        Size        Decimal Bytes (Attributes)
--------------------------------        ----        ----        ------- ----- ------------
GSFINAL                             000000CC    00000003 =           3. bytes (REL,CON,CODE)

      Value  Global                              Global Defined In Module
      -----  --------------------------------   ------------------------
C:   000000CC  A$LAB3_2RangerCompass_V3$1140      LAB3_2RangerCompass_V3

ASxxxx Linker V03.00 + NoICE + sdld,  page 29.
Hexadecimal  [32-Bits]

Area                                    Addr        Size        Decimal Bytes (Attributes)
--------------------------------        ----        ----        ------- ----- ------------
CSEG                                000000CF    00000F68 =        3944. bytes (REL,CON,CODE)

      Value  Global                              Global Defined In Module
      -----  --------------------------------   ------------------------
C:   000000CF  A$LAB3_2RangerCompass_V3$1175      LAB3_2RangerCompass_V3
C:   000000CF  C$c8051_SDCC.h$42$0$0              LAB3_2RangerCompass_V3
C:   000000CF  C$c8051_SDCC.h$46$1$2              LAB3_2RangerCompass_V3
C:   000000CF  G$SYSCLK_Init$0$0                  LAB3_2RangerCompass_V3
C:   000000CF  _SYSCLK_Init                       LAB3_2RangerCompass_V3
C:   000000D2  A$LAB3_2RangerCompass_V3$1178      LAB3_2RangerCompass_V3
C:   000000D2  C$c8051_SDCC.h$49$1$2              LAB3_2RangerCompass_V3
C:   000000D4  A$LAB3_2RangerCompass_V3$1179      LAB3_2RangerCompass_V3
C:   000000D6  A$LAB3_2RangerCompass_V3$1181      LAB3_2RangerCompass_V3
C:   000000D7  A$LAB3_2RangerCompass_V3$1182      LAB3_2RangerCompass_V3
C:   000000D9  A$LAB3_2RangerCompass_V3$1183      LAB3_2RangerCompass_V3
C:   000000DA  A$LAB3_2RangerCompass_V3$1184      LAB3_2RangerCompass_V3
C:   000000DB  A$LAB3_2RangerCompass_V3$1185      LAB3_2RangerCompass_V3
C:   000000DD  A$LAB3_2RangerCompass_V3$1186      LAB3_2RangerCompass_V3
C:   000000DE  A$LAB3_2RangerCompass_V3$1187      LAB3_2RangerCompass_V3
C:   000000E0  A$LAB3_2RangerCompass_V3$1188      LAB3_2RangerCompass_V3
C:   000000E2  A$LAB3_2RangerCompass_V3$1189      LAB3_2RangerCompass_V3
C:   000000E3  A$LAB3_2RangerCompass_V3$1190      LAB3_2RangerCompass_V3
C:   000000E4  A$LAB3_2RangerCompass_V3$1191      LAB3_2RangerCompass_V3
C:   000000E6  A$LAB3_2RangerCompass_V3$1195      LAB3_2RangerCompass_V3
C:   000000E6  C$c8051_SDCC.h$51$1$2              LAB3_2RangerCompass_V3
C:   000000E8  A$LAB3_2RangerCompass_V3$1196      LAB3_2RangerCompass_V3
C:   000000EB  A$LAB3_2RangerCompass_V3$1199      LAB3_2RangerCompass_V3
C:   000000EB  C$c8051_SDCC.h$53$1$2              LAB3_2RangerCompass_V3
C:   000000EE  A$LAB3_2RangerCompass_V3$1202      LAB3_2RangerCompass_V3
C:   000000EE  C$c8051_SDCC.h$56$1$2              LAB3_2RangerCompass_V3
C:   000000EE  XG$SYSCLK_Init$0$0                 LAB3_2RangerCompass_V3
C:   000000EF  A$LAB3_2RangerCompass_V3$1215      LAB3_2RangerCompass_V3
C:   000000EF  C$c8051_SDCC.h$64$1$2              LAB3_2RangerCompass_V3
C:   000000EF  C$c8051_SDCC.h$66$1$4              LAB3_2RangerCompass_V3
C:   000000EF  G$UART0_Init$0$0                   LAB3_2RangerCompass_V3
C:   000000EF  _UART0_Init                        LAB3_2RangerCompass_V3
C:   000000F2  A$LAB3_2RangerCompass_V3$1218      LAB3_2RangerCompass_V3
C:   000000F2  C$c8051_SDCC.h$67$1$4              LAB3_2RangerCompass_V3
C:   000000F5  A$LAB3_2RangerCompass_V3$1221      LAB3_2RangerCompass_V3
C:   000000F5  C$c8051_SDCC.h$68$1$4              LAB3_2RangerCompass_V3
C:   000000F8  A$LAB3_2RangerCompass_V3$1224      LAB3_2RangerCompass_V3
C:   000000F8  C$c8051_SDCC.h$69$1$4              LAB3_2RangerCompass_V3
C:   000000FA  A$LAB3_2RangerCompass_V3$1227      LAB3_2RangerCompass_V3
C:   000000FA  C$c8051_SDCC.h$70$1$4              LAB3_2RangerCompass_V3
C:   000000FD  A$LAB3_2RangerCompass_V3$1230      LAB3_2RangerCompass_V3
C:   000000FD  C$c8051_SDCC.h$71$1$4              LAB3_2RangerCompass_V3
C:   00000100  A$LAB3_2RangerCompass_V3$1233      LAB3_2RangerCompass_V3
C:   00000100  C$c8051_SDCC.h$73$1$4              LAB3_2RangerCompass_V3
C:   00000102  A$LAB3_2RangerCompass_V3$1236      LAB3_2RangerCompass_V3
C:   00000102  C$c8051_SDCC.h$74$1$4              LAB3_2RangerCompass_V3
C:   00000105  A$LAB3_2RangerCompass_V3$1239      LAB3_2RangerCompass_V3
C:   00000105  C$c8051_SDCC.h$75$1$4              LAB3_2RangerCompass_V3
C:   00000105  XG$UART0_Init$0$0                  LAB3_2RangerCompass_V3
C:   00000106  A$LAB3_2RangerCompass_V3$1252      LAB3_2RangerCompass_V3
ASxxxx Linker V03.00 + NoICE + sdld,  page 30.
Hexadecimal  [32-Bits]

Area                                    Addr        Size        Decimal Bytes (Attributes)
--------------------------------        ----        ----        ------- ----- ------------
CSEG                                000000CF    00000F68 =        3944. bytes (REL,CON,CODE)

      Value  Global                              Global Defined In Module
      -----  --------------------------------   ------------------------
C:   00000106  C$c8051_SDCC.h$83$1$4              LAB3_2RangerCompass_V3
C:   00000106  C$c8051_SDCC.h$85$1$6              LAB3_2RangerCompass_V3
C:   00000106  G$Sys_Init$0$0                     LAB3_2RangerCompass_V3
C:   00000106  _Sys_Init                          LAB3_2RangerCompass_V3
C:   00000109  A$LAB3_2RangerCompass_V3$1255      LAB3_2RangerCompass_V3
C:   00000109  C$c8051_SDCC.h$86$1$6              LAB3_2RangerCompass_V3
C:   0000010C  A$LAB3_2RangerCompass_V3$1258      LAB3_2RangerCompass_V3
C:   0000010C  C$c8051_SDCC.h$88$1$6              LAB3_2RangerCompass_V3
C:   0000010F  A$LAB3_2RangerCompass_V3$1261      LAB3_2RangerCompass_V3
C:   0000010F  C$c8051_SDCC.h$89$1$6              LAB3_2RangerCompass_V3
C:   00000112  A$LAB3_2RangerCompass_V3$1264      LAB3_2RangerCompass_V3
C:   00000112  C$c8051_SDCC.h$91$1$6              LAB3_2RangerCompass_V3
C:   00000115  A$LAB3_2RangerCompass_V3$1267      LAB3_2RangerCompass_V3
C:   00000115  C$c8051_SDCC.h$92$1$6              LAB3_2RangerCompass_V3
C:   00000118  A$LAB3_2RangerCompass_V3$1270      LAB3_2RangerCompass_V3
C:   00000118  C$c8051_SDCC.h$93$1$6              LAB3_2RangerCompass_V3
C:   00000118  XG$Sys_Init$0$0                    LAB3_2RangerCompass_V3
C:   00000119  A$LAB3_2RangerCompass_V3$1283      LAB3_2RangerCompass_V3
C:   00000119  C$c8051_SDCC.h$98$1$6              LAB3_2RangerCompass_V3
C:   00000119  G$putchar$0$0                      LAB3_2RangerCompass_V3
C:   00000119  _putchar                           LAB3_2RangerCompass_V3
C:   0000011B  A$LAB3_2RangerCompass_V3$1289      LAB3_2RangerCompass_V3
C:   0000011B  C$c8051_SDCC.h$100$1$8             LAB3_2RangerCompass_V3
C:   0000011B  C$c8051_SDCC.h$101$1$8             LAB3_2RangerCompass_V3
C:   0000011E  A$LAB3_2RangerCompass_V3$1290      LAB3_2RangerCompass_V3
C:   00000120  A$LAB3_2RangerCompass_V3$1294      LAB3_2RangerCompass_V3
C:   00000120  C$c8051_SDCC.h$102$1$8             LAB3_2RangerCompass_V3
C:   00000122  A$LAB3_2RangerCompass_V3$1297      LAB3_2RangerCompass_V3
C:   00000122  C$c8051_SDCC.h$103$1$8             LAB3_2RangerCompass_V3
C:   00000122  XG$putchar$0$0                     LAB3_2RangerCompass_V3
C:   00000123  A$LAB3_2RangerCompass_V3$1315      LAB3_2RangerCompass_V3
C:   00000123  C$c8051_SDCC.h$108$1$8             LAB3_2RangerCompass_V3
C:   00000123  C$c8051_SDCC.h$111$1$10            LAB3_2RangerCompass_V3
C:   00000123  C$c8051_SDCC.h$112$1$10            LAB3_2RangerCompass_V3
C:   00000123  G$getchar$0$0                      LAB3_2RangerCompass_V3
C:   00000126  A$LAB3_2RangerCompass_V3$1316      LAB3_2RangerCompass_V3
C:   00000128  A$LAB3_2RangerCompass_V3$1320      LAB3_2RangerCompass_V3
C:   00000128  C$c8051_SDCC.h$113$1$10            LAB3_2RangerCompass_V3
C:   0000012B  A$LAB3_2RangerCompass_V3$1323      LAB3_2RangerCompass_V3
C:   0000012B  C$c8051_SDCC.h$114$1$10            LAB3_2RangerCompass_V3
C:   0000012E  A$LAB3_2RangerCompass_V3$1326      LAB3_2RangerCompass_V3
C:   0000012E  C$c8051_SDCC.h$115$1$10            LAB3_2RangerCompass_V3
C:   00000131  A$LAB3_2RangerCompass_V3$1329      LAB3_2RangerCompass_V3
C:   00000131  C$c8051_SDCC.h$116$1$10            LAB3_2RangerCompass_V3
C:   00000131  XG$getchar$0$0                     LAB3_2RangerCompass_V3
C:   00000132  A$LAB3_2RangerCompass_V3$1344      LAB3_2RangerCompass_V3
C:   00000132  C$c8051_SDCC.h$121$1$10            LAB3_2RangerCompass_V3
C:   00000132  C$c8051_SDCC.h$124$1$12            LAB3_2RangerCompass_V3
C:   00000132  G$getchar_nw$0$0                   LAB3_2RangerCompass_V3
C:   00000132  _getchar_nw                        LAB3_2RangerCompass_V3
C:   00000135  A$LAB3_2RangerCompass_V3$1345      LAB3_2RangerCompass_V3
ASxxxx Linker V03.00 + NoICE + sdld,  page 31.
Hexadecimal  [32-Bits]

Area                                    Addr        Size        Decimal Bytes (Attributes)
--------------------------------        ----        ----        ------- ----- ------------
CSEG                                000000CF    00000F68 =        3944. bytes (REL,CON,CODE)

      Value  Global                              Global Defined In Module
      -----  --------------------------------   ------------------------
C:   00000138  A$LAB3_2RangerCompass_V3$1346      LAB3_2RangerCompass_V3
C:   0000013A  A$LAB3_2RangerCompass_V3$1350      LAB3_2RangerCompass_V3
C:   0000013A  C$c8051_SDCC.h$127$2$13            LAB3_2RangerCompass_V3
C:   0000013C  A$LAB3_2RangerCompass_V3$1353      LAB3_2RangerCompass_V3
C:   0000013C  C$c8051_SDCC.h$128$2$13            LAB3_2RangerCompass_V3
C:   0000013F  A$LAB3_2RangerCompass_V3$1356      LAB3_2RangerCompass_V3
C:   0000013F  C$c8051_SDCC.h$129$2$13            LAB3_2RangerCompass_V3
C:   00000142  A$LAB3_2RangerCompass_V3$1359      LAB3_2RangerCompass_V3
C:   00000142  C$c8051_SDCC.h$130$2$13            LAB3_2RangerCompass_V3
C:   00000145  A$LAB3_2RangerCompass_V3$1363      LAB3_2RangerCompass_V3
C:   00000145  C$c8051_SDCC.h$132$1$12            LAB3_2RangerCompass_V3
C:   00000145  XG$getchar_nw$0$0                  LAB3_2RangerCompass_V3
C:   00000146  A$LAB3_2RangerCompass_V3$1380      LAB3_2RangerCompass_V3
C:   00000146  C$i2c.h$81$1$12                    LAB3_2RangerCompass_V3
C:   00000146  G$lcd_print$0$0                    LAB3_2RangerCompass_V3
C:   00000146  _lcd_print                         LAB3_2RangerCompass_V3
C:   00000148  A$LAB3_2RangerCompass_V3$1381      LAB3_2RangerCompass_V3
C:   0000014B  A$LAB3_2RangerCompass_V3$1384      LAB3_2RangerCompass_V3
C:   0000014B  C$i2c.h$87$1$76                    LAB3_2RangerCompass_V3
C:   0000014D  A$LAB3_2RangerCompass_V3$1385      LAB3_2RangerCompass_V3
C:   0000014F  A$LAB3_2RangerCompass_V3$1386      LAB3_2RangerCompass_V3
C:   00000150  A$LAB3_2RangerCompass_V3$1387      LAB3_2RangerCompass_V3
C:   00000152  A$LAB3_2RangerCompass_V3$1388      LAB3_2RangerCompass_V3
C:   00000153  A$LAB3_2RangerCompass_V3$1389      LAB3_2RangerCompass_V3
C:   00000155  A$LAB3_2RangerCompass_V3$1390      LAB3_2RangerCompass_V3
C:   00000156  A$LAB3_2RangerCompass_V3$1391      LAB3_2RangerCompass_V3
C:   00000158  A$LAB3_2RangerCompass_V3$1392      LAB3_2RangerCompass_V3
C:   0000015B  A$LAB3_2RangerCompass_V3$1393      LAB3_2RangerCompass_V3
C:   0000015D  A$LAB3_2RangerCompass_V3$1394      LAB3_2RangerCompass_V3
C:   00000160  A$LAB3_2RangerCompass_V3$1395      LAB3_2RangerCompass_V3
C:   00000162  A$LAB3_2RangerCompass_V3$1396      LAB3_2RangerCompass_V3
C:   00000164  A$LAB3_2RangerCompass_V3$1397      LAB3_2RangerCompass_V3
C:   00000166  A$LAB3_2RangerCompass_V3$1401      LAB3_2RangerCompass_V3
C:   00000166  C$i2c.h$89$2$77                    LAB3_2RangerCompass_V3
C:   00000168  A$LAB3_2RangerCompass_V3$1402      LAB3_2RangerCompass_V3
C:   0000016A  A$LAB3_2RangerCompass_V3$1403      LAB3_2RangerCompass_V3
C:   0000016B  A$LAB3_2RangerCompass_V3$1404      LAB3_2RangerCompass_V3
C:   0000016D  A$LAB3_2RangerCompass_V3$1407      LAB3_2RangerCompass_V3
C:   0000016D  C$i2c.h$90$1$76                    LAB3_2RangerCompass_V3
C:   0000016F  A$LAB3_2RangerCompass_V3$1408      LAB3_2RangerCompass_V3
C:   00000171  A$LAB3_2RangerCompass_V3$1409      LAB3_2RangerCompass_V3
C:   00000172  A$LAB3_2RangerCompass_V3$1410      LAB3_2RangerCompass_V3
C:   00000174  A$LAB3_2RangerCompass_V3$1411      LAB3_2RangerCompass_V3
C:   00000175  A$LAB3_2RangerCompass_V3$1412      LAB3_2RangerCompass_V3
C:   00000177  A$LAB3_2RangerCompass_V3$1413      LAB3_2RangerCompass_V3
C:   00000178  A$LAB3_2RangerCompass_V3$1414      LAB3_2RangerCompass_V3
C:   0000017A  A$LAB3_2RangerCompass_V3$1415      LAB3_2RangerCompass_V3
C:   0000017D  A$LAB3_2RangerCompass_V3$1416      LAB3_2RangerCompass_V3
C:   00000180  A$LAB3_2RangerCompass_V3$1417      LAB3_2RangerCompass_V3
C:   00000183  A$LAB3_2RangerCompass_V3$1420      LAB3_2RangerCompass_V3
C:   00000183  C$i2c.h$93$1$76                    LAB3_2RangerCompass_V3
ASxxxx Linker V03.00 + NoICE + sdld,  page 32.
Hexadecimal  [32-Bits]

Area                                    Addr        Size        Decimal Bytes (Attributes)
--------------------------------        ----        ----        ------- ----- ------------
CSEG                                000000CF    00000F68 =        3944. bytes (REL,CON,CODE)

      Value  Global                              Global Defined In Module
      -----  --------------------------------   ------------------------
C:   00000186  A$LAB3_2RangerCompass_V3$1421      LAB3_2RangerCompass_V3
C:   00000189  A$LAB3_2RangerCompass_V3$1422      LAB3_2RangerCompass_V3
C:   0000018C  A$LAB3_2RangerCompass_V3$1423      LAB3_2RangerCompass_V3
C:   0000018E  A$LAB3_2RangerCompass_V3$1426      LAB3_2RangerCompass_V3
C:   00000190  A$LAB3_2RangerCompass_V3$1428      LAB3_2RangerCompass_V3
C:   00000191  A$LAB3_2RangerCompass_V3$1429      LAB3_2RangerCompass_V3
C:   00000192  A$LAB3_2RangerCompass_V3$1430      LAB3_2RangerCompass_V3
C:   00000193  A$LAB3_2RangerCompass_V3$1431      LAB3_2RangerCompass_V3
C:   00000195  A$LAB3_2RangerCompass_V3$1434      LAB3_2RangerCompass_V3
C:   00000195  C$i2c.h$96$2$79                    LAB3_2RangerCompass_V3
C:   00000196  A$LAB3_2RangerCompass_V3$1435      LAB3_2RangerCompass_V3
C:   00000198  A$LAB3_2RangerCompass_V3$1436      LAB3_2RangerCompass_V3
C:   00000199  A$LAB3_2RangerCompass_V3$1437      LAB3_2RangerCompass_V3
C:   0000019A  A$LAB3_2RangerCompass_V3$1438      LAB3_2RangerCompass_V3
C:   0000019C  A$LAB3_2RangerCompass_V3$1439      LAB3_2RangerCompass_V3
C:   0000019D  A$LAB3_2RangerCompass_V3$1440      LAB3_2RangerCompass_V3
[...]
C:   0000079B  C$LAB3_2RangerCompass_V3.c$145$1   LAB3_2RangerCompass_V3
C:   0000079E  A$LAB3_2RangerCompass_V3$2685      LAB3_2RangerCompass_V3
C:   000007A0  A$LAB3_2RangerCompass_V3$2686      LAB3_2RangerCompass_V3
C:   000007A2  A$LAB3_2RangerCompass_V3$2687      LAB3_2RangerCompass_V3
C:   000007A4  A$LAB3_2RangerCompass_V3$2688      LAB3_2RangerCompass_V3
C:   000007A6  A$LAB3_2RangerCompass_V3$2689      LAB3_2RangerCompass_V3
C:   000007A7  A$LAB3_2RangerCompass_V3$2690      LAB3_2RangerCompass_V3
C:   000007A9  A$LAB3_2RangerCompass_V3$2691      LAB3_2RangerCompass_V3
C:   000007AB  A$LAB3_2RangerCompass_V3$2692      LAB3_2RangerCompass_V3
C:   000007AD  A$LAB3_2RangerCompass_V3$2693      LAB3_2RangerCompass_V3
C:   000007AE  A$LAB3_2RangerCompass_V3$2694      LAB3_2RangerCompass_V3
C:   000007B0  A$LAB3_2RangerCompass_V3$2695      LAB3_2RangerCompass_V3
C:   000007B3  A$LAB3_2RangerCompass_V3$2696      LAB3_2RangerCompass_V3
C:   000007B6  A$LAB3_2RangerCompass_V3$2697      LAB3_2RangerCompass_V3
C:   000007B9  A$LAB3_2RangerCompass_V3$2698      LAB3_2RangerCompass_V3
C:   000007BB  A$LAB3_2RangerCompass_V3$2699      LAB3_2RangerCompass_V3
C:   000007BD  A$LAB3_2RangerCompass_V3$2700      LAB3_2RangerCompass_V3
C:   000007BF  A$LAB3_2RangerCompass_V3$2701      LAB3_2RangerCompass_V3
C:   000007C1  A$LAB3_2RangerCompass_V3$2702      LAB3_2RangerCompass_V3
C:   000007C3  A$LAB3_2RangerCompass_V3$2703      LAB3_2RangerCompass_V3
C:   000007C5  A$LAB3_2RangerCompass_V3$2704      LAB3_2RangerCompass_V3
ASxxxx Linker V03.00 + NoICE + sdld,  page 51.
Hexadecimal  [32-Bits]

Area                                    Addr        Size        Decimal Bytes (Attributes)
--------------------------------        ----        ----        ------- ----- ------------
CSEG                                000000CF    00000F68 =        3944. bytes (REL,CON,CODE)

      Value  Global                              Global Defined In Module
      -----  --------------------------------   ------------------------
C:   000007C7  A$LAB3_2RangerCompass_V3$2705      LAB3_2RangerCompass_V3
C:   000007C9  A$LAB3_2RangerCompass_V3$2706      LAB3_2RangerCompass_V3
C:   000007CB  A$LAB3_2RangerCompass_V3$2707      LAB3_2RangerCompass_V3
C:   000007CD  A$LAB3_2RangerCompass_V3$2708      LAB3_2RangerCompass_V3
C:   000007CF  A$LAB3_2RangerCompass_V3$2709      LAB3_2RangerCompass_V3
C:   000007D1  A$LAB3_2RangerCompass_V3$2710      LAB3_2RangerCompass_V3
C:   000007D4  A$LAB3_2RangerCompass_V3$2711      LAB3_2RangerCompass_V3
C:   000007D6  A$LAB3_2RangerCompass_V3$2712      LAB3_2RangerCompass_V3
C:   000007D8  A$LAB3_2RangerCompass_V3$2713      LAB3_2RangerCompass_V3
C:   000007DA  A$LAB3_2RangerCompass_V3$2716      LAB3_2RangerCompass_V3
C:   000007DA  C$LAB3_2RangerCompass_V3.c$146$1   LAB3_2RangerCompass_V3
C:   000007DB  A$LAB3_2RangerCompass_V3$2717      LAB3_2RangerCompass_V3
C:   000007DD  A$LAB3_2RangerCompass_V3$2718      LAB3_2RangerCompass_V3
C:   000007DF  A$LAB3_2RangerCompass_V3$2721      LAB3_2RangerCompass_V3
C:   000007DF  C$LAB3_2RangerCompass_V3.c$147$1   LAB3_2RangerCompass_V3
C:   000007DF  XG$print_output$0$0                LAB3_2RangerCompass_V3
C:   000007E0  A$LAB3_2RangerCompass_V3$2734      LAB3_2RangerCompass_V3
C:   000007E0  C$LAB3_2RangerCompass_V3.c$155$1   LAB3_2RangerCompass_V3
C:   000007E0  C$LAB3_2RangerCompass_V3.c$158$1   LAB3_2RangerCompass_V3
C:   000007E0  G$ReadCompass$0$0                  LAB3_2RangerCompass_V3
C:   000007E0  _ReadCompass                       LAB3_2RangerCompass_V3
C:   000007E3  A$LAB3_2RangerCompass_V3$2735      LAB3_2RangerCompass_V3
C:   000007E6  A$LAB3_2RangerCompass_V3$2736      LAB3_2RangerCompass_V3
C:   000007E9  A$LAB3_2RangerCompass_V3$2737      LAB3_2RangerCompass_V3
C:   000007EC  A$LAB3_2RangerCompass_V3$2738      LAB3_2RangerCompass_V3
C:   000007EF  A$LAB3_2RangerCompass_V3$2739      LAB3_2RangerCompass_V3
C:   000007F2  A$LAB3_2RangerCompass_V3$2740      LAB3_2RangerCompass_V3
C:   000007F5  A$LAB3_2RangerCompass_V3$2743      LAB3_2RangerCompass_V3
C:   000007F5  C$LAB3_2RangerCompass_V3.c$159$1   LAB3_2RangerCompass_V3
C:   000007F7  A$LAB3_2RangerCompass_V3$2744      LAB3_2RangerCompass_V3
C:   000007F9  A$LAB3_2RangerCompass_V3$2745      LAB3_2RangerCompass_V3
C:   000007FB  A$LAB3_2RangerCompass_V3$2746      LAB3_2RangerCompass_V3
C:   000007FD  A$LAB3_2RangerCompass_V3$2747      LAB3_2RangerCompass_V3
C:   000007FE  A$LAB3_2RangerCompass_V3$2748      LAB3_2RangerCompass_V3
C:   00000800  A$LAB3_2RangerCompass_V3$2749      LAB3_2RangerCompass_V3
C:   00000801  A$LAB3_2RangerCompass_V3$2750      LAB3_2RangerCompass_V3
C:   00000803  A$LAB3_2RangerCompass_V3$2751      LAB3_2RangerCompass_V3
C:   00000805  A$LAB3_2RangerCompass_V3$2752      LAB3_2RangerCompass_V3
C:   00000807  A$LAB3_2RangerCompass_V3$2755      LAB3_2RangerCompass_V3
C:   00000807  C$LAB3_2RangerCompass_V3.c$162$1   LAB3_2RangerCompass_V3
C:   00000807  XG$ReadCompass$0$0                 LAB3_2RangerCompass_V3
C:   00000808  A$LAB3_2RangerCompass_V3$2768      LAB3_2RangerCompass_V3
C:   00000808  C$LAB3_2RangerCompass_V3.c$166$1   LAB3_2RangerCompass_V3
C:   00000808  C$LAB3_2RangerCompass_V3.c$167$1   LAB3_2RangerCompass_V3
C:   00000808  G$ReadRanger$0$0                   LAB3_2RangerCompass_V3
C:   00000808  _ReadRanger                        LAB3_2RangerCompass_V3
C:   0000080B  A$LAB3_2RangerCompass_V3$2769      LAB3_2RangerCompass_V3
C:   0000080E  A$LAB3_2RangerCompass_V3$2770      LAB3_2RangerCompass_V3
C:   00000811  A$LAB3_2RangerCompass_V3$2771      LAB3_2RangerCompass_V3
C:   00000814  A$LAB3_2RangerCompass_V3$2772      LAB3_2RangerCompass_V3
C:   00000817  A$LAB3_2RangerCompass_V3$2773      LAB3_2RangerCompass_V3
ASxxxx Linker V03.00 + NoICE + sdld,  page 52.
Hexadecimal  [32-Bits]

Area                                    Addr        Size        Decimal Bytes (Attributes)
--------------------------------        ----        ----        ------- ----- ------------
CSEG                                000000CF    00000F68 =        3944. bytes (REL,CON,CODE)

      Value  Global                              Global Defined In Module
      -----  --------------------------------   ------------------------
C:   0000081A  A$LAB3_2RangerCompass_V3$2774      LAB3_2RangerCompass_V3
C:   0000081D  A$LAB3_2RangerCompass_V3$2777      LAB3_2RangerCompass_V3
C:   0000081D  C$LAB3_2RangerCompass_V3.c$168$1   LAB3_2RangerCompass_V3
C:   0000081F  A$LAB3_2RangerCompass_V3$2778      LAB3_2RangerCompass_V3
C:   00000821  A$LAB3_2RangerCompass_V3$2779      LAB3_2RangerCompass_V3
C:   00000823  A$LAB3_2RangerCompass_V3$2780      LAB3_2RangerCompass_V3
C:   00000825  A$LAB3_2RangerCompass_V3$2781      LAB3_2RangerCompass_V3
C:   00000826  A$LAB3_2RangerCompass_V3$2782      LAB3_2RangerCompass_V3
C:   00000827  A$LAB3_2RangerCompass_V3$2783      LAB3_2RangerCompass_V3
C:   00000829  A$LAB3_2RangerCompass_V3$2784      LAB3_2RangerCompass_V3
C:   0000082A  A$LAB3_2RangerCompass_V3$2785      LAB3_2RangerCompass_V3
C:   0000082B  A$LAB3_2RangerCompass_V3$2786      LAB3_2RangerCompass_V3
C:   0000082D  A$LAB3_2RangerCompass_V3$2789      LAB3_2RangerCompass_V3
C:   0000082D  C$LAB3_2RangerCompass_V3.c$169$1   LAB3_2RangerCompass_V3
C:   0000082D  XG$ReadRanger$0$0                  LAB3_2RangerCompass_V3
C:   0000082E  A$LAB3_2RangerCompass_V3$2802      LAB3_2RangerCompass_V3
C:   0000082E  C$LAB3_2RangerCompass_V3.c$173$1   LAB3_2RangerCompass_V3
C:   0000082E  C$LAB3_2RangerCompass_V3.c$174$1   LAB3_2RangerCompass_V3
C:   0000082E  G$start_ping$0$0                   LAB3_2RangerCompass_V3
C:   0000082E  _start_ping                        LAB3_2RangerCompass_V3
C:   00000831  A$LAB3_2RangerCompass_V3$2805      LAB3_2RangerCompass_V3
C:   00000831  C$LAB3_2RangerCompass_V3.c$175$1   LAB3_2RangerCompass_V3
C:   00000834  A$LAB3_2RangerCompass_V3$2806      LAB3_2RangerCompass_V3
C:   00000837  A$LAB3_2RangerCompass_V3$2807      LAB3_2RangerCompass_V3
C:   0000083A  A$LAB3_2RangerCompass_V3$2808      LAB3_2RangerCompass_V3
C:   0000083D  A$LAB3_2RangerCompass_V3$2809      LAB3_2RangerCompass_V3
C:   00000840  A$LAB3_2RangerCompass_V3$2810      LAB3_2RangerCompass_V3
C:   00000843  A$LAB3_2RangerCompass_V3$2811      LAB3_2RangerCompass_V3
C:   00000846  A$LAB3_2RangerCompass_V3$2814      LAB3_2RangerCompass_V3
C:   00000846  C$LAB3_2RangerCompass_V3.c$176$1   LAB3_2RangerCompass_V3
C:   00000846  XG$start_ping$0$0                  LAB3_2RangerCompass_V3
C:   00000847  A$LAB3_2RangerCompass_V3$2825      LAB3_2RangerCompass_V3
C:   00000847  C$LAB3_2RangerCompass_V3.c$211$1   LAB3_2RangerCompass_V3
C:   00000847  G$PCA_ISR$0$0                      LAB3_2RangerCompass_V3
C:   00000847  _PCA_ISR                           LAB3_2RangerCompass_V3
C:   00000849  A$LAB3_2RangerCompass_V3$2826      LAB3_2RangerCompass_V3
C:   0000084B  A$LAB3_2RangerCompass_V3$2829      LAB3_2RangerCompass_V3
C:   0000084B  C$LAB3_2RangerCompass_V3.c$212$1   LAB3_2RangerCompass_V3
C:   0000084E  A$LAB3_2RangerCompass_V3$2832      LAB3_2RangerCompass_V3
C:   0000084E  C$LAB3_2RangerCompass_V3.c$213$2   LAB3_2RangerCompass_V3
C:   00000850  A$LAB3_2RangerCompass_V3$2835      LAB3_2RangerCompass_V3
C:   00000850  C$LAB3_2RangerCompass_V3.c$214$2   LAB3_2RangerCompass_V3
C:   00000852  A$LAB3_2RangerCompass_V3$2838      LAB3_2RangerCompass_V3
C:   00000852  C$LAB3_2RangerCompass_V3.c$215$2   LAB3_2RangerCompass_V3
C:   00000854  A$LAB3_2RangerCompass_V3$2839      LAB3_2RangerCompass_V3
C:   00000856  A$LAB3_2RangerCompass_V3$2840      LAB3_2RangerCompass_V3
C:   00000858  A$LAB3_2RangerCompass_V3$2843      LAB3_2RangerCompass_V3
C:   00000858  C$LAB3_2RangerCompass_V3.c$216$3   LAB3_2RangerCompass_V3
C:   0000085B  A$LAB3_2RangerCompass_V3$2846      LAB3_2RangerCompass_V3
C:   0000085B  C$LAB3_2RangerCompass_V3.c$217$3   LAB3_2RangerCompass_V3
C:   0000085E  A$LAB3_2RangerCompass_V3$2850      LAB3_2RangerCompass_V3
ASxxxx Linker V03.00 + NoICE + sdld,  page 53.
Hexadecimal  [32-Bits]

Area                                    Addr        Size        Decimal Bytes (Attributes)
--------------------------------        ----        ----        ------- ----- ------------
CSEG                                000000CF    00000F68 =        3944. bytes (REL,CON,CODE)

      Value  Global                              Global Defined In Module
      -----  --------------------------------   ------------------------
C:   0000085E  C$LAB3_2RangerCompass_V3.c$219$2   LAB3_2RangerCompass_V3
C:   00000860  A$LAB3_2RangerCompass_V3$2851      LAB3_2RangerCompass_V3
C:   00000862  A$LAB3_2RangerCompass_V3$2852      LAB3_2RangerCompass_V3
C:   00000864  A$LAB3_2RangerCompass_V3$2855      LAB3_2RangerCompass_V3
C:   00000864  C$LAB3_2RangerCompass_V3.c$220$3   LAB3_2RangerCompass_V3
C:   00000867  A$LAB3_2RangerCompass_V3$2858      LAB3_2RangerCompass_V3
C:   00000867  C$LAB3_2RangerCompass_V3.c$221$3   LAB3_2RangerCompass_V3
C:   0000086A  A$LAB3_2RangerCompass_V3$2862      LAB3_2RangerCompass_V3
C:   0000086A  C$LAB3_2RangerCompass_V3.c$223$2   LAB3_2RangerCompass_V3
C:   0000086C  A$LAB3_2RangerCompass_V3$2865      LAB3_2RangerCompass_V3
C:   0000086C  C$LAB3_2RangerCompass_V3.c$224$2   LAB3_2RangerCompass_V3
C:   0000086F  A$LAB3_2RangerCompass_V3$2866      LAB3_2RangerCompass_V3
C:   00000872  A$LAB3_2RangerCompass_V3$2870      LAB3_2RangerCompass_V3
C:   00000872  C$LAB3_2RangerCompass_V3.c$226$1   LAB3_2RangerCompass_V3
C:   00000875  A$LAB3_2RangerCompass_V3$2871      LAB3_2RangerCompass_V3
C:   00000877  A$LAB3_2RangerCompass_V3$2872      LAB3_2RangerCompass_V3
C:   00000879  A$LAB3_2RangerCompass_V3$2875      LAB3_2RangerCompass_V3
C:   00000879  C$LAB3_2RangerCompass_V3.c$227$1   LAB3_2RangerCompass_V3
C:   00000879  XG$PCA_ISR$0$0                     LAB3_2RangerCompass_V3
C:   0000087A  A$LAB3_2RangerCompass_V3$2892      LAB3_2RangerCompass_V3
C:   0000087A  C$LAB3_2RangerCompass_V3.c$232$1   LAB3_2RangerCompass_V3
C:   0000087A  C$LAB3_2RangerCompass_V3.c$233$1   LAB3_2RangerCompass_V3
C:   0000087A  G$SMB_Init$0$0                     LAB3_2RangerCompass_V3
C:   0000087A  _SMB_Init                          LAB3_2RangerCompass_V3
C:   0000087D  A$LAB3_2RangerCompass_V3$2895      LAB3_2RangerCompass_V3
C:   0000087D  C$LAB3_2RangerCompass_V3.c$234$1   LAB3_2RangerCompass_V3
C:   0000087F  A$LAB3_2RangerCompass_V3$2898      LAB3_2RangerCompass_V3
C:   0000087F  C$LAB3_2RangerCompass_V3.c$235$1   LAB3_2RangerCompass_V3
C:   0000087F  XG$SMB_Init$0$0                    LAB3_2RangerCompass_V3
C:   00000880  A$LAB3_2RangerCompass_V3$2911      LAB3_2RangerCompass_V3
C:   00000880  C$LAB3_2RangerCompass_V3.c$237$1   LAB3_2RangerCompass_V3
C:   00000880  C$LAB3_2RangerCompass_V3.c$238$1   LAB3_2RangerCompass_V3
C:   00000880  G$PCA_Init$0$0                     LAB3_2RangerCompass_V3
C:   00000880  _PCA_Init                          LAB3_2RangerCompass_V3
C:   00000883  A$LAB3_2RangerCompass_V3$2914      LAB3_2RangerCompass_V3
C:   00000883  C$LAB3_2RangerCompass_V3.c$239$1   LAB3_2RangerCompass_V3
C:   00000886  A$LAB3_2RangerCompass_V3$2917      LAB3_2RangerCompass_V3
C:   00000886  C$LAB3_2RangerCompass_V3.c$240$1   LAB3_2RangerCompass_V3
C:   00000889  A$LAB3_2RangerCompass_V3$2920      LAB3_2RangerCompass_V3
C:   00000889  C$LAB3_2RangerCompass_V3.c$241$1   LAB3_2RangerCompass_V3
C:   0000088C  A$LAB3_2RangerCompass_V3$2923      LAB3_2RangerCompass_V3
C:   0000088C  C$LAB3_2RangerCompass_V3.c$242$1   LAB3_2RangerCompass_V3
C:   0000088E  A$LAB3_2RangerCompass_V3$2926      LAB3_2RangerCompass_V3
C:   0000088E  C$LAB3_2RangerCompass_V3.c$243$1   LAB3_2RangerCompass_V3
C:   0000088E  XG$PCA_Init$0$0                    LAB3_2RangerCompass_V3
C:   0000088F  A$LAB3_2RangerCompass_V3$2939      LAB3_2RangerCompass_V3
C:   0000088F  C$LAB3_2RangerCompass_V3.c$245$1   LAB3_2RangerCompass_V3
C:   0000088F  C$LAB3_2RangerCompass_V3.c$246$1   LAB3_2RangerCompass_V3
C:   0000088F  G$Port_Init$0$0                    LAB3_2RangerCompass_V3
C:   0000088F  _Port_Init                         LAB3_2RangerCompass_V3
C:   00000892  A$LAB3_2RangerCompass_V3$2942      LAB3_2RangerCompass_V3
ASxxxx Linker V03.00 + NoICE + sdld,  page 54.
Hexadecimal  [32-Bits]

Area                                    Addr        Size        Decimal Bytes (Attributes)
--------------------------------        ----        ----        ------- ----- ------------
CSEG                                000000CF    00000F68 =        3944. bytes (REL,CON,CODE)

      Value  Global                              Global Defined In Module
      -----  --------------------------------   ------------------------
C:   00000892  C$LAB3_2RangerCompass_V3.c$247$1   LAB3_2RangerCompass_V3
C:   00000894  A$LAB3_2RangerCompass_V3$2943      LAB3_2RangerCompass_V3
C:   00000896  A$LAB3_2RangerCompass_V3$2944      LAB3_2RangerCompass_V3
C:   00000897  A$LAB3_2RangerCompass_V3$2945      LAB3_2RangerCompass_V3
C:   00000899  A$LAB3_2RangerCompass_V3$2948      LAB3_2RangerCompass_V3
C:   00000899  C$LAB3_2RangerCompass_V3.c$248$1   LAB3_2RangerCompass_V3
C:   00000899  XG$Port_Init$0$0                   LAB3_2RangerCompass_V3
C:   0000089A  A$LAB3_2RangerCompass_V3$2961      LAB3_2RangerCompass_V3
C:   0000089A  C$LAB3_2RangerCompass_V3.c$250$1   LAB3_2RangerCompass_V3
C:   0000089A  C$LAB3_2RangerCompass_V3.c$251$1   LAB3_2RangerCompass_V3
C:   0000089A  G$XBR0_Init$0$0                    LAB3_2RangerCompass_V3
C:   0000089A  _XBR0_Init                         LAB3_2RangerCompass_V3
C:   0000089D  A$LAB3_2RangerCompass_V3$2964      LAB3_2RangerCompass_V3
C:   0000089D  C$LAB3_2RangerCompass_V3.c$252$1   LAB3_2RangerCompass_V3
C:   0000089D  XG$XBR0_Init$0$0                   LAB3_2RangerCompass_V3
C:   0000089E  __divuint                          _divuint
C:   000008C7  __gptrput                          _gptrput
C:   000008E2  __mulint                           _mulint
C:   000008E2  __mulint_dummy                     _mulint
C:   0000096F  _vsprintf                          sprintf
C:   000009AC  _sprintf                           sprintf
C:   00000A05  _vprintf                           vprintf
C:   00000A1E  _printf                            vprintf
C:   00000AF5  __print_format                     printf_large
C:   00000FFF  _strlen                            _strlen
C:   00001017  __gptrget                          _gptrget
C:   00001033  __sdcc_external_startup            _startup

ASxxxx Linker V03.00 + NoICE + sdld,  page 55.
Hexadecimal  [32-Bits]

Area                                    Addr        Size        Decimal Bytes (Attributes)
--------------------------------        ----        ----        ------- ----- ------------
CONST                               00001037    000000AB =         171. bytes (REL,CON,CODE)

      Value  Global                              Global Defined In Module
      -----  --------------------------------   ------------------------
C:   00001037  FLAB3_2RangerCompass_V3$__str_0$   LAB3_2RangerCompass_V3
C:   0000104D  FLAB3_2RangerCompass_V3$__str_1$   LAB3_2RangerCompass_V3
C:   0000105D  FLAB3_2RangerCompass_V3$__str_2$   LAB3_2RangerCompass_V3
C:   00001060  FLAB3_2RangerCompass_V3$__str_3$   LAB3_2RangerCompass_V3
C:   00001093  FLAB3_2RangerCompass_V3$__str_4$   LAB3_2RangerCompass_V3
C:   000010A2  FLAB3_2RangerCompass_V3$__str_5$   LAB3_2RangerCompass_V3
C:   000010A4  FLAB3_2RangerCompass_V3$__str_6$   LAB3_2RangerCompass_V3
C:   000010A7  FLAB3_2RangerCompass_V3$__str_7$   LAB3_2RangerCompass_V3
C:   000010A9  FLAB3_2RangerCompass_V3$__str_8$   LAB3_2RangerCompass_V3
C:   000010AC  FLAB3_2RangerCompass_V3$__str_9$   LAB3_2RangerCompass_V3
C:   000010AE  FLAB3_2RangerCompass_V3$__str_10   LAB3_2RangerCompass_V3
C:   000010B1  FLAB3_2RangerCompass_V3$__str_11   LAB3_2RangerCompass_V3
C:   000010B3  FLAB3_2RangerCompass_V3$__str_12   LAB3_2RangerCompass_V3
C:   000010B6  FLAB3_2RangerCompass_V3$__str_13   LAB3_2RangerCompass_V3

ASxxxx Linker V03.00 + NoICE + sdld,  page 56.

Files Linked                              [ module(s) ]

C:\Users\hoddip\Documents\GitHub\LightTechs\Labs\Lab3\Part2\LAB3_2RangerCompass_V3.rel
                                          [  ]


Libraries Linked                          [ object file ]

C:\Program Files\SDCC\bin\..\lib\small/libint.lib
                                          [ _divuint.rel ]
C:\Program Files\SDCC\bin\..\lib\small/mcs51.lib
                                          [ crtclear.rel ]
C:\Program Files\SDCC\bin\..\lib\small/mcs51.lib
                                          [ crtxinit.rel ]
C:\Program Files\SDCC\bin\..\lib\small/libsdcc.lib
                                          [ _gptrput.rel ]
C:\Program Files\SDCC\bin\..\lib\small/libint.lib
                                          [ _mulint.rel ]
C:\Program Files\SDCC\bin\..\lib\small/libsdcc.lib
                                          [ sprintf.rel ]
C:\Program Files\SDCC\bin\..\lib\small/mcs51.lib
                                          [ crtxclear.rel ]
C:\Program Files\SDCC\bin\..\lib\small/libsdcc.lib
                                          [ _bp.rel ]
C:\Program Files\SDCC\bin\..\lib\small/libsdcc.lib
                                          [ vprintf.rel ]
C:\Program Files\SDCC\bin\..\lib\small/libsdcc.lib
                                          [ printf_large.rel ]
C:\Program Files\SDCC\bin\..\lib\small/libsdcc.lib
                                          [ _strlen.rel ]
C:\Program Files\SDCC\bin\..\lib\small/mcs51.lib
                                          [ crtstart.rel ]
C:\Program Files\SDCC\bin\..\lib\small/libsdcc.lib
                                          [ _gptrget.rel ]
C:\Program Files\SDCC\bin\..\lib\small/libsdcc.lib
                                          [ _startup.rel ]

ASxxxx Linker V03.00 + NoICE + sdld,  page 57.

User Base Address Definitions

HOME = 0x0000
XSEG = 0x0001
PSEG = 0x0001
ISEG = 0x0000
BSEG = 0x0000

